Product: MDK-ARM Professional 5.10
Component: ARM Compiler 5.04 update 1 (build 49)
Tool: armlink [5040049]

==============================================================================

Section Cross References

    main.o(.text) refers to _printf_percent.o(.ARM.Collect$$_printf_percent$$00000000) for _printf_percent
    main.o(.text) refers to _printf_s.o(.ARM.Collect$$_printf_percent$$00000014) for _printf_s
    main.o(.text) refers to _printf_str.o(.text) for _printf_str
    main.o(.text) refers to _printf_d.o(.ARM.Collect$$_printf_percent$$00000009) for _printf_d
    main.o(.text) refers to _printf_dec.o(.text) for _printf_int_dec
    main.o(.text) refers to usart1.o(.text) for USART1_Init
    main.o(.text) refers to key.o(.text) for EXTI_Play_Config
    main.o(.text) refers to ff.o(.text) for f_mount
    main.o(.text) refers to fatfs.o(.text) for ShowAllFile
    main.o(.text) refers to rt_memcpy_w.o(.text) for __aeabi_memcpy4
    main.o(.text) refers to noretval__2sprintf.o(.text) for __2sprintf
    main.o(.text) refers to wavsd.o(.text) for WavPlay
    main.o(.text) refers to stm32f10x_usart.o(.text) for USART_GetITStatus
    main.o(.text) refers to stm32f10x_exti.o(.text) for EXTI_GetITStatus
    main.o(.text) refers to main.o(.data) for PlayIRQBuffer
    main.o(.text) refers to main.o(.bss) for fs
    usart1.o(.text) refers to stm32f10x_usart.o(.text) for USART_ClearFlag
    usart1.o(.text) refers to stm32f10x_rcc.o(.text) for RCC_APB2PeriphClockCmd
    usart1.o(.text) refers to stm32f10x_gpio.o(.text) for GPIO_Init
    usart1.o(.text) refers to misc.o(.text) for NVIC_PriorityGroupConfig
    dac.o(.text) refers to stm32f10x_rcc.o(.text) for RCC_APB1PeriphClockCmd
    dac.o(.text) refers to stm32f10x_tim.o(.text) for TIM_TimeBaseStructInit
    dac.o(.text) refers to stm32f10x_gpio.o(.text) for GPIO_Init
    dac.o(.text) refers to stm32f10x_dac.o(.text) for DAC_Init
    flash.o(.text) refers to _printf_percent.o(.ARM.Collect$$_printf_percent$$00000000) for _printf_percent
    flash.o(.text) refers to _printf_d.o(.ARM.Collect$$_printf_percent$$00000009) for _printf_d
    flash.o(.text) refers to _printf_dec.o(.text) for _printf_int_dec
    flash.o(.text) refers to stm32f10x_flash.o(.text) for FLASH_Unlock
    flash.o(.text) refers to usart1.o(.text) for Serial_PutString
    flash.o(.text) refers to noretval__2sprintf.o(.text) for __2sprintf
    flash.o(.text) refers to flash.o(.data) for NbrOfPage
    sd.o(.text) refers to misc.o(.text) for NVIC_PriorityGroupConfig
    sd.o(.text) refers to stm3210e_eval_sdio_sd.o(.text) for SD_Erase
    sd.o(.text) refers to usart1.o(.text) for Serial_PutString
    sd.o(.text) refers to sd.o(.data) for Status
    sd.o(.text) refers to sd.o(.bss) for Buffer_MultiBlock_Rx
    wavsd.o(.text) refers to _printf_percent.o(.ARM.Collect$$_printf_percent$$00000000) for _printf_percent
    wavsd.o(.text) refers to _printf_d.o(.ARM.Collect$$_printf_percent$$00000009) for _printf_d
    wavsd.o(.text) refers to _printf_dec.o(.text) for _printf_int_dec
    wavsd.o(.text) refers to usart1.o(.text) for Serial_PutString
    wavsd.o(.text) refers to rt_memcpy_w.o(.text) for __aeabi_memcpy4
    wavsd.o(.text) refers to noretval__2sprintf.o(.text) for __2sprintf
    wavsd.o(.text) refers to stm32f10x_rcc.o(.text) for RCC_APB1PeriphClockCmd
    wavsd.o(.text) refers to stm32f10x_tim.o(.text) for TIM_TimeBaseStructInit
    wavsd.o(.text) refers to misc.o(.text) for NVIC_Init
    wavsd.o(.text) refers to sd.o(.text) for NVIC_Configuration
    wavsd.o(.text) refers to ff.o(.text) for f_open
    wavsd.o(.text) refers to dac.o(.text) for DAC1_Init
    wavsd.o(.text) refers to wavsd.o(.bss) for header
    wavsd.o(.text) refers to wavsd.o(.data) for volme
    wavsd.o(.text) refers to stm32f10x_dac.o(.text) for DAC_SetChannel1Data
    wavsd.o(.text) refers to stm32f10x_exti.o(.text) for EXTI_GetITStatus
    wavsd.o(.text) refers to main.o(.data) for Number
    fatfs.o(.text) refers to _printf_percent.o(.ARM.Collect$$_printf_percent$$00000000) for _printf_percent
    fatfs.o(.text) refers to _printf_s.o(.ARM.Collect$$_printf_percent$$00000014) for _printf_s
    fatfs.o(.text) refers to _printf_str.o(.text) for _printf_str
    fatfs.o(.text) refers to _printf_d.o(.ARM.Collect$$_printf_percent$$00000009) for _printf_d
    fatfs.o(.text) refers to _printf_dec.o(.text) for _printf_int_dec
    fatfs.o(.text) refers to noretval__2sprintf.o(.text) for __2sprintf
    fatfs.o(.text) refers to usart1.o(.text) for Serial_PutString
    fatfs.o(.text) refers to ff.o(.text) for f_opendir
    fatfs.o(.text) refers to fatfs.o(.data) for path
    fatfs.o(.text) refers to fatfs.o(.bss) for finfo
    key.o(.text) refers to stm32f10x_rcc.o(.text) for RCC_APB2PeriphClockCmd
    key.o(.text) refers to stm32f10x_gpio.o(.text) for GPIO_Init
    key.o(.text) refers to stm32f10x_exti.o(.text) for EXTI_Init
[...]
    __rt_lib_init_signal_1                   0x08000207   Thumb Code     0  libinit2.o(.ARM.Collect$$libinit$$0000001B)
    __rt_lib_init_stdio_1                    0x08000207   Thumb Code     0  libinit2.o(.ARM.Collect$$libinit$$00000023)
    __rt_lib_init_user_alloc_1               0x08000207   Thumb Code     0  libinit2.o(.ARM.Collect$$libinit$$0000000A)
    __rt_lib_shutdown                        0x08000209   Thumb Code     0  libshutdown.o(.ARM.Collect$$libshutdown$$00000000)
    __rt_lib_shutdown_fp_trap_1              0x0800020b   Thumb Code     0  libshutdown2.o(.ARM.Collect$$libshutdown$$00000006)
    __rt_lib_shutdown_heap_1                 0x0800020b   Thumb Code     0  libshutdown2.o(.ARM.Collect$$libshutdown$$0000000E)
    __rt_lib_shutdown_return                 0x0800020b   Thumb Code     0  libshutdown2.o(.ARM.Collect$$libshutdown$$0000000F)
    __rt_lib_shutdown_signal_1               0x0800020b   Thumb Code     0  libshutdown2.o(.ARM.Collect$$libshutdown$$00000009)
    __rt_lib_shutdown_stdio_1                0x0800020b   Thumb Code     0  libshutdown2.o(.ARM.Collect$$libshutdown$$00000003)
    __rt_lib_shutdown_user_alloc_1           0x0800020b   Thumb Code     0  libshutdown2.o(.ARM.Collect$$libshutdown$$0000000B)
    __rt_exit                                0x0800020d   Thumb Code     0  rtexit.o(.ARM.Collect$$rtexit$$00000000)
    __rt_exit_ls                             0x0800020f   Thumb Code     0  rtexit2.o(.ARM.Collect$$rtexit$$00000003)
    __rt_exit_prels_1                        0x0800020f   Thumb Code     0  rtexit2.o(.ARM.Collect$$rtexit$$00000002)
    __rt_exit_exit                           0x08000213   Thumb Code     0  rtexit2.o(.ARM.Collect$$rtexit$$00000004)
    __rt_entry                               0x08000219   Thumb Code    32  rtx_conf_cm.o(.emb_text)
    rt_set_PSP                               0x0800023d   Thumb Code     6  hal_cm3.o(.emb_text)
    rt_get_PSP                               0x08000243   Thumb Code     6  hal_cm3.o(.emb_text)
    os_set_env                               0x08000249   Thumb Code    24  hal_cm3.o(.emb_text)
    _alloc_box                               0x08000265   Thumb Code    28  hal_cm3.o(.emb_text)
    _free_box                                0x08000285   Thumb Code    28  hal_cm3.o(.emb_text)
    SVC_Handler                              0x080002a5   Thumb Code   108  hal_cm3.o(.emb_text)
    PendSV_Handler                           0x0800031d   Thumb Code    56  hal_cm3.o(.emb_text)
    SysTick_Handler                          0x08000359   Thumb Code     8  hal_cm3.o(.emb_text)
    OS_Tick_Handler                          0x08000361   Thumb Code    12  hal_cm3.o(.emb_text)
    main                                     0x0800036d   Thumb Code   318  main.o(.text)
    USART1_IRQHandler                        0x080004ab   Thumb Code    88  main.o(.text)
    EXTI0_IRQHandler                         0x08000503   Thumb Code    28  main.o(.text)
    USART1_Init                              0x080005a9   Thumb Code   178  usart1.o(.text)
    SerialPutChar                            0x0800065b   Thumb Code    28  usart1.o(.text)
    Serial_PutString                         0x08000677   Thumb Code    22  usart1.o(.text)
    DAC1_Init                                0x08000695   Thumb Code   146  dac.o(.text)
    DAC_Play                                 0x08000727   Thumb Code    14  dac.o(.text)
    NVIC_Configuration                       0x08000739   Thumb Code    40  sd.o(.text)
    eBuffercmp                               0x08000761   Thumb Code    32  sd.o(.text)
    SD_EraseTest                             0x08000781   Thumb Code   112  sd.o(.text)
    Buffercmp                                0x080007f1   Thumb Code    34  sd.o(.text)
    Fill_Buffer                              0x08000813   Thumb Code    24  sd.o(.text)
    SD_SingleBlockTest                       0x0800082b   Thumb Code   150  sd.o(.text)
    SD_MultiBlockTest                        0x080008c1   Thumb Code   152  sd.o(.text)
    SDIO_IRQHandler                          0x08000959   Thumb Code     8  sd.o(.text)
    WAV_Num                                  0x08000a15   Thumb Code    70  wavsd.o(.text)
    WAV_Info                                 0x08000a5b   Thumb Code    34  wavsd.o(.text)
    WavPlayInit                              0x08000a7d   Thumb Code   216  wavsd.o(.text)
    PrintWavHeader                           0x08000b55   Thumb Code   274  wavsd.o(.text)
    Time_Init                                0x08000c67   Thumb Code   108  wavsd.o(.text)
    WavPlay                                  0x08000cd3   Thumb Code   816  wavsd.o(.text)
    TIM3_IRQHandler                          0x08001003   Thumb Code   568  wavsd.o(.text)
    EXTI3_IRQHandler                         0x0800123b   Thumb Code    42  wavsd.o(.text)
    EXTI15_10_IRQHandler                     0x08001265   Thumb Code   504  wavsd.o(.text)
    EXTI9_5_IRQHandler                       0x0800145d   Thumb Code   140  wavsd.o(.text)
    PrintList                                0x08001545   Thumb Code   112  fatfs.o(.text)
    ShowAllFile                              0x080015b5   Thumb Code   194  fatfs.o(.text)
    EXTI_Volume_Config                       0x080016d5   Thumb Code   154  key.o(.text)
    EXTI_PlayOrWait_Config                   0x0800176f   Thumb Code    98  key.o(.text)
    EXTI_Stop_Config                         0x080017d1   Thumb Code   102  key.o(.text)
    EXTI_Play_Config                         0x08001837   Thumb Code    96  key.o(.text)
    EXTI_LastNext_Config                     0x08001897   Thumb Code   138  key.o(.text)
    STM_EVAL_LEDInit                         0x0800192d   Thumb Code    52  stm3210e_eval.o(.text)
    STM_EVAL_LEDOn                           0x08001961   Thumb Code    16  stm3210e_eval.o(.text)
    STM_EVAL_LEDOff                          0x08001971   Thumb Code    16  stm3210e_eval.o(.text)
    STM_EVAL_LEDToggle                       0x08001981   Thumb Code    26  stm3210e_eval.o(.text)
    STM_EVAL_PBInit                          0x0800199b   Thumb Code   146  stm3210e_eval.o(.text)
    STM_EVAL_PBGetState                      0x08001a2d   Thumb Code    22  stm3210e_eval.o(.text)
    STM_EVAL_COMInit                         0x08001a43   Thumb Code   146  stm3210e_eval.o(.text)
    SD_LowLevel_DeInit                       0x08001ad5   Thumb Code    66  stm3210e_eval.o(.text)
    SD_LowLevel_Init                         0x08001b17   Thumb Code    92  stm3210e_eval.o(.text)
    SD_LowLevel_DMA_TxConfig                 0x08001b73   Thumb Code    96  stm3210e_eval.o(.text)
    SD_LowLevel_DMA_RxConfig                 0x08001bd3   Thumb Code    96  stm3210e_eval.o(.text)
    SD_DMAEndOfTransferStatus                0x08001c33   Thumb Code    10  stm3210e_eval.o(.text)
    sFLASH_LowLevel_DeInit                   0x08001c3d   Thumb Code    90  stm3210e_eval.o(.text)
    sFLASH_LowLevel_Init                     0x08001c97   Thumb Code   100  stm3210e_eval.o(.text)
    LM75_LowLevel_Init                       0x08001cfb   Thumb Code   196  stm3210e_eval.o(.text)
    SD_DeInit                                0x08001dc5   Thumb Code     8  stm3210e_eval_sdio_sd.o(.text)
    SD_EnableWideBusOperation                0x0800218b   Thumb Code   164  stm3210e_eval_sdio_sd.o(.text)
    SD_SelectDeselect                        0x0800222f   Thumb Code    48  stm3210e_eval_sdio_sd.o(.text)
    SD_GetCardInfo                           0x0800225f   Thumb Code   742  stm3210e_eval_sdio_sd.o(.text)
    SD_InitializeCards                       0x08002641   Thumb Code   294  stm3210e_eval_sdio_sd.o(.text)
    SD_PowerON                               0x0800280f   Thumb Code   400  stm3210e_eval_sdio_sd.o(.text)
    SD_Init                                  0x0800299f   Thumb Code   124  stm3210e_eval_sdio_sd.o(.text)
    SD_SendStatus                            0x08002a1b   Thumb Code   114  stm3210e_eval_sdio_sd.o(.text)
    SD_Detect                                0x08002a8d   Thumb Code    26  stm3210e_eval_sdio_sd.o(.text)
    SD_GetState                              0x08002aa7   Thumb Code    38  stm3210e_eval_sdio_sd.o(.text)
    SD_GetStatus                             0x08002acd   Thumb Code    30  stm3210e_eval_sdio_sd.o(.text)
    SD_PowerOFF                              0x08002aeb   Thumb Code    14  stm3210e_eval_sdio_sd.o(.text)
    SD_SendSDStatus                          0x08002af9   Thumb Code   368  stm3210e_eval_sdio_sd.o(.text)
    SD_GetCardStatus                         0x08002c69   Thumb Code   156  stm3210e_eval_sdio_sd.o(.text)
    SD_ReadBlock                             0x08002d05   Thumb Code   210  stm3210e_eval_sdio_sd.o(.text)
    SD_ReadMultiBlocks                       0x08002dd7   Thumb Code   262  stm3210e_eval_sdio_sd.o(.text)
    SD_StopTransfer                          0x08002edd   Thumb Code    46  stm3210e_eval_sdio_sd.o(.text)
    SD_WaitReadOperation                     0x08002f0b   Thumb Code   102  stm3210e_eval_sdio_sd.o(.text)
    SD_WriteBlock                            0x08002f71   Thumb Code   208  stm3210e_eval_sdio_sd.o(.text)
    SD_WriteMultiBlocks                      0x08003041   Thumb Code   312  stm3210e_eval_sdio_sd.o(.text)
    SD_WaitWriteOperation                    0x08003179   Thumb Code   102  stm3210e_eval_sdio_sd.o(.text)
    SD_GetTransferState                      0x080031df   Thumb Code    18  stm3210e_eval_sdio_sd.o(.text)
    SD_Erase                                 0x080033a5   Thumb Code   298  stm3210e_eval_sdio_sd.o(.text)
    SD_ProcessIRQSrc                         0x080034cf   Thumb Code   162  stm3210e_eval_sdio_sd.o(.text)
    SD_ProcessDMAIRQ                         0x08003571   Thumb Code    26  stm3210e_eval_sdio_sd.o(.text)
    convert_from_bytes_to_power_of_two       0x0800358b   Thumb Code    18  stm3210e_eval_sdio_sd.o(.text)
    PrintCardType                            0x0800359d   Thumb Code   108  stm3210e_eval_sdio_sd.o(.text)
    clust2sect                               0x0800385d   Thumb Code    26  ff.o(.text)
    get_fat                                  0x08003877   Thumb Code   228  ff.o(.text)
    put_fat                                  0x0800395b   Thumb Code   310  ff.o(.text)
    gen_numname                              0x08003eeb   Thumb Code   190  ff.o(.text)
    f_mount                                  0x08004bdf   Thumb Code    58  ff.o(.text)
    f_open                                   0x08004c19   Thumb Code   368  ff.o(.text)
    f_read                                   0x08004d89   Thumb Code   462  ff.o(.text)
    f_write                                  0x08004f57   Thumb Code   532  ff.o(.text)
    f_sync                                   0x0800516b   Thumb Code   184  ff.o(.text)
    f_close                                  0x08005223   Thumb Code    22  ff.o(.text)
    f_lseek                                  0x08005239   Thumb Code   432  ff.o(.text)
    f_opendir                                0x080053e9   Thumb Code   114  ff.o(.text)
    f_readdir                                0x0800545b   Thumb Code    92  ff.o(.text)
    f_stat                                   0x080054b7   Thumb Code    62  ff.o(.text)
    f_getfree                                0x080054f5   Thumb Code   276  ff.o(.text)
    f_truncate                               0x08005609   Thumb Code   156  ff.o(.text)
    f_unlink                                 0x080056a5   Thumb Code   182  ff.o(.text)
    f_mkdir                                  0x0800575b   Thumb Code   394  ff.o(.text)
    f_chmod                                  0x080058e5   Thumb Code    88  ff.o(.text)
    f_utime                                  0x0800593d   Thumb Code    90  ff.o(.text)
    f_rename                                 0x08005997   Thumb Code   294  ff.o(.text)
    disk_initialize                          0x08005ac1   Thumb Code    42  diskio.o(.text)
    disk_status                              0x08005aeb   Thumb Code    26  diskio.o(.text)
    disk_read                                0x08005b05   Thumb Code    90  diskio.o(.text)
    disk_write                               0x08005b5f   Thumb Code    90  diskio.o(.text)
    disk_ioctl                               0x08005bb9   Thumb Code   128  diskio.o(.text)
    get_fattime                              0x08005c39   Thumb Code     4  diskio.o(.text)
    ff_convert                               0x08005c59   Thumb Code   116  cc936.o(.text)
    ff_wtoupper                              0x08005ccd   Thumb Code    46  cc936.o(.text)
    os_idle_demon                            0x08005d0d   Thumb Code     4  rtx_conf_cm.o(.text)
    os_error                                 0x08005d11   Thumb Code    26  rtx_conf_cm.o(.text)
    __user_perthread_libspace                0x08005d2b   Thumb Code    26  rtx_conf_cm.o(.text)
    _mutex_initialize                        0x08005d45   Thumb Code    34  rtx_conf_cm.o(.text)
    _mutex_acquire                           0x08005d67   Thumb Code    26  rtx_conf_cm.o(.text)
    _mutex_release                           0x08005d81   Thumb Code    22  rtx_conf_cm.o(.text)
    NVIC_PriorityGroupConfig                 0x08005db1   Thumb Code    10  misc.o(.text)
    NVIC_Init                                0x08005dbb   Thumb Code   100  misc.o(.text)
    NVIC_SetVectorTable                      0x08005e1f   Thumb Code    14  misc.o(.text)
    NVIC_SystemLPConfig                      0x08005e2d   Thumb Code    34  misc.o(.text)
    SysTick_CLKSourceConfig                  0x08005e4f   Thumb Code    40  misc.o(.text)
    DAC_DeInit                               0x08005e8d   Thumb Code    22  stm32f10x_dac.o(.text)
    DAC_Init                                 0x08005ea3   Thumb Code    46  stm32f10x_dac.o(.text)
    DAC_StructInit                           0x08005ed1   Thumb Code    12  stm32f10x_dac.o(.text)
    DAC_Cmd                                  0x08005edd   Thumb Code    34  stm32f10x_dac.o(.text)
    DAC_DMACmd                               0x08005eff   Thumb Code    38  stm32f10x_dac.o(.text)
    DAC_SoftwareTriggerCmd                   0x08005f25   Thumb Code    48  stm32f10x_dac.o(.text)
    DAC_DualSoftwareTriggerCmd               0x08005f55   Thumb Code    38  stm32f10x_dac.o(.text)
    DAC_WaveGenerationCmd                    0x08005f7b   Thumb Code    36  stm32f10x_dac.o(.text)
    DAC_SetChannel1Data                      0x08005f9f   Thumb Code    26  stm32f10x_dac.o(.text)
    DAC_SetChannel2Data                      0x08005fb9   Thumb Code    26  stm32f10x_dac.o(.text)
    DAC_SetDualChannelData                   0x08005fd3   Thumb Code    32  stm32f10x_dac.o(.text)
    DAC_GetDataOutputValue                   0x08005ff3   Thumb Code    32  stm32f10x_dac.o(.text)
    DMA_DeInit                               0x08006019   Thumb Code   324  stm32f10x_dma.o(.text)
    DMA_Init                                 0x0800615d   Thumb Code    60  stm32f10x_dma.o(.text)
    DMA_StructInit                           0x08006199   Thumb Code    26  stm32f10x_dma.o(.text)
    DMA_Cmd                                  0x080061b3   Thumb Code    24  stm32f10x_dma.o(.text)
    DMA_ITConfig                             0x080061cb   Thumb Code    18  stm32f10x_dma.o(.text)
    DMA_SetCurrDataCounter                   0x080061dd   Thumb Code     4  stm32f10x_dma.o(.text)
    DMA_GetCurrDataCounter                   0x080061e1   Thumb Code     8  stm32f10x_dma.o(.text)
    DMA_GetFlagStatus                        0x080061e9   Thumb Code    40  stm32f10x_dma.o(.text)
    DMA_ClearFlag                            0x08006211   Thumb Code    22  stm32f10x_dma.o(.text)
    DMA_GetITStatus                          0x08006227   Thumb Code    40  stm32f10x_dma.o(.text)
    DMA_ClearITPendingBit                    0x0800624f   Thumb Code    22  stm32f10x_dma.o(.text)
    EXTI_DeInit                              0x0800626d   Thumb Code    28  stm32f10x_exti.o(.text)
    EXTI_Init                                0x08006289   Thumb Code   142  stm32f10x_exti.o(.text)
    EXTI_StructInit                          0x08006317   Thumb Code    16  stm32f10x_exti.o(.text)
    EXTI_GenerateSWInterrupt                 0x08006327   Thumb Code    16  stm32f10x_exti.o(.text)
    EXTI_GetFlagStatus                       0x08006337   Thumb Code    22  stm32f10x_exti.o(.text)
    EXTI_ClearFlag                           0x0800634d   Thumb Code     8  stm32f10x_exti.o(.text)
    EXTI_GetITStatus                         0x08006355   Thumb Code    34  stm32f10x_exti.o(.text)
    EXTI_ClearITPendingBit                   0x08006377   Thumb Code     8  stm32f10x_exti.o(.text)
    GPIO_DeInit                              0x08006389   Thumb Code   172  stm32f10x_gpio.o(.text)
    GPIO_AFIODeInit                          0x08006435   Thumb Code    20  stm32f10x_gpio.o(.text)
    GPIO_Init                                0x08006449   Thumb Code   278  stm32f10x_gpio.o(.text)
    GPIO_StructInit                          0x0800655f   Thumb Code    16  stm32f10x_gpio.o(.text)
    GPIO_ReadInputDataBit                    0x0800656f   Thumb Code    18  stm32f10x_gpio.o(.text)
    GPIO_ReadInputData                       0x08006581   Thumb Code     8  stm32f10x_gpio.o(.text)
    GPIO_ReadOutputDataBit                   0x08006589   Thumb Code    18  stm32f10x_gpio.o(.text)
    GPIO_ReadOutputData                      0x0800659b   Thumb Code     8  stm32f10x_gpio.o(.text)
    GPIO_SetBits                             0x080065a3   Thumb Code     4  stm32f10x_gpio.o(.text)
    GPIO_ResetBits                           0x080065a7   Thumb Code     4  stm32f10x_gpio.o(.text)
    GPIO_WriteBit                            0x080065ab   Thumb Code    10  stm32f10x_gpio.o(.text)
    GPIO_Write                               0x080065b5   Thumb Code     4  stm32f10x_gpio.o(.text)
    GPIO_PinLockConfig                       0x080065b9   Thumb Code    18  stm32f10x_gpio.o(.text)
    GPIO_EventOutputConfig                   0x080065cb   Thumb Code    26  stm32f10x_gpio.o(.text)
    GPIO_EventOutputCmd                      0x080065e5   Thumb Code     6  stm32f10x_gpio.o(.text)
    GPIO_PinRemapConfig                      0x080065eb   Thumb Code   138  stm32f10x_gpio.o(.text)
    GPIO_EXTILineConfig                      0x08006675   Thumb Code    66  stm32f10x_gpio.o(.text)
    GPIO_ETH_MediaInterfaceConfig            0x080066b7   Thumb Code     8  stm32f10x_gpio.o(.text)
    RCC_DeInit                               0x080066e5   Thumb Code    64  stm32f10x_rcc.o(.text)
    RCC_HSEConfig                            0x08006725   Thumb Code    70  stm32f10x_rcc.o(.text)
    RCC_GetFlagStatus                        0x0800676b   Thumb Code    56  stm32f10x_rcc.o(.text)
    RCC_WaitForHSEStartUp                    0x080067a3   Thumb Code    56  stm32f10x_rcc.o(.text)
    RCC_AdjustHSICalibrationValue            0x080067db   Thumb Code    20  stm32f10x_rcc.o(.text)
    RCC_HSICmd                               0x080067ef   Thumb Code     6  stm32f10x_rcc.o(.text)
    RCC_PLLConfig                            0x080067f5   Thumb Code    24  stm32f10x_rcc.o(.text)
    RCC_PLLCmd                               0x0800680d   Thumb Code     6  stm32f10x_rcc.o(.text)
    RCC_SYSCLKConfig                         0x08006813   Thumb Code    18  stm32f10x_rcc.o(.text)
    RCC_GetSYSCLKSource                      0x08006825   Thumb Code    10  stm32f10x_rcc.o(.text)
    RCC_HCLKConfig                           0x0800682f   Thumb Code    18  stm32f10x_rcc.o(.text)
    RCC_PCLK1Config                          0x08006841   Thumb Code    18  stm32f10x_rcc.o(.text)
    RCC_PCLK2Config                          0x08006853   Thumb Code    20  stm32f10x_rcc.o(.text)
    RCC_ITConfig                             0x08006867   Thumb Code    26  stm32f10x_rcc.o(.text)
    RCC_USBCLKConfig                         0x08006881   Thumb Code     8  stm32f10x_rcc.o(.text)
    RCC_ADCCLKConfig                         0x08006889   Thumb Code    18  stm32f10x_rcc.o(.text)
    RCC_LSEConfig                            0x0800689b   Thumb Code    50  stm32f10x_rcc.o(.text)
    RCC_LSICmd                               0x080068cd   Thumb Code     6  stm32f10x_rcc.o(.text)
    RCC_RTCCLKConfig                         0x080068d3   Thumb Code    12  stm32f10x_rcc.o(.text)
    RCC_RTCCLKCmd                            0x080068df   Thumb Code     8  stm32f10x_rcc.o(.text)
    RCC_GetClocksFreq                        0x080068e7   Thumb Code   192  stm32f10x_rcc.o(.text)
    RCC_AHBPeriphClockCmd                    0x080069a7   Thumb Code    26  stm32f10x_rcc.o(.text)
    RCC_APB2PeriphClockCmd                   0x080069c1   Thumb Code    26  stm32f10x_rcc.o(.text)
    RCC_APB1PeriphClockCmd                   0x080069db   Thumb Code    26  stm32f10x_rcc.o(.text)
    RCC_APB2PeriphResetCmd                   0x080069f5   Thumb Code    26  stm32f10x_rcc.o(.text)
    RCC_APB1PeriphResetCmd                   0x08006a0f   Thumb Code    26  stm32f10x_rcc.o(.text)
    RCC_BackupResetCmd                       0x08006a29   Thumb Code     8  stm32f10x_rcc.o(.text)
    RCC_ClockSecuritySystemCmd               0x08006a31   Thumb Code     6  stm32f10x_rcc.o(.text)
    RCC_MCOConfig                            0x08006a37   Thumb Code     6  stm32f10x_rcc.o(.text)
    RCC_ClearFlag                            0x08006a3d   Thumb Code    14  stm32f10x_rcc.o(.text)
    RCC_GetITStatus                          0x08006a4b   Thumb Code    20  stm32f10x_rcc.o(.text)
    RCC_ClearITPendingBit                    0x08006a5f   Thumb Code     6  stm32f10x_rcc.o(.text)
    SDIO_DeInit                              0x08006a89   Thumb Code    28  stm32f10x_sdio.o(.text)
    SDIO_Init                                0x08006aa5   Thumb Code    42  stm32f10x_sdio.o(.text)
    SDIO_StructInit                          0x08006acf   Thumb Code    16  stm32f10x_sdio.o(.text)
    SDIO_ClockCmd                            0x08006adf   Thumb Code     6  stm32f10x_sdio.o(.text)
    SDIO_SetPowerState                       0x08006ae5   Thumb Code    22  stm32f10x_sdio.o(.text)
    SDIO_GetPowerState                       0x08006afb   Thumb Code    10  stm32f10x_sdio.o(.text)
    SDIO_ITConfig                            0x08006b05   Thumb Code    26  stm32f10x_sdio.o(.text)
    SDIO_DMACmd                              0x08006b1f   Thumb Code     6  stm32f10x_sdio.o(.text)
    SDIO_SendCommand                         0x08006b25   Thumb Code    38  stm32f10x_sdio.o(.text)
    SDIO_CmdStructInit                       0x08006b4b   Thumb Code    14  stm32f10x_sdio.o(.text)
    SDIO_GetCommandResponse                  0x08006b59   Thumb Code     8  stm32f10x_sdio.o(.text)
    SDIO_GetResponse                         0x08006b61   Thumb Code    22  stm32f10x_sdio.o(.text)
    SDIO_DataConfig                          0x08006b77   Thumb Code    42  stm32f10x_sdio.o(.text)
    SDIO_DataStructInit                      0x08006ba1   Thumb Code    20  stm32f10x_sdio.o(.text)
    SDIO_GetDataCounter                      0x08006bb5   Thumb Code     6  stm32f10x_sdio.o(.text)
    SDIO_ReadData                            0x08006bbb   Thumb Code     8  stm32f10x_sdio.o(.text)
    SDIO_WriteData                           0x08006bc3   Thumb Code     8  stm32f10x_sdio.o(.text)
    SDIO_GetFIFOCount                        0x08006bcb   Thumb Code     6  stm32f10x_sdio.o(.text)
    SDIO_StartSDIOReadWait                   0x08006bd1   Thumb Code     8  stm32f10x_sdio.o(.text)
    SDIO_StopSDIOReadWait                    0x08006bd9   Thumb Code     8  stm32f10x_sdio.o(.text)
    SDIO_SetSDIOReadWaitMode                 0x08006be1   Thumb Code     8  stm32f10x_sdio.o(.text)
    SDIO_SetSDIOOperation                    0x08006be9   Thumb Code     8  stm32f10x_sdio.o(.text)
    SDIO_SendSDIOSuspendCmd                  0x08006bf1   Thumb Code     6  stm32f10x_sdio.o(.text)
    SDIO_CommandCompletionCmd                0x08006bf7   Thumb Code     8  stm32f10x_sdio.o(.text)
    SDIO_CEATAITCmd                          0x08006bff   Thumb Code    12  stm32f10x_sdio.o(.text)
    SDIO_SendCEATACmd                        0x08006c0b   Thumb Code     8  stm32f10x_sdio.o(.text)
    SDIO_GetFlagStatus                       0x08006c13   Thumb Code    20  stm32f10x_sdio.o(.text)
    SDIO_ClearFlag                           0x08006c27   Thumb Code     6  stm32f10x_sdio.o(.text)
    SDIO_GetITStatus                         0x08006c2d   Thumb Code    20  stm32f10x_sdio.o(.text)
    SDIO_ClearITPendingBit                   0x08006c41   Thumb Code     6  stm32f10x_sdio.o(.text)
    SPI_I2S_DeInit                           0x08006c5d   Thumb Code    76  stm32f10x_spi.o(.text)
    SPI_Init                                 0x08006ca9   Thumb Code    60  stm32f10x_spi.o(.text)
    I2S_Init                                 0x08006ce5   Thumb Code   226  stm32f10x_spi.o(.text)
    SPI_StructInit                           0x08006dc7   Thumb Code    24  stm32f10x_spi.o(.text)
    I2S_StructInit                           0x08006ddf   Thumb Code    20  stm32f10x_spi.o(.text)
    SPI_Cmd                                  0x08006df3   Thumb Code    24  stm32f10x_spi.o(.text)
    I2S_Cmd                                  0x08006e0b   Thumb Code    24  stm32f10x_spi.o(.text)
    SPI_I2S_ITConfig                         0x08006e23   Thumb Code    32  stm32f10x_spi.o(.text)
    SPI_I2S_DMACmd                           0x08006e43   Thumb Code    18  stm32f10x_spi.o(.text)
    SPI_I2S_SendData                         0x08006e55   Thumb Code     4  stm32f10x_spi.o(.text)
    SPI_I2S_ReceiveData                      0x08006e59   Thumb Code     6  stm32f10x_spi.o(.text)
    SPI_NSSInternalSoftwareConfig            0x08006e5f   Thumb Code    30  stm32f10x_spi.o(.text)
    SPI_SSOutputCmd                          0x08006e7d   Thumb Code    24  stm32f10x_spi.o(.text)
    SPI_DataSizeConfig                       0x08006e95   Thumb Code    18  stm32f10x_spi.o(.text)
    SPI_TransmitCRC                          0x08006ea7   Thumb Code    10  stm32f10x_spi.o(.text)
    SPI_CalculateCRC                         0x08006eb1   Thumb Code    24  stm32f10x_spi.o(.text)
    SPI_GetCRC                               0x08006ec9   Thumb Code    16  stm32f10x_spi.o(.text)
    SPI_GetCRCPolynomial                     0x08006ed9   Thumb Code     6  stm32f10x_spi.o(.text)
    SPI_BiDirectionalLineConfig              0x08006edf   Thumb Code    28  stm32f10x_spi.o(.text)
    SPI_I2S_GetFlagStatus                    0x08006efb   Thumb Code    18  stm32f10x_spi.o(.text)
    SPI_I2S_ClearFlag                        0x08006f0d   Thumb Code     6  stm32f10x_spi.o(.text)
    SPI_I2S_GetITStatus                      0x08006f13   Thumb Code    52  stm32f10x_spi.o(.text)
    SPI_I2S_ClearITPendingBit                0x08006f47   Thumb Code    20  stm32f10x_spi.o(.text)
    TIM_DeInit                               0x08006f69   Thumb Code   424  stm32f10x_tim.o(.text)
    TIM_TimeBaseInit                         0x08007111   Thumb Code   122  stm32f10x_tim.o(.text)
    TIM_OC1Init                              0x0800718b   Thumb Code   132  stm32f10x_tim.o(.text)
    TIM_OC2Init                              0x0800720f   Thumb Code   154  stm32f10x_tim.o(.text)
    TIM_OC3Init                              0x080072a9   Thumb Code   150  stm32f10x_tim.o(.text)
    TIM_OC4Init                              0x0800733f   Thumb Code   182  stm32f10x_tim.o(.text)
    TIM_SetIC4Prescaler                      0x080073f5   Thumb Code    26  stm32f10x_tim.o(.text)
    TIM_SetIC3Prescaler                      0x08007491   Thumb Code    18  stm32f10x_tim.o(.text)
    TIM_SetIC2Prescaler                      0x0800751d   Thumb Code    26  stm32f10x_tim.o(.text)
    TIM_SetIC1Prescaler                      0x080075b9   Thumb Code    18  stm32f10x_tim.o(.text)
    TIM_ICInit                               0x08007637   Thumb Code   150  stm32f10x_tim.o(.text)
    TIM_PWMIConfig                           0x080076cd   Thumb Code   124  stm32f10x_tim.o(.text)
    TIM_BDTRConfig                           0x08007749   Thumb Code    32  stm32f10x_tim.o(.text)
    TIM_TimeBaseStructInit                   0x08007769   Thumb Code    18  stm32f10x_tim.o(.text)
    TIM_OCStructInit                         0x0800777b   Thumb Code    20  stm32f10x_tim.o(.text)
    TIM_ICStructInit                         0x0800778f   Thumb Code    18  stm32f10x_tim.o(.text)
    TIM_BDTRStructInit                       0x080077a1   Thumb Code    40  stm32f10x_tim.o(.text)
    TIM_Cmd                                  0x080077c9   Thumb Code    24  stm32f10x_tim.o(.text)
    TIM_CtrlPWMOutputs                       0x080077e1   Thumb Code    30  stm32f10x_tim.o(.text)
    TIM_ITConfig                             0x080077ff   Thumb Code    18  stm32f10x_tim.o(.text)
    TIM_GenerateEvent                        0x08007811   Thumb Code     4  stm32f10x_tim.o(.text)
    TIM_DMAConfig                            0x08007815   Thumb Code    10  stm32f10x_tim.o(.text)
    TIM_DMACmd                               0x0800781f   Thumb Code    18  stm32f10x_tim.o(.text)
    TIM_InternalClockConfig                  0x08007831   Thumb Code    12  stm32f10x_tim.o(.text)
    TIM_SelectInputTrigger                   0x0800783d   Thumb Code    18  stm32f10x_tim.o(.text)
    TIM_ITRxExternalClockConfig              0x0800784f   Thumb Code    24  stm32f10x_tim.o(.text)
    TIM_TIxExternalClockConfig               0x08007867   Thumb Code    62  stm32f10x_tim.o(.text)
    TIM_ETRConfig                            0x080078a5   Thumb Code    28  stm32f10x_tim.o(.text)
    TIM_ETRClockMode1Config                  0x080078c1   Thumb Code    54  stm32f10x_tim.o(.text)
    TIM_ETRClockMode2Config                  0x080078f7   Thumb Code    32  stm32f10x_tim.o(.text)
    TIM_PrescalerConfig                      0x08007917   Thumb Code     6  stm32f10x_tim.o(.text)
    TIM_CounterModeConfig                    0x0800791d   Thumb Code    18  stm32f10x_tim.o(.text)
    TIM_EncoderInterfaceConfig               0x0800792f   Thumb Code    66  stm32f10x_tim.o(.text)
    TIM_ForcedOC1Config                      0x08007971   Thumb Code    18  stm32f10x_tim.o(.text)
    TIM_ForcedOC2Config                      0x08007983   Thumb Code    26  stm32f10x_tim.o(.text)
    TIM_ForcedOC3Config                      0x0800799d   Thumb Code    18  stm32f10x_tim.o(.text)
    TIM_ForcedOC4Config                      0x080079af   Thumb Code    26  stm32f10x_tim.o(.text)
    TIM_ARRPreloadConfig                     0x080079c9   Thumb Code    24  stm32f10x_tim.o(.text)
    TIM_SelectCOM                            0x080079e1   Thumb Code    24  stm32f10x_tim.o(.text)
    TIM_SelectCCDMA                          0x080079f9   Thumb Code    24  stm32f10x_tim.o(.text)
    TIM_CCPreloadControl                     0x08007a11   Thumb Code    24  stm32f10x_tim.o(.text)
    TIM_OC1PreloadConfig                     0x08007a29   Thumb Code    18  stm32f10x_tim.o(.text)
    TIM_OC2PreloadConfig                     0x08007a3b   Thumb Code    26  stm32f10x_tim.o(.text)
    TIM_OC3PreloadConfig                     0x08007a55   Thumb Code    18  stm32f10x_tim.o(.text)
    TIM_OC4PreloadConfig                     0x08007a67   Thumb Code    26  stm32f10x_tim.o(.text)
    TIM_OC1FastConfig                        0x08007a81   Thumb Code    18  stm32f10x_tim.o(.text)
    TIM_OC2FastConfig                        0x08007a93   Thumb Code    26  stm32f10x_tim.o(.text)
    TIM_OC3FastConfig                        0x08007aad   Thumb Code    18  stm32f10x_tim.o(.text)
    TIM_OC4FastConfig                        0x08007abf   Thumb Code    26  stm32f10x_tim.o(.text)
    TIM_ClearOC1Ref                          0x08007ad9   Thumb Code    18  stm32f10x_tim.o(.text)
    TIM_ClearOC2Ref                          0x08007aeb   Thumb Code    24  stm32f10x_tim.o(.text)
    TIM_ClearOC3Ref                          0x08007b03   Thumb Code    18  stm32f10x_tim.o(.text)
    TIM_ClearOC4Ref                          0x08007b15   Thumb Code    24  stm32f10x_tim.o(.text)
    TIM_OC1PolarityConfig                    0x08007b2d   Thumb Code    18  stm32f10x_tim.o(.text)
    TIM_OC1NPolarityConfig                   0x08007b3f   Thumb Code    18  stm32f10x_tim.o(.text)
    TIM_OC2PolarityConfig                    0x08007b51   Thumb Code    26  stm32f10x_tim.o(.text)
    TIM_OC2NPolarityConfig                   0x08007b6b   Thumb Code    26  stm32f10x_tim.o(.text)
    TIM_OC3PolarityConfig                    0x08007b85   Thumb Code    26  stm32f10x_tim.o(.text)
    TIM_OC3NPolarityConfig                   0x08007b9f   Thumb Code    26  stm32f10x_tim.o(.text)
    TIM_OC4PolarityConfig                    0x08007bb9   Thumb Code    26  stm32f10x_tim.o(.text)
    TIM_CCxCmd                               0x08007bd3   Thumb Code    30  stm32f10x_tim.o(.text)
    TIM_CCxNCmd                              0x08007bf1   Thumb Code    30  stm32f10x_tim.o(.text)
    TIM_SelectOCxM                           0x08007c0f   Thumb Code    82  stm32f10x_tim.o(.text)
    TIM_UpdateDisableConfig                  0x08007c61   Thumb Code    24  stm32f10x_tim.o(.text)
    TIM_UpdateRequestConfig                  0x08007c79   Thumb Code    24  stm32f10x_tim.o(.text)
    TIM_SelectHallSensor                     0x08007c91   Thumb Code    24  stm32f10x_tim.o(.text)
    TIM_SelectOnePulseMode                   0x08007ca9   Thumb Code    18  stm32f10x_tim.o(.text)
    TIM_SelectOutputTrigger                  0x08007cbb   Thumb Code    18  stm32f10x_tim.o(.text)
    TIM_SelectSlaveMode                      0x08007ccd   Thumb Code    18  stm32f10x_tim.o(.text)
    TIM_SelectMasterSlaveMode                0x08007cdf   Thumb Code    18  stm32f10x_tim.o(.text)
    TIM_SetCounter                           0x08007cf1   Thumb Code     4  stm32f10x_tim.o(.text)
    TIM_SetAutoreload                        0x08007cf5   Thumb Code     4  stm32f10x_tim.o(.text)
    TIM_SetCompare1                          0x08007cf9   Thumb Code     4  stm32f10x_tim.o(.text)
    TIM_SetCompare2                          0x08007cfd   Thumb Code     4  stm32f10x_tim.o(.text)
    TIM_SetCompare3                          0x08007d01   Thumb Code     4  stm32f10x_tim.o(.text)
    TIM_SetCompare4                          0x08007d05   Thumb Code     6  stm32f10x_tim.o(.text)
    TIM_SetClockDivision                     0x08007d0b   Thumb Code    18  stm32f10x_tim.o(.text)
    TIM_GetCapture1                          0x08007d1d   Thumb Code     6  stm32f10x_tim.o(.text)
    TIM_GetCapture2                          0x08007d23   Thumb Code     6  stm32f10x_tim.o(.text)
    TIM_GetCapture3                          0x08007d29   Thumb Code     6  stm32f10x_tim.o(.text)
    TIM_GetCapture4                          0x08007d2f   Thumb Code     8  stm32f10x_tim.o(.text)
    TIM_GetCounter                           0x08007d37   Thumb Code     6  stm32f10x_tim.o(.text)
    TIM_GetPrescaler                         0x08007d3d   Thumb Code     6  stm32f10x_tim.o(.text)
    TIM_GetFlagStatus                        0x08007d43   Thumb Code    18  stm32f10x_tim.o(.text)
    TIM_ClearFlag                            0x08007d55   Thumb Code     6  stm32f10x_tim.o(.text)
    TIM_GetITStatus                          0x08007d5b   Thumb Code    34  stm32f10x_tim.o(.text)
    TIM_ClearITPendingBit                    0x08007d7d   Thumb Code     6  stm32f10x_tim.o(.text)
    USART_DeInit                             0x08007d85   Thumb Code   134  stm32f10x_usart.o(.text)
    USART_Init                               0x08007e0b   Thumb Code   210  stm32f10x_usart.o(.text)
    USART_StructInit                         0x08007edd   Thumb Code    24  stm32f10x_usart.o(.text)
    USART_ClockInit                          0x08007ef5   Thumb Code    34  stm32f10x_usart.o(.text)
    USART_ClockStructInit                    0x08007f17   Thumb Code    12  stm32f10x_usart.o(.text)
    USART_Cmd                                0x08007f23   Thumb Code    24  stm32f10x_usart.o(.text)
    USART_ITConfig                           0x08007f3b   Thumb Code    74  stm32f10x_usart.o(.text)
    USART_DMACmd                             0x08007f85   Thumb Code    18  stm32f10x_usart.o(.text)
    USART_SetAddress                         0x08007f97   Thumb Code    18  stm32f10x_usart.o(.text)
    USART_WakeUpConfig                       0x08007fa9   Thumb Code    18  stm32f10x_usart.o(.text)
    USART_ReceiverWakeUpCmd                  0x08007fbb   Thumb Code    24  stm32f10x_usart.o(.text)
    USART_LINBreakDetectLengthConfig         0x08007fd3   Thumb Code    18  stm32f10x_usart.o(.text)
    USART_LINCmd                             0x08007fe5   Thumb Code    24  stm32f10x_usart.o(.text)
    USART_SendData                           0x08007ffd   Thumb Code     8  stm32f10x_usart.o(.text)
    USART_ReceiveData                        0x08008005   Thumb Code    10  stm32f10x_usart.o(.text)
    USART_SendBreak                          0x0800800f   Thumb Code    10  stm32f10x_usart.o(.text)
    USART_SetGuardTime                       0x08008019   Thumb Code    16  stm32f10x_usart.o(.text)
    USART_SetPrescaler                       0x08008029   Thumb Code    16  stm32f10x_usart.o(.text)
    USART_SmartCardCmd                       0x08008039   Thumb Code    24  stm32f10x_usart.o(.text)
    USART_SmartCardNACKCmd                   0x08008051   Thumb Code    24  stm32f10x_usart.o(.text)
    USART_HalfDuplexCmd                      0x08008069   Thumb Code    24  stm32f10x_usart.o(.text)
    USART_OverSampling8Cmd                   0x08008081   Thumb Code    22  stm32f10x_usart.o(.text)
    USART_OneBitMethodCmd                    0x08008097   Thumb Code    24  stm32f10x_usart.o(.text)
    USART_IrDAConfig                         0x080080af   Thumb Code    18  stm32f10x_usart.o(.text)
    USART_IrDACmd                            0x080080c1   Thumb Code    24  stm32f10x_usart.o(.text)
    USART_GetFlagStatus                      0x080080d9   Thumb Code    26  stm32f10x_usart.o(.text)
    USART_ClearFlag                          0x080080f3   Thumb Code    18  stm32f10x_usart.o(.text)
    USART_GetITStatus                        0x08008105   Thumb Code    84  stm32f10x_usart.o(.text)
    USART_ClearITPendingBit                  0x08008159   Thumb Code    52  stm32f10x_usart.o(.text)
    Reset_Handler                            0x0800818d   Thumb Code     8  startup_stm32f10x_hd.o(.text)
    NMI_Handler                              0x08008195   Thumb Code     2  startup_stm32f10x_hd.o(.text)
    HardFault_Handler                        0x08008197   Thumb Code     2  startup_stm32f10x_hd.o(.text)
    MemManage_Handler                        0x08008199   Thumb Code     2  startup_stm32f10x_hd.o(.text)
    BusFault_Handler                         0x0800819b   Thumb Code     2  startup_stm32f10x_hd.o(.text)
    UsageFault_Handler                       0x0800819d   Thumb Code     2  startup_stm32f10x_hd.o(.text)
    DebugMon_Handler                         0x080081a1   Thumb Code     2  startup_stm32f10x_hd.o(.text)
    ADC1_2_IRQHandler                        0x080081a7   Thumb Code     0  startup_stm32f10x_hd.o(.text)
    ADC3_IRQHandler                          0x080081a7   Thumb Code     0  startup_stm32f10x_hd.o(.text)
    CAN1_RX1_IRQHandler                      0x080081a7   Thumb Code     0  startup_stm32f10x_hd.o(.text)
    CAN1_SCE_IRQHandler                      0x080081a7   Thumb Code     0  startup_stm32f10x_hd.o(.text)
    DMA1_Channel1_IRQHandler                 0x080081a7   Thumb Code     0  startup_stm32f10x_hd.o(.text)
    DMA1_Channel2_IRQHandler                 0x080081a7   Thumb Code     0  startup_stm32f10x_hd.o(.text)
    DMA1_Channel3_IRQHandler                 0x080081a7   Thumb Code     0  startup_stm32f10x_hd.o(.text)
    DMA1_Channel4_IRQHandler                 0x080081a7   Thumb Code     0  startup_stm32f10x_hd.o(.text)
    DMA1_Channel5_IRQHandler                 0x080081a7   Thumb Code     0  startup_stm32f10x_hd.o(.text)
    DMA1_Channel6_IRQHandler                 0x080081a7   Thumb Code     0  startup_stm32f10x_hd.o(.text)
    DMA1_Channel7_IRQHandler                 0x080081a7   Thumb Code     0  startup_stm32f10x_hd.o(.text)
    DMA2_Channel1_IRQHandler                 0x080081a7   Thumb Code     0  startup_stm32f10x_hd.o(.text)
    DMA2_Channel2_IRQHandler                 0x080081a7   Thumb Code     0  startup_stm32f10x_hd.o(.text)
    DMA2_Channel3_IRQHandler                 0x080081a7   Thumb Code     0  startup_stm32f10x_hd.o(.text)
    DMA2_Channel4_5_IRQHandler               0x080081a7   Thumb Code     0  startup_stm32f10x_hd.o(.text)
    EXTI1_IRQHandler                         0x080081a7   Thumb Code     0  startup_stm32f10x_hd.o(.text)
    EXTI2_IRQHandler                         0x080081a7   Thumb Code     0  startup_stm32f10x_hd.o(.text)
    EXTI4_IRQHandler                         0x080081a7   Thumb Code     0  startup_stm32f10x_hd.o(.text)
    FLASH_IRQHandler                         0x080081a7   Thumb Code     0  startup_stm32f10x_hd.o(.text)
    FSMC_IRQHandler                          0x080081a7   Thumb Code     0  startup_stm32f10x_hd.o(.text)
    I2C1_ER_IRQHandler                       0x080081a7   Thumb Code     0  startup_stm32f10x_hd.o(.text)
    I2C1_EV_IRQHandler                       0x080081a7   Thumb Code     0  startup_stm32f10x_hd.o(.text)
    I2C2_ER_IRQHandler                       0x080081a7   Thumb Code     0  startup_stm32f10x_hd.o(.text)
    I2C2_EV_IRQHandler                       0x080081a7   Thumb Code     0  startup_stm32f10x_hd.o(.text)
    PVD_IRQHandler                           0x080081a7   Thumb Code     0  startup_stm32f10x_hd.o(.text)
    RCC_IRQHandler                           0x080081a7   Thumb Code     0  startup_stm32f10x_hd.o(.text)
    RTCAlarm_IRQHandler                      0x080081a7   Thumb Code     0  startup_stm32f10x_hd.o(.text)
    RTC_IRQHandler                           0x080081a7   Thumb Code     0  startup_stm32f10x_hd.o(.text)
    SPI1_IRQHandler                          0x080081a7   Thumb Code     0  startup_stm32f10x_hd.o(.text)
    SPI2_IRQHandler                          0x080081a7   Thumb Code     0  startup_stm32f10x_hd.o(.text)
    SPI3_IRQHandler                          0x080081a7   Thumb Code     0  startup_stm32f10x_hd.o(.text)
    TAMPER_IRQHandler                        0x080081a7   Thumb Code     0  startup_stm32f10x_hd.o(.text)
    TIM1_BRK_IRQHandler                      0x080081a7   Thumb Code     0  startup_stm32f10x_hd.o(.text)
    TIM1_CC_IRQHandler                       0x080081a7   Thumb Code     0  startup_stm32f10x_hd.o(.text)
    TIM1_TRG_COM_IRQHandler                  0x080081a7   Thumb Code     0  startup_stm32f10x_hd.o(.text)
    TIM1_UP_IRQHandler                       0x080081a7   Thumb Code     0  startup_stm32f10x_hd.o(.text)
    TIM2_IRQHandler                          0x080081a7   Thumb Code     0  startup_stm32f10x_hd.o(.text)
    TIM4_IRQHandler                          0x080081a7   Thumb Code     0  startup_stm32f10x_hd.o(.text)
    TIM5_IRQHandler                          0x080081a7   Thumb Code     0  startup_stm32f10x_hd.o(.text)
    TIM6_IRQHandler                          0x080081a7   Thumb Code     0  startup_stm32f10x_hd.o(.text)
    TIM7_IRQHandler                          0x080081a7   Thumb Code     0  startup_stm32f10x_hd.o(.text)
    TIM8_BRK_IRQHandler                      0x080081a7   Thumb Code     0  startup_stm32f10x_hd.o(.text)
    TIM8_CC_IRQHandler                       0x080081a7   Thumb Code     0  startup_stm32f10x_hd.o(.text)
    TIM8_TRG_COM_IRQHandler                  0x080081a7   Thumb Code     0  startup_stm32f10x_hd.o(.text)
    TIM8_UP_IRQHandler                       0x080081a7   Thumb Code     0  startup_stm32f10x_hd.o(.text)
    UART4_IRQHandler                         0x080081a7   Thumb Code     0  startup_stm32f10x_hd.o(.text)
    UART5_IRQHandler                         0x080081a7   Thumb Code     0  startup_stm32f10x_hd.o(.text)
    USART2_IRQHandler                        0x080081a7   Thumb Code     0  startup_stm32f10x_hd.o(.text)
    USART3_IRQHandler                        0x080081a7   Thumb Code     0  startup_stm32f10x_hd.o(.text)
    USBWakeUp_IRQHandler                     0x080081a7   Thumb Code     0  startup_stm32f10x_hd.o(.text)
    USB_HP_CAN1_TX_IRQHandler                0x080081a7   Thumb Code     0  startup_stm32f10x_hd.o(.text)
    USB_LP_CAN1_RX0_IRQHandler               0x080081a7   Thumb Code     0  startup_stm32f10x_hd.o(.text)
    WWDG_IRQHandler                          0x080081a7   Thumb Code     0  startup_stm32f10x_hd.o(.text)
    __user_initial_stackheap                 0x080081a9   Thumb Code     0  startup_stm32f10x_hd.o(.text)
    SystemInit                               0x080082ab   Thumb Code    78  system_stm32f10x.o(.text)
    SystemCoreClockUpdate                    0x080082f9   Thumb Code   142  system_stm32f10x.o(.text)
    __user_libspace                          0x080083ad   Thumb Code     8  libspace.o(.text)
    __user_perproc_libspace                  0x080083ad   Thumb Code     0  libspace.o(.text)
    __user_setup_stackheap                   0x080083b5   Thumb Code    74  sys_stackheap_outer.o(.text)
    __aeabi_uldivmod                         0x080083ff   Thumb Code     0  lludivv7m.o(.text)
    _ll_udiv                                 0x080083ff   Thumb Code   238  lludivv7m.o(.text)
    __2sprintf                               0x080084ed   Thumb Code    34  noretval__2sprintf.o(.text)
    _printf_str                              0x08008515   Thumb Code    82  _printf_str.o(.text)
    _printf_int_dec                          0x08008569   Thumb Code   100  _printf_dec.o(.text)
    _printf_longlong_dec                     0x080085dd   Thumb Code   104  _printf_longlong_dec.o(.text)
    __printf                                 0x08008655   Thumb Code   184  __printf_ss.o(.text)
    exit                                     0x0800870d   Thumb Code    12  exit.o(.text)
    __aeabi_memcpy4                          0x08008719   Thumb Code     0  rt_memcpy_w.o(.text)
    __aeabi_memcpy8                          0x08008719   Thumb Code     0  rt_memcpy_w.o(.text)
    __rt_memcpy_w                            0x08008719   Thumb Code   100  rt_memcpy_w.o(.text)
    _memcpy_lastbytes_aligned                0x08008761   Thumb Code     0  rt_memcpy_w.o(.text)
    __use_two_region_memory                  0x0800877d   Thumb Code     2  heapauxi.o(.text)
    __rt_heap_escrow$2region                 0x0800877f   Thumb Code     2  heapauxi.o(.text)
    __rt_heap_expand$2region                 0x08008781   Thumb Code     2  heapauxi.o(.text)
    _ll_udiv10                               0x08008783   Thumb Code   138  lludiv10.o(.text)
    _printf_int_common                       0x0800880d   Thumb Code   178  _printf_intcommon.o(.text)
    _printf_char_common                      0x080088cb   Thumb Code    32  _printf_char_common.o(.text)
    _sputc                                   0x080088f1   Thumb Code    10  _sputc.o(.text)
    _printf_cs_common                        0x080088fb   Thumb Code    20  _printf_char.o(.text)
    _printf_char                             0x0800890f   Thumb Code    16  _printf_char.o(.text)
    _printf_string                           0x0800891f   Thumb Code     8  _printf_char.o(.text)
    _sys_exit                                0x08008929   Thumb Code     8  sys_exit.o(.text)
    __I$use$semihosting                      0x08008935   Thumb Code     0  use_no_semi.o(.text)
    __use_no_semihosting_swi                 0x08008935   Thumb Code     2  use_no_semi.o(.text)
    __semihosting_library_function           0x08008937   Thumb Code     0  indicate_semi.o(.text)
    SVC_Count                                0x08008938   Data           4  svc_table.o(SVC_TABLE)
    SVC_Table                                0x0800893c   Data           0  svc_table.o(SVC_TABLE)
    _init_box                                0x0800893d   Thumb Code    70  rt_membox.o(i._init_box)
    dbg_init                                 0x08008985   Thumb Code    34  hal_cm.o(i.dbg_init)
    dbg_task_notify                          0x080089b5   Thumb Code    32  hal_cm.o(i.dbg_task_notify)
    dbg_task_switch                          0x080089d5   Thumb Code    16  hal_cm.o(i.dbg_task_switch)
    isr_mbx_receive                          0x08008a11   Thumb Code    80  rt_mailbox.o(i.isr_mbx_receive)
    isr_mbx_send                             0x08008a61   Thumb Code    14  rt_mailbox.o(i.isr_mbx_send)
    osKernelInitialize                       0x08008a71   Thumb Code    30  rt_cmsis.o(i.osKernelInitialize)
    osKernelStart                            0x08008a95   Thumb Code    98  rt_cmsis.o(i.osKernelStart)
    osMessageGet                             0x08008b01   Thumb Code    62  rt_cmsis.o(i.osMessageGet)
    osThreadCreate                           0x08008b45   Thumb Code    38  rt_cmsis.o(i.osThreadCreate)
    osThreadExit                             0x08008b75   Thumb Code    14  rt_cmsis.o(i.osThreadExit)
    osTimerCall                              0x08008b8d   Thumb Code     8  rt_cmsis.o(i.osTimerCall)
    osTimerThread                            0x08008b99   Thumb Code    38  rt_cmsis.o(i.osTimerThread)
    os_tick_init                             0x08008bc5   Thumb Code    32  rt_system.o(i.os_tick_init)
    os_tick_irqack                           0x08008bed   Thumb Code     2  rt_system.o(i.os_tick_irqack)
    rt_alloc_box                             0x08008bef   Thumb Code    26  rt_membox.o(i.rt_alloc_box)
    rt_alloc_mem                             0x08008c09   Thumb Code    60  rt_memory.o(i.rt_alloc_mem)
    rt_block                                 0x08008c45   Thumb Code    48  rt_task.o(i.rt_block)
    rt_chk_robin                             0x08008c7d   Thumb Code    60  rt_robin.o(i.rt_chk_robin)
    rt_dec_dly                               0x08008cc5   Thumb Code   102  rt_list.o(i.rt_dec_dly)
    rt_dispatch                              0x08008d35   Thumb Code    60  rt_task.o(i.rt_dispatch)
    rt_evt_psh                               0x08008d79   Thumb Code    76  rt_event.o(i.rt_evt_psh)
    rt_free_box                              0x08008dc9   Thumb Code    32  rt_membox.o(i.rt_free_box)
    rt_free_mem                              0x08008de9   Thumb Code    40  rt_memory.o(i.rt_free_mem)
    rt_get_first                             0x08008e11   Thumb Code    40  rt_list.o(i.rt_get_first)
    rt_init_mem                              0x08008e89   Thumb Code    26  rt_memory.o(i.rt_init_mem)
    rt_init_robin                            0x08008ea5   Thumb Code    14  rt_robin.o(i.rt_init_robin)
    rt_init_stack                            0x08008ebd   Thumb Code    70  hal_cm.o(i.rt_init_stack)
    rt_mbx_check                             0x08008f0d   Thumb Code     8  rt_mailbox.o(i.rt_mbx_check)
    rt_mbx_init                              0x08008f15   Thumb Code    28  rt_mailbox.o(i.rt_mbx_init)
    rt_mbx_psh                               0x08008f31   Thumb Code   234  rt_mailbox.o(i.rt_mbx_psh)
    rt_mbx_wait                              0x08009021   Thumb Code   172  rt_mailbox.o(i.rt_mbx_wait)
    rt_mut_init                              0x0800910d   Thumb Code    16  rt_mutex.o(i.rt_mut_init)
    rt_mut_release                           0x0800911d   Thumb Code   208  rt_mutex.o(i.rt_mut_release)
    rt_mut_wait                              0x080091f5   Thumb Code   100  rt_mutex.o(i.rt_mut_wait)
    rt_pop_req                               0x0800925d   Thumb Code   110  rt_system.o(i.rt_pop_req)
    rt_psh_req                               0x080092d9   Thumb Code    22  rt_system.o(i.rt_psh_req)
    rt_psq_enq                               0x080092f9   Thumb Code    82  rt_list.o(i.rt_psq_enq)
    rt_put_dly                               0x08009351   Thumb Code    68  rt_list.o(i.rt_put_dly)
    rt_put_prio                              0x08009399   Thumb Code    54  rt_list.o(i.rt_put_prio)
    rt_put_rdy_first                         0x080093d1   Thumb Code    14  rt_list.o(i.rt_put_rdy_first)
    rt_resort_prio                           0x080093e5   Thumb Code    46  rt_list.o(i.rt_resort_prio)
    rt_ret_val                               0x08009419   Thumb Code     6  hal_cm.o(i.rt_ret_val)
    rt_ret_val2                              0x0800941f   Thumb Code     8  hal_cm.o(i.rt_ret_val2)
    rt_rmv_dly                               0x08009427   Thumb Code    40  rt_list.o(i.rt_rmv_dly)
    rt_rmv_list                              0x08009451   Thumb Code    44  rt_list.o(i.rt_rmv_list)
    rt_sem_psh                               0x08009481   Thumb Code    48  rt_semaphore.o(i.rt_sem_psh)
    rt_stk_check                             0x080094b5   Thumb Code    28  rt_system.o(i.rt_stk_check)
    rt_switch_req                            0x080094d9   Thumb Code    30  rt_task.o(i.rt_switch_req)
    rt_sys_init                              0x08009501   Thumb Code   200  rt_task.o(i.rt_sys_init)
    rt_sys_start                             0x0800960d   Thumb Code    44  rt_task.o(i.rt_sys_start)
    rt_systick                               0x08009641   Thumb Code    50  rt_system.o(i.rt_systick)
    rt_tsk_create                            0x080096cd   Thumb Code   116  rt_task.o(i.rt_tsk_create)
    rt_tsk_delete                            0x08009751   Thumb Code   342  rt_task.o(i.rt_tsk_delete)
    rt_tsk_prio                              0x080098c5   Thumb Code   108  rt_task.o(i.rt_tsk_prio)
    rt_tsk_self                              0x08009941   Thumb Code    12  rt_task.o(i.rt_tsk_self)
    svcKernelInitialize                      0x08009951   Thumb Code    80  rt_cmsis.o(i.svcKernelInitialize)
    svcKernelStart                           0x080099c1   Thumb Code    62  rt_cmsis.o(i.svcKernelStart)
    svcMessageCreate                         0x08009a09   Thumb Code    36  rt_cmsis.o(i.svcMessageCreate)
    svcMessageGet                            0x08009a2d   Thumb Code    58  rt_cmsis.o(i.svcMessageGet)
    svcThreadCreate                          0x08009a69   Thumb Code   100  rt_cmsis.o(i.svcThreadCreate)
    svcThreadGetId                           0x08009ad9   Thumb Code    22  rt_cmsis.o(i.svcThreadGetId)
    svcThreadTerminate                       0x08009af5   Thumb Code    50  rt_cmsis.o(i.svcThreadTerminate)
    svcTimerCall                             0x08009b2d   Thumb Code    24  rt_cmsis.o(i.svcTimerCall)
    sysTimerTick                             0x08009b45   Thumb Code    76  rt_cmsis.o(i.sysTimerTick)
    GPIO_PIN                                 0x08009b98   Data           8  stm3210e_eval.o(.constdata)
    GPIO_CLK                                 0x08009ba0   Data          16  stm3210e_eval.o(.constdata)
    BUTTON_PIN                               0x08009bb0   Data          16  stm3210e_eval.o(.constdata)
    BUTTON_CLK                               0x08009bc0   Data          32  stm3210e_eval.o(.constdata)
    BUTTON_EXTI_LINE                         0x08009be0   Data          16  stm3210e_eval.o(.constdata)
    BUTTON_PORT_SOURCE                       0x08009bf0   Data          16  stm3210e_eval.o(.constdata)
    BUTTON_PIN_SOURCE                        0x08009c00   Data          16  stm3210e_eval.o(.constdata)
    BUTTON_IRQn                              0x08009c10   Data          16  stm3210e_eval.o(.constdata)
    COM_USART_CLK                            0x08009c20   Data           8  stm3210e_eval.o(.constdata)
    COM_TX_PORT_CLK                          0x08009c28   Data           8  stm3210e_eval.o(.constdata)
    COM_RX_PORT_CLK                          0x08009c30   Data           8  stm3210e_eval.o(.constdata)
    COM_TX_PIN                               0x08009c38   Data           4  stm3210e_eval.o(.constdata)
    COM_RX_PIN                               0x08009c3c   Data           4  stm3210e_eval.o(.constdata)
    os_maxtaskrun                            0x08034918   Data           2  rtx_conf_cm.o(.constdata)
    os_stackinfo                             0x0803491c   Data           4  rtx_conf_cm.o(.constdata)
    os_rrobin                                0x08034920   Data           4  rtx_conf_cm.o(.constdata)
    os_tickfreq                              0x08034924   Data           4  rtx_conf_cm.o(.constdata)
    os_tickus_i                              0x08034928   Data           2  rtx_conf_cm.o(.constdata)
    os_tickus_f                              0x0803492a   Data           2  rtx_conf_cm.o(.constdata)
    os_trv                                   0x0803492c   Data           4  rtx_conf_cm.o(.constdata)
    os_flags                                 0x08034930   Data           1  rtx_conf_cm.o(.constdata)
    CMSIS_RTOS_API_Version                   0x08034934   Data           4  rtx_conf_cm.o(.constdata)
    CMSIS_RTOS_RTX_Version                   0x08034938   Data           4  rtx_conf_cm.o(.constdata)
    os_clockrate                             0x0803493c   Data           4  rtx_conf_cm.o(.constdata)
    os_timernum                              0x08034940   Data           4  rtx_conf_cm.o(.constdata)
    mp_tcb_size                              0x08034944   Data           2  rtx_conf_cm.o(.constdata)
    mp_stk_size                              0x08034948   Data           4  rtx_conf_cm.o(.constdata)
    os_stack_sz                              0x0803494c   Data           4  rtx_conf_cm.o(.constdata)
    os_fifo_size                             0x08034950   Data           1  rtx_conf_cm.o(.constdata)
    os_thread_def_osTimerThread              0x08034954   Data          16  rtx_conf_cm.o(.constdata)
    os_messageQ_def_osTimerMessageQ          0x08034964   Data           8  rtx_conf_cm.o(.constdata)
    mp_tmr_size                              0x0803496c   Data           2  rtx_conf_cm.o(.constdata)
    Region$$Table$$Base                      0x08034970   Number         0  anon$$obj.o(Region$$Table)
    Region$$Table$$Limit                     0x08034990   Number         0  anon$$obj.o(Region$$Table)
    PlayIRQBuffer                            0x20000000   Data           4  main.o(.data)
    Tim3IRQBuffer                            0x20000004   Data           4  main.o(.data)
    Chose                                    0x20000008   Data           4  main.o(.data)
    Number                                   0x2000000c   Data           4  main.o(.data)
    Apath                                    0x20000010   Data           4  main.o(.data)
    Name                                     0x20000014   Data           4  main.o(.data)
    EraseStatus                              0x20000018   Data           1  sd.o(.data)
    TransferStatus1                          0x20000019   Data           1  sd.o(.data)
    TransferStatus2                          0x2000001a   Data           1  sd.o(.data)
    Status                                   0x2000001b   Data           1  sd.o(.data)
    SDCardOperation                          0x2000001c   Data           4  sd.o(.data)
    res                                      0x20000020   Data           4  wavsd.o(.data)
    br                                       0x20000024   Data           4  wavsd.o(.data)
    Buff                                     0x20000028   Data           4  wavsd.o(.data)
    DataAddress                              0x2000002c   Data           4  wavsd.o(.data)
    address                                  0x20000030   Data           4  wavsd.o(.data)
    DACdone                                  0x20000034   Data           4  wavsd.o(.data)
    volme                                    0x20000038   Data           4  wavsd.o(.data)
    PlayOrWait                               0x2000003c   Data           4  wavsd.o(.data)
    path                                     0x20000040   Data          32  fatfs.o(.data)
    GPIO_PORT                                0x20000060   Data          16  stm3210e_eval.o(.data)
    BUTTON_PORT                              0x20000070   Data          32  stm3210e_eval.o(.data)
    COM_USART                                0x20000090   Data           8  stm3210e_eval.o(.data)
    COM_TX_PORT                              0x20000098   Data           8  stm3210e_eval.o(.data)
    COM_RX_PORT                              0x200000a0   Data           8  stm3210e_eval.o(.data)
    StopCondition                            0x200000b0   Data           4  stm3210e_eval_sdio_sd.o(.data)
    TransferError                            0x200000b4   Data           1  stm3210e_eval_sdio_sd.o(.data)
    TransferEnd                              0x200000b8   Data           4  stm3210e_eval_sdio_sd.o(.data)
    DMAEndOfTransfer                         0x200000bc   Data           4  stm3210e_eval_sdio_sd.o(.data)
    osThreadId_osTimerThread                 0x200000c8   Data           4  rtx_conf_cm.o(.data)
    osMessageQId_osTimerMessageQ             0x200000cc   Data           4  rtx_conf_cm.o(.data)
    os_tmr                                   0x200000d0   Data           4  rtx_conf_cm.o(.data)
    m_tmr                                    0x200000d4   Data           4  rtx_conf_cm.o(.data)
    os_thread_def_main                       0x200000dc   Data          16  rtx_conf_cm.o(.data)
    SystemCoreClock                          0x20000100   Data           4  system_stm32f10x.o(.data)
    AHBPrescTable                            0x20000104   Data          16  system_stm32f10x.o(.data)
    os_initialized                           0x20000114   Data           1  rt_cmsis.o(.data)
    os_running                               0x20000115   Data           1  rt_cmsis.o(.data)
    os_timer_head                            0x20000118   Data           4  rt_cmsis.o(.data)
    os_tsk                                   0x2000011c   Data           8  rt_task.o(.data)
    os_tick_irqn                             0x20000128   Data           4  rt_system.o(.data)
    os_time                                  0x2000012c   Data           4  rt_time.o(.data)
    os_robin                                 0x20000130   Data           8  rt_robin.o(.data)
    dbg_msg                                  0x20000138   Data           1  hal_cm.o(.data)
    fs                                       0x2000013c   Data         560  main.o(.bss)
    Buffer_Block_Tx                          0x2000036c   Data         512  sd.o(.bss)
    Buffer_Block_Rx                          0x2000056c   Data         512  sd.o(.bss)
    Buffer_MultiBlock_Tx                     0x2000076c   Data       16384  sd.o(.bss)
    Buffer_MultiBlock_Rx                     0x2000476c   Data       16384  sd.o(.bss)
    fdst                                     0x2000876c   Data         548  wavsd.o(.bss)
    header                                   0x20008990   Data          44  wavsd.o(.bss)
    Buff_1                                   0x200089bc   Data        7176  wavsd.o(.bss)
    Buff_2                                   0x2000a5c4   Data        7176  wavsd.o(.bss)
    Nowwavheader                             0x2000c1cc   Data          72  wavsd.o(.bss)
    finfo                                    0x2000c214   Data          32  fatfs.o(.bss)
    dirs                                     0x2000c234   Data          36  fatfs.o(.bss)
    SDCardInfo                               0x2000c288   Data          88  stm3210e_eval_sdio_sd.o(.bss)
    SDIO_InitStructure                       0x2000c2e0   Data          24  stm3210e_eval_sdio_sd.o(.bss)
    SDIO_CmdInitStructure                    0x2000c2f8   Data          20  stm3210e_eval_sdio_sd.o(.bss)
    SDIO_DataInitStructure                   0x2000c30c   Data          24  stm3210e_eval_sdio_sd.o(.bss)
    mp_tcb                                   0x2000c428   Data         376  rtx_conf_cm.o(.bss)
    mp_stk                                   0x2000c5a0   Data        1216  rtx_conf_cm.o(.bss)
    os_stack_mem                             0x2000ca60   Data         432  rtx_conf_cm.o(.bss)
    os_fifo                                  0x2000cc10   Data         132  rtx_conf_cm.o(.bss)
    os_active_TCB                            0x2000cc94   Data          28  rtx_conf_cm.o(.bss)
    os_messageQ_q_osTimerMessageQ            0x2000ccb0   Data          32  rtx_conf_cm.o(.bss)
    os_idle_TCB                              0x2000cff0   Data          52  rt_task.o(.bss)
    os_rdy                                   0x2000d024   Data          24  rt_list.o(.bss)
    os_dly                                   0x2000d03c   Data          24  rt_list.o(.bss)
    __libspace_start                         0x2000d054   Data          96  libspace.o(.bss)
    __temporary_stack_top$libspace           0x2000d0b4   Data           0  libspace.o(.bss)



==============================================================================

Memory Map of the image

  Image Entry point : 0x08000131

  Load Region LR_IROM1 (Base: 0x08000000, Size: 0x00034acc, Max: 0x00080000, ABSOLUTE, COMPRESSED[0x000349dc])

    Execution Region ER_IROM1 (Base: 0x08000000, Size: 0x00034990, Max: 0x00080000, ABSOLUTE)

    Base Addr    Size         Type   Attr      Idx    E Section Name        Object

    0x08000000   0x00000130   Data   RO          702    RESET               startup_stm32f10x_hd.o
    0x08000130   0x00000008   Code   RO         1968  * !!!main             c_w.l(__main.o)
    0x08000138   0x00000034   Code   RO         2119    !!!scatter          c_w.l(__scatter.o)
    0x0800016c   0x0000005a   Code   RO         2117    !!dczerorl2         c_w.l(__dczerorl2.o)
    0x080001c6   0x00000002   PAD
    0x080001c8   0x0000001c   Code   RO         2121    !!handler_zi        c_w.l(__scatter_zi.o)
    0x080001e4   0x00000000   Code   RO         1959    .ARM.Collect$$_printf_percent$$00000000  c_w.l(_printf_percent.o)
    0x080001e4   0x0000000a   Code   RO         1987    .ARM.Collect$$_printf_percent$$00000007  c_w.l(_printf_ll.o)
    0x080001ee   0x00000006   Code   RO         1958    .ARM.Collect$$_printf_percent$$00000009  c_w.l(_printf_d.o)
    0x080001f4   0x00000006   Code   RO         1960    .ARM.Collect$$_printf_percent$$0000000E  c_w.l(_printf_lld.o)
    0x080001fa   0x00000006   Code   RO         1957    .ARM.Collect$$_printf_percent$$00000014  c_w.l(_printf_s.o)
    0x08000200   0x00000004   Code   RO         1986    .ARM.Collect$$_printf_percent$$00000017  c_w.l(_printf_percent_end.o)
    0x08000204   0x00000002   Code   RO         1967    .ARM.Collect$$libinit$$00000000  c_w.l(libinit.o)
    0x08000206   0x00000000   Code   RO         1989    .ARM.Collect$$libinit$$00000002  c_w.l(libinit2.o)
    0x08000206   0x00000000   Code   RO         1992    .ARM.Collect$$libinit$$00000008  c_w.l(libinit2.o)
    0x08000206   0x00000000   Code   RO         1994    .ARM.Collect$$libinit$$0000000A  c_w.l(libinit2.o)
    0x08000206   0x00000000   Code   RO         1996    .ARM.Collect$$libinit$$0000000C  c_w.l(libinit2.o)
    0x08000206   0x00000000   Code   RO         1999    .ARM.Collect$$libinit$$0000000F  c_w.l(libinit2.o)
    0x08000206   0x00000000   Code   RO         2001    .ARM.Collect$$libinit$$00000011  c_w.l(libinit2.o)
    0x08000206   0x00000000   Code   RO         2003    .ARM.Collect$$libinit$$00000013  c_w.l(libinit2.o)
    0x08000206   0x00000000   Code   RO         2005    .ARM.Collect$$libinit$$00000015  c_w.l(libinit2.o)
    0x08000206   0x00000000   Code   RO         2007    .ARM.Collect$$libinit$$00000017  c_w.l(libinit2.o)
    0x08000206   0x00000000   Code   RO         2009    .ARM.Collect$$libinit$$00000019  c_w.l(libinit2.o)
    0x08000206   0x00000000   Code   RO         2011    .ARM.Collect$$libinit$$0000001B  c_w.l(libinit2.o)
    0x08000206   0x00000000   Code   RO         2013    .ARM.Collect$$libinit$$0000001D  c_w.l(libinit2.o)
    0x08000206   0x00000000   Code   RO         2015    .ARM.Collect$$libinit$$0000001F  c_w.l(libinit2.o)
    0x08000206   0x00000000   Code   RO         2017    .ARM.Collect$$libinit$$00000021  c_w.l(libinit2.o)
    0x08000206   0x00000000   Code   RO         2019    .ARM.Collect$$libinit$$00000023  c_w.l(libinit2.o)
    0x08000206   0x00000000   Code   RO         2023    .ARM.Collect$$libinit$$0000002A  c_w.l(libinit2.o)
    0x08000206   0x00000000   Code   RO         2025    .ARM.Collect$$libinit$$0000002C  c_w.l(libinit2.o)
    0x08000206   0x00000000   Code   RO         2027    .ARM.Collect$$libinit$$0000002E  c_w.l(libinit2.o)
    0x08000206   0x00000000   Code   RO         2029    .ARM.Collect$$libinit$$00000030  c_w.l(libinit2.o)
    0x08000206   0x00000002   Code   RO         2030    .ARM.Collect$$libinit$$00000031  c_w.l(libinit2.o)
    0x08000208   0x00000002   Code   RO         2058    .ARM.Collect$$libshutdown$$00000000  c_w.l(libshutdown.o)
    0x0800020a   0x00000000   Code   RO         2078    .ARM.Collect$$libshutdown$$00000003  c_w.l(libshutdown2.o)
    0x0800020a   0x00000000   Code   RO         2081    .ARM.Collect$$libshutdown$$00000006  c_w.l(libshutdown2.o)
    0x0800020a   0x00000000   Code   RO         2084    .ARM.Collect$$libshutdown$$00000009  c_w.l(libshutdown2.o)
    0x0800020a   0x00000000   Code   RO         2086    .ARM.Collect$$libshutdown$$0000000B  c_w.l(libshutdown2.o)
    0x0800020a   0x00000000   Code   RO         2089    .ARM.Collect$$libshutdown$$0000000E  c_w.l(libshutdown2.o)
    0x0800020a   0x00000002   Code   RO         2090    .ARM.Collect$$libshutdown$$0000000F  c_w.l(libshutdown2.o)
    0x0800020c   0x00000002   Code   RO         1970    .ARM.Collect$$rtexit$$00000000  c_w.l(rtexit.o)
    0x0800020e   0x00000000   Code   RO         2032    .ARM.Collect$$rtexit$$00000002  c_w.l(rtexit2.o)
    0x0800020e   0x00000004   Code   RO         2033    .ARM.Collect$$rtexit$$00000003  c_w.l(rtexit2.o)
    0x08000212   0x00000006   Code   RO         2034    .ARM.Collect$$rtexit$$00000004  c_w.l(rtexit2.o)
    0x08000218   0x00000024   Code   RO          427    .emb_text           rtx_conf_cm.o
    0x0800023c   0x00000130   Code   RO         1903    .emb_text           RTX_CM3.lib(hal_cm3.o)
    0x0800036c   0x0000023c   Code   RO            3    .text               main.o
    0x080005a8   0x000000ec   Code   RO          120    .text               usart1.o
    0x08000694   0x000000a4   Code   RO          140    .text               dac.o
    0x08000738   0x000002dc   Code   RO          184    .text               sd.o
    0x08000a14   0x00000b30   Code   RO          217    .text               wavsd.o
    0x08001544   0x00000190   Code   RO          245    .text               fatfs.o
    0x080016d4   0x00000258   Code   RO          269    .text               key.o
    0x0800192c   0x00000498   Code   RO          289    .text               stm3210e_eval.o
    0x08001dc4   0x000018f4   Code   RO          319    .text               stm3210e_eval_sdio_sd.o
    0x080036b8   0x00002408   Code   RO          347    .text               ff.o
    0x08005ac0   0x00000198   Code   RO          377    .text               diskio.o
    0x08005c58   0x000000b4   Code   RO          413    .text               cc936.o
    0x08005d0c   0x000000a4   Code   RO          428    .text               rtx_conf_cm.o
    0x08005db0   0x000000dc   Code   RO          460    .text               misc.o
    0x08005e8c   0x0000018c   Code   RO          500    .text               stm32f10x_dac.o
    0x08006018   0x00000254   Code   RO          520    .text               stm32f10x_dma.o
    0x0800626c   0x0000011c   Code   RO          540    .text               stm32f10x_exti.o
    0x08006388   0x0000035c   Code   RO          580    .text               stm32f10x_gpio.o
    0x080066e4   0x000003a4   Code   RO          600    .text               stm32f10x_rcc.o
    0x08006a88   0x000001d4   Code   RO          622    .text               stm32f10x_sdio.o
    0x08006c5c   0x0000030c   Code   RO          642    .text               stm32f10x_spi.o
    0x08006f68   0x00000e1a   Code   RO          662    .text               stm32f10x_tim.o
    0x08007d82   0x00000002   PAD
    0x08007d84   0x00000408   Code   RO          682    .text               stm32f10x_usart.o
    0x0800818c   0x00000040   Code   RO          703    .text               startup_stm32f10x_hd.o
    0x080081cc   0x000001e0   Code   RO          709    .text               system_stm32f10x.o
    0x080083ac   0x00000008   Code   RO         1918    .text               c_w.l(libspace.o)
    0x080083b4   0x0000004a   Code   RO         1921    .text               c_w.l(sys_stackheap_outer.o)
    0x080083fe   0x000000ee   Code   RO         1923    .text               c_w.l(lludivv7m.o)
    0x080084ec   0x00000028   Code   RO         1927    .text               c_w.l(noretval__2sprintf.o)
    0x08008514   0x00000052   Code   RO         1931    .text               c_w.l(_printf_str.o)
    0x08008566   0x00000002   PAD
    0x08008568   0x00000074   Code   RO         1933    .text               c_w.l(_printf_dec.o)
    0x080085dc   0x00000078   Code   RO         1935    .text               c_w.l(_printf_longlong_dec.o)
    0x08008654   0x000000b8   Code   RO         1940    .text               c_w.l(__printf_ss.o)
    0x0800870c   0x0000000c   Code   RO         1961    .text               c_w.l(exit.o)
    0x08008718   0x00000064   Code   RO         1963    .text               c_w.l(rt_memcpy_w.o)
    0x0800877c   0x00000006   Code   RO         1965    .text               c_w.l(heapauxi.o)
    0x08008782   0x0000008a   Code   RO         1976    .text               c_w.l(lludiv10.o)
    0x0800880c   0x000000b2   Code   RO         1978    .text               c_w.l(_printf_intcommon.o)
    0x080088be   0x00000002   PAD
    0x080088c0   0x00000030   Code   RO         1980    .text               c_w.l(_printf_char_common.o)
    0x080088f0   0x0000000a   Code   RO         1982    .text               c_w.l(_sputc.o)
    0x080088fa   0x0000002c   Code   RO         1984    .text               c_w.l(_printf_char.o)
    0x08008926   0x00000002   PAD
    0x08008928   0x0000000c   Code   RO         2046    .text               c_w.l(sys_exit.o)
    0x08008934   0x00000002   Code   RO         2061    .text               c_w.l(use_no_semi.o)
    0x08008936   0x00000000   Code   RO         2063    .text               c_w.l(indicate_semi.o)
    0x08008936   0x00000002   PAD
    0x08008938   0x00000004   Code   RO         1913    SVC_TABLE           RTX_CM3.lib(svc_table.o)
    0x0800893c   0x00000046   Code   RO         1802    i._init_box         RTX_CM3.lib(rt_membox.o)
    0x08008982   0x00000002   PAD
    0x08008984   0x00000030   Code   RO         1855    i.dbg_init          RTX_CM3.lib(hal_cm.o)
    0x080089b4   0x00000020   Code   RO         1856    i.dbg_task_notify   RTX_CM3.lib(hal_cm.o)
    0x080089d4   0x00000010   Code   RO         1857    i.dbg_task_switch   RTX_CM3.lib(hal_cm.o)
    0x080089e4   0x0000002c   Code   RO          735    i.isrMessagePut     RTX_CM3.lib(rt_cmsis.o)
    0x08008a10   0x00000050   Code   RO         1657    i.isr_mbx_receive   RTX_CM3.lib(rt_mailbox.o)
    0x08008a60   0x0000000e   Code   RO         1658    i.isr_mbx_send      RTX_CM3.lib(rt_mailbox.o)
    0x08008a6e   0x00000002   PAD
    0x08008a70   0x00000024   Code   RO          737    i.osKernelInitialize  RTX_CM3.lib(rt_cmsis.o)
    0x08008a94   0x0000006c   Code   RO          739    i.osKernelStart     RTX_CM3.lib(rt_cmsis.o)
    0x08008b00   0x00000044   Code   RO          748    i.osMessageGet      RTX_CM3.lib(rt_cmsis.o)
    0x08008b44   0x00000030   Code   RO          765    i.osThreadCreate    RTX_CM3.lib(rt_cmsis.o)
    0x08008b74   0x00000018   Code   RO          766    i.osThreadExit      RTX_CM3.lib(rt_cmsis.o)
    0x08008b8c   0x0000000c   Code   RO          772    i.osTimerCall       RTX_CM3.lib(rt_cmsis.o)
    0x08008b98   0x0000002c   Code   RO          777    i.osTimerThread     RTX_CM3.lib(rt_cmsis.o)
    0x08008bc4   0x00000028   Code   RO         1449    i.os_tick_init      RTX_CM3.lib(rt_system.o)
    0x08008bec   0x00000002   Code   RO         1450    i.os_tick_irqack    RTX_CM3.lib(rt_system.o)
    0x08008bee   0x0000001a   Code   RO         1803    i.rt_alloc_box      RTX_CM3.lib(rt_membox.o)
    0x08008c08   0x0000003c   Code   RO         1831    i.rt_alloc_mem      RTX_CM3.lib(rt_memory.o)
    0x08008c44   0x00000038   Code   RO         1334    i.rt_block          RTX_CM3.lib(rt_task.o)
    0x08008c7c   0x00000048   Code   RO         1780    i.rt_chk_robin      RTX_CM3.lib(rt_robin.o)
    0x08008cc4   0x00000070   Code   RO         1581    i.rt_dec_dly        RTX_CM3.lib(rt_list.o)
    0x08008d34   0x00000044   Code   RO         1335    i.rt_dispatch       RTX_CM3.lib(rt_task.o)
    0x08008d78   0x00000050   Code   RO         1542    i.rt_evt_psh        RTX_CM3.lib(rt_event.o)
    0x08008dc8   0x00000020   Code   RO         1804    i.rt_free_box       RTX_CM3.lib(rt_membox.o)
    0x08008de8   0x00000028   Code   RO         1832    i.rt_free_mem       RTX_CM3.lib(rt_memory.o)
    0x08008e10   0x00000028   Code   RO         1582    i.rt_get_first      RTX_CM3.lib(rt_list.o)
    0x08008e38   0x00000008   Code   RO          782    i.rt_id2obj         RTX_CM3.lib(rt_cmsis.o)
    0x08008e40   0x00000048   Code   RO         1336    i.rt_init_context   RTX_CM3.lib(rt_task.o)
    0x08008e88   0x0000001a   Code   RO         1833    i.rt_init_mem       RTX_CM3.lib(rt_memory.o)
    0x08008ea2   0x00000002   PAD
    0x08008ea4   0x00000018   Code   RO         1781    i.rt_init_robin     RTX_CM3.lib(rt_robin.o)
    0x08008ebc   0x00000050   Code   RO         1858    i.rt_init_stack     RTX_CM3.lib(hal_cm.o)
    0x08008f0c   0x00000008   Code   RO         1659    i.rt_mbx_check      RTX_CM3.lib(rt_mailbox.o)
    0x08008f14   0x0000001c   Code   RO         1660    i.rt_mbx_init       RTX_CM3.lib(rt_mailbox.o)
    0x08008f30   0x000000f0   Code   RO         1661    i.rt_mbx_psh        RTX_CM3.lib(rt_mailbox.o)
    0x08009020   0x000000b0   Code   RO         1663    i.rt_mbx_wait       RTX_CM3.lib(rt_mailbox.o)
    0x080090d0   0x0000003c   Code   RO          783    i.rt_ms2tick        RTX_CM3.lib(rt_cmsis.o)
    0x0800910c   0x00000010   Code   RO         1419    i.rt_mut_init       RTX_CM3.lib(rt_mutex.o)
    0x0800911c   0x000000d8   Code   RO         1420    i.rt_mut_release    RTX_CM3.lib(rt_mutex.o)
    0x080091f4   0x00000068   Code   RO         1421    i.rt_mut_wait       RTX_CM3.lib(rt_mutex.o)
    0x0800925c   0x0000007c   Code   RO         1453    i.rt_pop_req        RTX_CM3.lib(rt_system.o)
    0x080092d8   0x00000020   Code   RO         1454    i.rt_psh_req        RTX_CM3.lib(rt_system.o)
    0x080092f8   0x00000058   Code   RO         1584    i.rt_psq_enq        RTX_CM3.lib(rt_list.o)
    0x08009350   0x00000048   Code   RO         1585    i.rt_put_dly        RTX_CM3.lib(rt_list.o)
    0x08009398   0x00000036   Code   RO         1586    i.rt_put_prio       RTX_CM3.lib(rt_list.o)
    0x080093ce   0x00000002   PAD
    0x080093d0   0x00000014   Code   RO         1587    i.rt_put_rdy_first  RTX_CM3.lib(rt_list.o)
    0x080093e4   0x00000034   Code   RO         1588    i.rt_resort_prio    RTX_CM3.lib(rt_list.o)
    0x08009418   0x00000006   Code   RO         1859    i.rt_ret_val        RTX_CM3.lib(hal_cm.o)
    0x0800941e   0x00000008   Code   RO         1860    i.rt_ret_val2       RTX_CM3.lib(hal_cm.o)
    0x08009426   0x00000028   Code   RO         1589    i.rt_rmv_dly        RTX_CM3.lib(rt_list.o)
    0x0800944e   0x00000002   PAD
    0x08009450   0x00000030   Code   RO         1590    i.rt_rmv_list       RTX_CM3.lib(rt_list.o)
    0x08009480   0x00000034   Code   RO         1708    i.rt_sem_psh        RTX_CM3.lib(rt_semaphore.o)
    0x080094b4   0x00000024   Code   RO         1456    i.rt_stk_check      RTX_CM3.lib(rt_system.o)
    0x080094d8   0x00000028   Code   RO         1337    i.rt_switch_req     RTX_CM3.lib(rt_task.o)
    0x08009500   0x0000010c   Code   RO         1338    i.rt_sys_init       RTX_CM3.lib(rt_task.o)
    0x0800960c   0x00000034   Code   RO         1339    i.rt_sys_start      RTX_CM3.lib(rt_task.o)
    0x08009640   0x00000040   Code   RO         1458    i.rt_systick        RTX_CM3.lib(rt_system.o)
    0x08009680   0x00000012   Code   RO          784    i.rt_tid2ptcb       RTX_CM3.lib(rt_cmsis.o)
    0x08009692   0x00000002   PAD
    0x08009694   0x00000038   Code   RO          785    i.rt_timer_insert   RTX_CM3.lib(rt_cmsis.o)
    0x080096cc   0x00000084   Code   RO         1340    i.rt_tsk_create     RTX_CM3.lib(rt_task.o)
    0x08009750   0x00000174   Code   RO         1341    i.rt_tsk_delete     RTX_CM3.lib(rt_task.o)
    0x080098c4   0x0000007c   Code   RO         1343    i.rt_tsk_prio       RTX_CM3.lib(rt_task.o)
    0x08009940   0x00000010   Code   RO         1344    i.rt_tsk_self       RTX_CM3.lib(rt_task.o)
    0x08009950   0x00000070   Code   RO          788    i.svcKernelInitialize  RTX_CM3.lib(rt_cmsis.o)
    0x080099c0   0x00000048   Code   RO          790    i.svcKernelStart    RTX_CM3.lib(rt_cmsis.o)
    0x08009a08   0x00000024   Code   RO          793    i.svcMessageCreate  RTX_CM3.lib(rt_cmsis.o)
    0x08009a2c   0x0000003a   Code   RO          794    i.svcMessageGet     RTX_CM3.lib(rt_cmsis.o)
    0x08009a66   0x00000002   PAD
    0x08009a68   0x00000070   Code   RO          808    i.svcThreadCreate   RTX_CM3.lib(rt_cmsis.o)
    0x08009ad8   0x0000001c   Code   RO          809    i.svcThreadGetId    RTX_CM3.lib(rt_cmsis.o)
    0x08009af4   0x00000038   Code   RO          812    i.svcThreadTerminate  RTX_CM3.lib(rt_cmsis.o)
    0x08009b2c   0x00000018   Code   RO          814    i.svcTimerCall      RTX_CM3.lib(rt_cmsis.o)
    0x08009b44   0x00000054   Code   RO          823    i.sysTimerTick      RTX_CM3.lib(rt_cmsis.o)
    0x08009b98   0x000000a8   Data   RO          290    .constdata          stm3210e_eval.o
    0x08009c40   0x0000000d   Data   RO          349    .constdata          ff.o
    0x08009c4d   0x00000001   PAD
    0x08009c4e   0x0002acc8   Data   RO          414    .constdata          cc936.o
    0x08034916   0x00000002   PAD
    0x08034918   0x00000056   Data   RO          430    .constdata          rtx_conf_cm.o
    0x0803496e   0x00000002   PAD
    0x08034970   0x00000020   Data   RO         2115    Region$$Table       anon$$obj.o


    Execution Region RW_IRAM1 (Base: 0x20000000, Size: 0x0000d6b8, Max: 0x00010000, ABSOLUTE, COMPRESSED[0x0000004c])

    Base Addr    Size         Type   Attr      Idx    E Section Name        Object

    0x20000000   0x00000018   Data   RW            5    .data               main.o
    0x20000018   0x00000008   Data   RW          186    .data               sd.o
    0x20000020   0x00000020   Data   RW          219    .data               wavsd.o
    0x20000040   0x00000020   Data   RW          247    .data               fatfs.o
    0x20000060   0x00000048   Data   RW          291    .data               stm3210e_eval.o
    0x200000a8   0x00000018   Data   RW          321    .data               stm3210e_eval_sdio_sd.o
    0x200000c0   0x00000006   Data   RW          350    .data               ff.o
    0x200000c6   0x00000002   PAD
    0x200000c8   0x00000024   Data   RW          431    .data               rtx_conf_cm.o
    0x200000ec   0x00000014   Data   RW          601    .data               stm32f10x_rcc.o
    0x20000100   0x00000014   Data   RW          710    .data               system_stm32f10x.o
    0x20000114   0x00000008   Data   RW          826    .data               RTX_CM3.lib(rt_cmsis.o)
    0x2000011c   0x00000008   Data   RW         1346    .data               RTX_CM3.lib(rt_task.o)
    0x20000124   0x00000008   Data   RW         1461    .data               RTX_CM3.lib(rt_system.o)
    0x2000012c   0x00000004   Data   RW         1751    .data               RTX_CM3.lib(rt_time.o)
    0x20000130   0x00000008   Data   RW         1782    .data               RTX_CM3.lib(rt_robin.o)
    0x20000138   0x00000001   Data   RW         1861    .data               RTX_CM3.lib(hal_cm.o)
    0x20000139   0x00000003   PAD
    0x2000013c   0x00000230   Zero   RW            4    .bss                main.o
    0x2000036c   0x00008400   Zero   RW          185    .bss                sd.o
    0x2000876c   0x00003aa8   Zero   RW          218    .bss                wavsd.o
    0x2000c214   0x00000044   Zero   RW          246    .bss                fatfs.o
    0x2000c258   0x000000cc   Zero   RW          320    .bss                stm3210e_eval_sdio_sd.o
    0x2000c324   0x00000102   Zero   RW          348    .bss                ff.o
    0x2000c426   0x00000002   PAD
    0x2000c428   0x00000bc8   Zero   RW          429    .bss                rtx_conf_cm.o
    0x2000cff0   0x00000034   Zero   RW         1345    .bss                RTX_CM3.lib(rt_task.o)
    0x2000d024   0x00000030   Zero   RW         1591    .bss                RTX_CM3.lib(rt_list.o)
    0x2000d054   0x00000060   Zero   RW         1919    .bss                c_w.l(libspace.o)
    0x2000d0b4   0x00000004   PAD
    0x2000d0b8   0x00000200   Zero   RW          701    HEAP                startup_stm32f10x_hd.o
    0x2000d2b8   0x00000400   Zero   RW          700    STACK               startup_stm32f10x_hd.o


==============================================================================

Image component sizes


      Code (inc. data)   RO Data    RW Data    ZI Data      Debug   Object Name

       180         18     175304          0          0       1761   cc936.o
       164          4          0          0          0        757   dac.o
       408         60          0          0          0       3850   diskio.o
       400         94          0         32         68       1710   fatfs.o
      9224         64         13          6        258      28356   ff.o
       600         12          0          0          0       1755   key.o
       572        138          0         24        560     294039   main.o
       220         22          0          0          0       2053   misc.o
       200         32         86         36       3016       8806   rtx_conf_cm.o
       732        180          0          8      33792       8975   sd.o
        64         26        304          0       1536        840   startup_stm32f10x_hd.o
      1176        120        168         72          0      11361   stm3210e_eval.o
      6388        348          0         24        204      23350   stm3210e_eval_sdio_sd.o
       396          6          0          0          0       3906   stm32f10x_dac.o
       596          8          0          0          0       4582   stm32f10x_dma.o
       284         10          0          0          0       2483   stm32f10x_exti.o
       860         38          0          0          0       5893   stm32f10x_gpio.o
       932         36          0         20          0       9076   stm32f10x_rcc.o
       468         22          0          0          0       7336   stm32f10x_sdio.o
       780         14          0          0          0       6778   stm32f10x_spi.o
      3610         88          0          0          0      22380   stm32f10x_tim.o
      1032         22          0          0          0       8624   stm32f10x_usart.o
       480         38          0         20          0       2067   system_stm32f10x.o
       236          8          0          0          0       1341   usart1.o
      2864        624          0         32      15016       5424   wavsd.o

    ----------------------------------------------------------------------
     32868       2032     175912        276      54452     467503   Object Totals
         0          0         32          0          0          0   (incl. Generated)
         2          0          5          2          2          0   (incl. Padding)

    ----------------------------------------------------------------------

      Code (inc. data)   RO Data    RW Data    ZI Data      Debug   Library Member Name

       190         24          0          1          0       2480   hal_cm.o
       304         36          0          0          0        692   hal_cm3.o
      1108        142          0          8          0      26374   rt_cmsis.o
        80          4          0          0          0        505   rt_event.o
       526         36          0          0         48       6637   rt_list.o
       546         10          0          0          0       2997   rt_mailbox.o
       128          0          0          0          0       1477   rt_membox.o
       126          0          0          0          0       1791   rt_memory.o
       336         12          0          0          0       1645   rt_mutex.o
        96         22          0          8          0        954   rt_robin.o
        52          4          0          0          0        449   rt_semaphore.o
       298         54          0          8          0       5379   rt_system.o
      1200        174          0          8         52       7929   rt_task.o
         0          0          0          4          0        150   rt_time.o
         4          4          0          0          0        132   svc_table.o
        90          0          0          0          0          0   __dczerorl2.o
         8          0          0          0          0         68   __main.o
       184          0          0          0          0         84   __printf_ss.o
        52          8          0          0          0          0   __scatter.o
        28          0          0          0          0          0   __scatter_zi.o
        44          0          0          0          0        108   _printf_char.o
        48          6          0          0          0         96   _printf_char_common.o
         6          0          0          0          0          0   _printf_d.o
       116         16          0          0          0         92   _printf_dec.o
       178          0          0          0          0         88   _printf_intcommon.o
        10          0          0          0          0          0   _printf_ll.o
         6          0          0          0          0          0   _printf_lld.o
       120         16          0          0          0         92   _printf_longlong_dec.o
         0          0          0          0          0          0   _printf_percent.o
         4          0          0          0          0          0   _printf_percent_end.o
         6          0          0          0          0          0   _printf_s.o
        82          0          0          0          0         80   _printf_str.o
        10          0          0          0          0         68   _sputc.o
        12          0          0          0          0         72   exit.o
         6          0          0          0          0        152   heapauxi.o
         0          0          0          0          0          0   indicate_semi.o
         2          0          0          0          0          0   libinit.o
         2          0          0          0          0          0   libinit2.o
         2          0          0          0          0          0   libshutdown.o
         2          0          0          0          0          0   libshutdown2.o
         8          4          0          0         96         68   libspace.o
       138          0          0          0          0         80   lludiv10.o
       238          0          0          0          0        100   lludivv7m.o
        40          6          0          0          0         84   noretval__2sprintf.o
       100          0          0          0          0         80   rt_memcpy_w.o
         2          0          0          0          0          0   rtexit.o
        10          0          0          0          0          0   rtexit2.o
        12          4          0          0          0         68   sys_exit.o
        74          0          0          0          0         80   sys_stackheap_outer.o
         2          0          0          0          0         68   use_no_semi.o

    ----------------------------------------------------------------------
      6660        582          0         40        200      61219   Library Totals
        24          0          0          3          4          0   (incl. Padding)

    ----------------------------------------------------------------------

      Code (inc. data)   RO Data    RW Data    ZI Data      Debug   Library Name

      4994        522          0         37        100      59591   RTX_CM3.lib
      1642         60          0          0         96       1628   c_w.l

    ----------------------------------------------------------------------
      6660        582          0         40        200      61219   Library Totals

    ----------------------------------------------------------------------

==============================================================================


      Code (inc. data)   RO Data    RW Data    ZI Data      Debug   

     39528       2614     175912        316      54652     521906   Grand Totals
     39528       2614     175912         76      54652     521906   ELF Image Totals (compressed)
     39528       2614     175912         76          0          0   ROM Totals

==============================================================================

    Total RO  Size (Code + RO Data)               215440 ( 210.39kB)
    Total RW  Size (RW Data + ZI Data)             54968 (  53.68kB)
    Total ROM Size (Code + RO Data + RW Data)     215516 ( 210.46kB)

==============================================================================

