Product: MDK-ARM Professional 5.10
Component: ARM Compiler 5.04 update 1 (build 49)
Tool: armlink [5040049]

==============================================================================

Section Cross References

    main.o(.text) refers to usart1.o(.text) for USART1_Init
    main.o(.text) refers to key.o(.text) for EXTI_Play_Config
    main.o(.text) refers to ff.o(.text) for f_mount
    main.o(.text) refers to fatfs.o(.text) for ShowAllFile
    main.o(.text) refers to memcpya.o(.text) for __aeabi_memcpy4
    main.o(.text) refers to printf4.o(i.__0sprintf$4) for __2sprintf
    main.o(.text) refers to wavsd.o(.text) for WavPlay
    main.o(.text) refers to stm32f10x_usart.o(.text) for USART_GetITStatus
    main.o(.text) refers to main.o(.data) for PlayIRQBuffer
    main.o(.text) refers to main.o(.bss) for fs
    usart1.o(.text) refers to stm32f10x_usart.o(.text) for USART_ClearFlag
    usart1.o(.text) refers to stm32f10x_rcc.o(.text) for RCC_APB2PeriphClockCmd
    usart1.o(.text) refers to stm32f10x_gpio.o(.text) for GPIO_Init
    usart1.o(.text) refers to misc.o(.text) for NVIC_PriorityGroupConfig
    dac.o(.text) refers to stm32f10x_rcc.o(.text) for RCC_APB1PeriphClockCmd
    dac.o(.text) refers to stm32f10x_tim.o(.text) for TIM_TimeBaseStructInit
    dac.o(.text) refers to stm32f10x_gpio.o(.text) for GPIO_Init
    dac.o(.text) refers to stm32f10x_dac.o(.text) for DAC_Init
    flash.o(.text) refers to stm32f10x_flash.o(.text) for FLASH_Unlock
    flash.o(.text) refers to usart1.o(.text) for Serial_PutString
    flash.o(.text) refers to printf4.o(i.__0sprintf$4) for __2sprintf
    flash.o(.text) refers to flash.o(.data) for NbrOfPage
    sd.o(.text) refers to stm3210e_eval_sdio_sd.o(.text) for SD_WriteMultiBlocks
    sd.o(.text) refers to usart1.o(.text) for Serial_PutString
    sd.o(.text) refers to misc.o(.text) for NVIC_PriorityGroupConfig
    sd.o(.text) refers to sd.o(.bss) for Buffer_MultiBlock_Tx
    sd.o(.text) refers to sd.o(.data) for Status
    wavsd.o(.text) refers to usart1.o(.text) for Serial_PutString
    wavsd.o(.text) refers to memcpya.o(.text) for __aeabi_memcpy4
    wavsd.o(.text) refers to printf4.o(i.__0sprintf$4) for __2sprintf
    wavsd.o(.text) refers to stm32f10x_rcc.o(.text) for RCC_APB1PeriphClockCmd
    wavsd.o(.text) refers to stm32f10x_tim.o(.text) for TIM_TimeBaseStructInit
    wavsd.o(.text) refers to misc.o(.text) for NVIC_Init
    wavsd.o(.text) refers to sd.o(.text) for NVIC_Configuration
    wavsd.o(.text) refers to ff.o(.text) for f_open
    wavsd.o(.text) refers to strcmp.o(.text) for strcmp
    wavsd.o(.text) refers to wavsd.o(.bss) for header
    wavsd.o(.text) refers to irqserver.o(.data) for VolumeSub
    wavsd.o(.text) refers to wavsd.o(.data) for res
    wavsd.o(.text) refers to dac.o(.text) for DAC1_Init
    wavsd.o(.text) refers to irqserver.o(.text) for Volume_Sub
    wavsd.o(.text) refers to stm32f10x_dac.o(.text) for DAC_SetChannel1Data
    wavsd.o(.text) refers to main.o(.data) for volume
    wavsd.o(.text) refers to stm32f10x_exti.o(.text) for EXTI_GetITStatus
    fatfs.o(.text) refers to printf4.o(i.__0sprintf$4) for __2sprintf
    fatfs.o(.text) refers to usart1.o(.text) for Serial_PutString
    fatfs.o(.text) refers to ff.o(.text) for f_opendir
    fatfs.o(.text) refers to fatfs.o(.data) for path
    fatfs.o(.text) refers to fatfs.o(.bss) for finfo
    key.o(.text) refers to stm32f10x_rcc.o(.text) for RCC_APB2PeriphClockCmd
    key.o(.text) refers to stm32f10x_gpio.o(.text) for GPIO_Init
    key.o(.text) refers to stm32f10x_exti.o(.text) for EXTI_Init
    key.o(.text) refers to misc.o(.text) for NVIC_Init
    irqserver.o(.text) refers to usart1.o(.text) for Serial_PutString
    irqserver.o(.text) refers to stm32f10x_tim.o(.text) for TIM_ITConfig
    irqserver.o(.text) refers to main.o(.data) for volume
    irqserver.o(.text) refers to irqserver.o(.data) for VolumeSub
    irqserver.o(.text) refers to wavsd.o(.data) for DACdone
    stm3210e_eval.o(.text) refers to stm32f10x_rcc.o(.text) for RCC_APB2PeriphClockCmd
    stm3210e_eval.o(.text) refers to stm32f10x_gpio.o(.text) for GPIO_Init
    stm3210e_eval.o(.text) refers to stm32f10x_exti.o(.text) for EXTI_Init
    stm3210e_eval.o(.text) refers to misc.o(.text) for NVIC_Init
    stm3210e_eval.o(.text) refers to stm32f10x_usart.o(.text) for USART_Init
    stm3210e_eval.o(.text) refers to stm32f10x_sdio.o(.text) for SDIO_ClockCmd
    stm3210e_eval.o(.text) refers to stm32f10x_dma.o(.text) for DMA_ClearFlag
    stm3210e_eval.o(.text) refers to stm32f10x_spi.o(.text) for SPI_Cmd
    stm3210e_eval.o(.text) refers to stm3210e_eval.o(.constdata) for GPIO_CLK
    stm3210e_eval.o(.text) refers to stm3210e_eval.o(.data) for GPIO_PORT
    stm3210e_eval_sdio_sd.o(.text) refers to stm3210e_eval.o(.text) for SD_LowLevel_DeInit
    stm3210e_eval_sdio_sd.o(.text) refers to stm32f10x_sdio.o(.text) for SDIO_ClearFlag
[...]
    .data                                    0x200000d4   Section        6  ff.o(.data)
    FatFs                                    0x200000d4   Data           4  ff.o(.data)
    Fsid                                     0x200000d8   Data           2  ff.o(.data)
    .data                                    0x200000dc   Section       32  rtx_conf_cm.o(.data)
    .data                                    0x200000fc   Section       20  stm32f10x_rcc.o(.data)
    APBAHBPrescTable                         0x200000fc   Data          16  stm32f10x_rcc.o(.data)
    ADCPrescTable                            0x2000010c   Data           4  stm32f10x_rcc.o(.data)
    .data                                    0x20000110   Section       20  system_stm32f10x.o(.data)
    .data                                    0x20000124   Section        8  rt_cmsis.o(.data)
    .data                                    0x2000012c   Section        8  rt_task.o(.data)
    .data                                    0x20000134   Section        8  rt_system.o(.data)
    os_lock                                  0x20000134   Data           1  rt_system.o(.data)
    os_psh_flag                              0x20000135   Data           1  rt_system.o(.data)
    pend_flags                               0x20000136   Data           1  rt_system.o(.data)
    .data                                    0x2000013c   Section        4  rt_time.o(.data)
    .data                                    0x20000140   Section        1  hal_cm.o(.data)
    .data                                    0x20000144   Section        8  rt_robin.o(.data)
    .bss                                     0x2000014c   Section      560  main.o(.bss)
    .bss                                     0x2000037c   Section    33792  sd.o(.bss)
    .bss                                     0x2000877c   Section    15016  wavsd.o(.bss)
    .bss                                     0x2000c224   Section       68  fatfs.o(.bss)
    .bss                                     0x2000c268   Section      204  stm3210e_eval_sdio_sd.o(.bss)
    CSD_Tab                                  0x2000c268   Data          16  stm3210e_eval_sdio_sd.o(.bss)
    CID_Tab                                  0x2000c278   Data          16  stm3210e_eval_sdio_sd.o(.bss)
    SDSTATUS_Tab                             0x2000c288   Data          16  stm3210e_eval_sdio_sd.o(.bss)
    .bss                                     0x2000c334   Section      258  ff.o(.bss)
    LfnBuf                                   0x2000c334   Data         258  ff.o(.bss)
    .bss                                     0x2000c438   Section     2216  rtx_conf_cm.o(.bss)
    .bss                                     0x2000cce0   Section       52  rt_task.o(.bss)
    .bss                                     0x2000cd14   Section       48  rt_list.o(.bss)
    STACK                                    0x2000cd48   Section     1024  startup_stm32f10x_hd.o(STACK)

    Global Symbols

    Symbol Name                              Value     Ov Type        Size  Object(Section)

    BuildAttributes$$THM_ISAv4$P$D$K$B$S$PE$A:L22UL41UL21$X:L11$S22US41US21$IEEE1$IW$USESV6$~STKCKD$USESV7$~SHL$OSPACE$ROPI$EBA8$MICROLIB$REQ8$PRES8$EABIv2 0x00000000   Number         0  anon$$obj.o ABSOLUTE
    __ARM_use_no_argv                        0x00000000   Number         0  main.o ABSOLUTE
    _printf_a                                0x00000000   Number         0  stubs.o ABSOLUTE
    _printf_c                                0x00000000   Number         0  stubs.o ABSOLUTE
    _printf_charcount                        0x00000000   Number         0  stubs.o ABSOLUTE
    _printf_d                                0x00000000   Number         0  stubs.o ABSOLUTE
    _printf_e                                0x00000000   Number         0  stubs.o ABSOLUTE
    _printf_f                                0x00000000   Number         0  stubs.o ABSOLUTE
    _printf_flags                            0x00000000   Number         0  stubs.o ABSOLUTE
    _printf_fp_dec                           0x00000000   Number         0  stubs.o ABSOLUTE
    _printf_fp_hex                           0x00000000   Number         0  stubs.o ABSOLUTE
    _printf_g                                0x00000000   Number         0  stubs.o ABSOLUTE
    _printf_i                                0x00000000   Number         0  stubs.o ABSOLUTE
    _printf_int_dec                          0x00000000   Number         0  stubs.o ABSOLUTE
    _printf_l                                0x00000000   Number         0  stubs.o ABSOLUTE
    _printf_lc                               0x00000000   Number         0  stubs.o ABSOLUTE
    _printf_ll                               0x00000000   Number         0  stubs.o ABSOLUTE
    _printf_lld                              0x00000000   Number         0  stubs.o ABSOLUTE
    _printf_lli                              0x00000000   Number         0  stubs.o ABSOLUTE
    _printf_llo                              0x00000000   Number         0  stubs.o ABSOLUTE
    _printf_llu                              0x00000000   Number         0  stubs.o ABSOLUTE
    _printf_llx                              0x00000000   Number         0  stubs.o ABSOLUTE
    _printf_longlong_dec                     0x00000000   Number         0  stubs.o ABSOLUTE
    _printf_longlong_hex                     0x00000000   Number         0  stubs.o ABSOLUTE
    _printf_longlong_oct                     0x00000000   Number         0  stubs.o ABSOLUTE
    _printf_ls                               0x00000000   Number         0  stubs.o ABSOLUTE
    _printf_mbtowc                           0x00000000   Number         0  stubs.o ABSOLUTE
    _printf_n                                0x00000000   Number         0  stubs.o ABSOLUTE
    _printf_o                                0x00000000   Number         0  stubs.o ABSOLUTE
    _printf_p                                0x00000000   Number         0  stubs.o ABSOLUTE
    _printf_percent                          0x00000000   Number         0  stubs.o ABSOLUTE
    _printf_pre_padding                      0x00000000   Number         0  stubs.o ABSOLUTE
    _printf_return_value                     0x00000000   Number         0  stubs.o ABSOLUTE
    _printf_s                                0x00000000   Number         0  stubs.o ABSOLUTE
    _printf_sizespec                         0x00000000   Number         0  stubs.o ABSOLUTE
    _printf_str                              0x00000000   Number         0  stubs.o ABSOLUTE
    _printf_truncate_signed                  0x00000000   Number         0  stubs.o ABSOLUTE
    _printf_truncate_unsigned                0x00000000   Number         0  stubs.o ABSOLUTE
    _printf_u                                0x00000000   Number         0  stubs.o ABSOLUTE
    _printf_wc                               0x00000000   Number         0  stubs.o ABSOLUTE
    _printf_wctomb                           0x00000000   Number         0  stubs.o ABSOLUTE
    _printf_widthprec                        0x00000000   Number         0  stubs.o ABSOLUTE
    _printf_x                                0x00000000   Number         0  stubs.o ABSOLUTE
    __cpp_initialize__aeabi_                  - Undefined Weak Reference
    __cxa_finalize                            - Undefined Weak Reference
    _clock_init                               - Undefined Weak Reference
    _microlib_exit                            - Undefined Weak Reference
    __Vectors_Size                           0x00000130   Number         0  startup_stm32f10x_hd.o ABSOLUTE
    __RL_RTX_VER                             0x00000473   Number         0  rt_system.o ABSOLUTE
    __Vectors                                0x08000000   Data           4  startup_stm32f10x_hd.o(RESET)
    __Vectors_End                            0x08000130   Data           0  startup_stm32f10x_hd.o(RESET)
    __main                                   0x08000131   Thumb Code     0  entry.o(.ARM.Collect$$$$00000000)
    _main_stk                                0x08000131   Thumb Code     0  entry2.o(.ARM.Collect$$$$00000001)
    _main_scatterload                        0x08000135   Thumb Code     0  entry5.o(.ARM.Collect$$$$00000004)
    __main_after_scatterload                 0x08000139   Thumb Code     0  entry5.o(.ARM.Collect$$$$00000004)
    __rt_final_cpp                           0x08000139   Thumb Code     0  entry10a.o(.ARM.Collect$$$$0000000D)
    __rt_final_exit                          0x08000139   Thumb Code     0  entry11a.o(.ARM.Collect$$$$0000000F)
    _main_clock                              0x08000139   Thumb Code     0  entry7b.o(.ARM.Collect$$$$00000008)
    _main_cpp_init                           0x08000139   Thumb Code     0  entry8b.o(.ARM.Collect$$$$0000000A)
    _main_init                               0x08000139   Thumb Code    18  rtx_conf_cm.o(.ARM.Collect$$$$000000FF)
    rt_set_PSP                               0x08000155   Thumb Code     6  hal_cm3.o(.emb_text)
    rt_get_PSP                               0x0800015b   Thumb Code     6  hal_cm3.o(.emb_text)
    os_set_env                               0x08000161   Thumb Code    24  hal_cm3.o(.emb_text)
    _alloc_box                               0x0800017d   Thumb Code    28  hal_cm3.o(.emb_text)
    _free_box                                0x0800019d   Thumb Code    28  hal_cm3.o(.emb_text)
    SVC_Handler                              0x080001bd   Thumb Code   108  hal_cm3.o(.emb_text)
    PendSV_Handler                           0x08000235   Thumb Code    56  hal_cm3.o(.emb_text)
    SysTick_Handler                          0x08000271   Thumb Code     8  hal_cm3.o(.emb_text)
    OS_Tick_Handler                          0x08000279   Thumb Code    12  hal_cm3.o(.emb_text)
    main                                     0x08000285   Thumb Code   300  main.o(.text)
    USART1_IRQHandler                        0x080003b1   Thumb Code    88  main.o(.text)
    USART1_Init                              0x08000489   Thumb Code   178  usart1.o(.text)
    SerialPutChar                            0x0800053b   Thumb Code    28  usart1.o(.text)
    Serial_PutString                         0x08000557   Thumb Code    22  usart1.o(.text)
    DAC1_Init                                0x08000575   Thumb Code   144  dac.o(.text)
    DAC_Play                                 0x08000605   Thumb Code    14  dac.o(.text)
    Buffercmp                                0x0800061d   Thumb Code    34  sd.o(.text)
    Fill_Buffer                              0x0800063f   Thumb Code    24  sd.o(.text)
    SD_MultiBlockTest                        0x08000657   Thumb Code   152  sd.o(.text)
    SD_SingleBlockTest                       0x080006ef   Thumb Code   150  sd.o(.text)
    eBuffercmp                               0x08000785   Thumb Code    32  sd.o(.text)
    SD_EraseTest                             0x080007a5   Thumb Code   112  sd.o(.text)
    NVIC_Configuration                       0x08000815   Thumb Code    40  sd.o(.text)
    SD_Config                                0x0800083d   Thumb Code   150  sd.o(.text)
    SDIO_IRQHandler                          0x080008d3   Thumb Code     8  sd.o(.text)
    WAV_Num                                  0x080009fd   Thumb Code    70  wavsd.o(.text)
    WAV_Info                                 0x08000a43   Thumb Code    34  wavsd.o(.text)
    WavHeaderInit                            0x08000a65   Thumb Code   210  wavsd.o(.text)
    PrintWavHeader                           0x08000b37   Thumb Code   280  wavsd.o(.text)
    Time_Init                                0x08000c4f   Thumb Code   108  wavsd.o(.text)
    WavPlayConfig                            0x08000cbb   Thumb Code   236  wavsd.o(.text)
    WavPlay                                  0x08000da7   Thumb Code   888  wavsd.o(.text)
    TIM3_IRQHandler                          0x0800111f   Thumb Code   778  wavsd.o(.text)
    EXTI3_IRQHandler                         0x08001429   Thumb Code    24  wavsd.o(.text)
    EXTI15_10_IRQHandler                     0x08001441   Thumb Code    70  wavsd.o(.text)
    EXTI9_5_IRQHandler                       0x08001487   Thumb Code    46  wavsd.o(.text)
    EXTI0_IRQHandler                         0x080014b5   Thumb Code    36  wavsd.o(.text)
    PrintList                                0x080014fd   Thumb Code   112  fatfs.o(.text)
    ShowAllFile                              0x0800156d   Thumb Code   194  fatfs.o(.text)
    EXTI_Volume_Config                       0x0800168d   Thumb Code   152  key.o(.text)
    EXTI_PlayOrWait_Config                   0x08001725   Thumb Code    96  key.o(.text)
    EXTI_Stop_Config                         0x08001785   Thumb Code   100  key.o(.text)
    EXTI_Play_Config                         0x080017e9   Thumb Code    94  key.o(.text)
    EXTI_LastNext_Config                     0x08001847   Thumb Code   136  key.o(.text)
    Volume_Sub                               0x080018dd   Thumb Code    44  irqserver.o(.text)
    Volume_Add                               0x08001909   Thumb Code    44  irqserver.o(.text)
    Next_Music                               0x08001935   Thumb Code   108  irqserver.o(.text)
    Last_Music                               0x080019a1   Thumb Code    90  irqserver.o(.text)
    Play_Wait                                0x080019fb   Thumb Code    96  irqserver.o(.text)
    Stop_Key                                 0x08001a5b   Thumb Code    56  irqserver.o(.text)
    STM_EVAL_LEDInit                         0x08001b55   Thumb Code    52  stm3210e_eval.o(.text)
    STM_EVAL_LEDOn                           0x08001b89   Thumb Code    16  stm3210e_eval.o(.text)
    STM_EVAL_LEDOff                          0x08001b99   Thumb Code    16  stm3210e_eval.o(.text)
    STM_EVAL_LEDToggle                       0x08001ba9   Thumb Code    26  stm3210e_eval.o(.text)
    STM_EVAL_PBInit                          0x08001bc3   Thumb Code   146  stm3210e_eval.o(.text)
    STM_EVAL_PBGetState                      0x08001c55   Thumb Code    22  stm3210e_eval.o(.text)
    STM_EVAL_COMInit                         0x08001c6b   Thumb Code   146  stm3210e_eval.o(.text)
    SD_LowLevel_DeInit                       0x08001cfd   Thumb Code    66  stm3210e_eval.o(.text)
    SD_LowLevel_Init                         0x08001d3f   Thumb Code    92  stm3210e_eval.o(.text)
    SD_LowLevel_DMA_TxConfig                 0x08001d9b   Thumb Code    96  stm3210e_eval.o(.text)
    SD_LowLevel_DMA_RxConfig                 0x08001dfb   Thumb Code    96  stm3210e_eval.o(.text)
    SD_DMAEndOfTransferStatus                0x08001e5b   Thumb Code    10  stm3210e_eval.o(.text)
    sFLASH_LowLevel_DeInit                   0x08001e65   Thumb Code    90  stm3210e_eval.o(.text)
    sFLASH_LowLevel_Init                     0x08001ebf   Thumb Code   100  stm3210e_eval.o(.text)
    LM75_LowLevel_Init                       0x08001f23   Thumb Code   196  stm3210e_eval.o(.text)
    SD_DeInit                                0x08001fed   Thumb Code     8  stm3210e_eval_sdio_sd.o(.text)
    SD_EnableWideBusOperation                0x080023b3   Thumb Code   164  stm3210e_eval_sdio_sd.o(.text)
    SD_SelectDeselect                        0x08002457   Thumb Code    48  stm3210e_eval_sdio_sd.o(.text)
    SD_GetCardInfo                           0x08002487   Thumb Code   742  stm3210e_eval_sdio_sd.o(.text)
    SD_InitializeCards                       0x08002869   Thumb Code   294  stm3210e_eval_sdio_sd.o(.text)
    SD_PowerON                               0x08002a37   Thumb Code   400  stm3210e_eval_sdio_sd.o(.text)
    SD_Init                                  0x08002bc7   Thumb Code   124  stm3210e_eval_sdio_sd.o(.text)
    SD_SendStatus                            0x08002c43   Thumb Code   114  stm3210e_eval_sdio_sd.o(.text)
    SD_Detect                                0x08002cb5   Thumb Code    26  stm3210e_eval_sdio_sd.o(.text)
    SD_GetState                              0x08002ccf   Thumb Code    38  stm3210e_eval_sdio_sd.o(.text)
    SD_GetStatus                             0x08002cf5   Thumb Code    30  stm3210e_eval_sdio_sd.o(.text)
    SD_PowerOFF                              0x08002d13   Thumb Code    14  stm3210e_eval_sdio_sd.o(.text)
    SD_SendSDStatus                          0x08002d21   Thumb Code   368  stm3210e_eval_sdio_sd.o(.text)
    SD_GetCardStatus                         0x08002e91   Thumb Code   156  stm3210e_eval_sdio_sd.o(.text)
    SD_ReadBlock                             0x08002f2d   Thumb Code   210  stm3210e_eval_sdio_sd.o(.text)
    SD_ReadMultiBlocks                       0x08002fff   Thumb Code   262  stm3210e_eval_sdio_sd.o(.text)
    SD_StopTransfer                          0x08003105   Thumb Code    46  stm3210e_eval_sdio_sd.o(.text)
    SD_WaitReadOperation                     0x08003133   Thumb Code   102  stm3210e_eval_sdio_sd.o(.text)
    SD_WriteBlock                            0x08003199   Thumb Code   208  stm3210e_eval_sdio_sd.o(.text)
    SD_WriteMultiBlocks                      0x08003269   Thumb Code   312  stm3210e_eval_sdio_sd.o(.text)
    SD_WaitWriteOperation                    0x080033a1   Thumb Code   102  stm3210e_eval_sdio_sd.o(.text)
    SD_GetTransferState                      0x08003407   Thumb Code    18  stm3210e_eval_sdio_sd.o(.text)
    SD_Erase                                 0x080035cd   Thumb Code   298  stm3210e_eval_sdio_sd.o(.text)
    SD_ProcessIRQSrc                         0x080036f7   Thumb Code   162  stm3210e_eval_sdio_sd.o(.text)
    SD_ProcessDMAIRQ                         0x08003799   Thumb Code    26  stm3210e_eval_sdio_sd.o(.text)
    convert_from_bytes_to_power_of_two       0x080037b3   Thumb Code    18  stm3210e_eval_sdio_sd.o(.text)
    PrintCardType                            0x080037c5   Thumb Code   108  stm3210e_eval_sdio_sd.o(.text)
    clust2sect                               0x08003a85   Thumb Code    26  ff.o(.text)
    get_fat                                  0x08003a9f   Thumb Code   228  ff.o(.text)
    put_fat                                  0x08003b83   Thumb Code   310  ff.o(.text)
    gen_numname                              0x08004113   Thumb Code   190  ff.o(.text)
    f_mount                                  0x08004e07   Thumb Code    58  ff.o(.text)
    f_open                                   0x08004e41   Thumb Code   368  ff.o(.text)
    f_read                                   0x08004fb1   Thumb Code   462  ff.o(.text)
    f_write                                  0x0800517f   Thumb Code   532  ff.o(.text)
    f_sync                                   0x08005393   Thumb Code   184  ff.o(.text)
    f_close                                  0x0800544b   Thumb Code    22  ff.o(.text)
    f_lseek                                  0x08005461   Thumb Code   432  ff.o(.text)
    f_opendir                                0x08005611   Thumb Code   114  ff.o(.text)
    f_readdir                                0x08005683   Thumb Code    92  ff.o(.text)
    f_stat                                   0x080056df   Thumb Code    62  ff.o(.text)
    f_getfree                                0x0800571d   Thumb Code   276  ff.o(.text)
    f_truncate                               0x08005831   Thumb Code   156  ff.o(.text)
    f_unlink                                 0x080058cd   Thumb Code   182  ff.o(.text)
    f_mkdir                                  0x08005983   Thumb Code   394  ff.o(.text)
    f_chmod                                  0x08005b0d   Thumb Code    88  ff.o(.text)
    f_utime                                  0x08005b65   Thumb Code    90  ff.o(.text)
    f_rename                                 0x08005bbf   Thumb Code   294  ff.o(.text)
    disk_initialize                          0x08005ce9   Thumb Code    42  diskio.o(.text)
    disk_status                              0x08005d13   Thumb Code    26  diskio.o(.text)
    disk_read                                0x08005d2d   Thumb Code    90  diskio.o(.text)
    disk_write                               0x08005d87   Thumb Code    90  diskio.o(.text)
    disk_ioctl                               0x08005de1   Thumb Code   128  diskio.o(.text)
    get_fattime                              0x08005e61   Thumb Code     4  diskio.o(.text)
    ff_convert                               0x08005e81   Thumb Code   116  cc936.o(.text)
    ff_wtoupper                              0x08005ef5   Thumb Code    46  cc936.o(.text)
    os_idle_demon                            0x08005f35   Thumb Code     4  rtx_conf_cm.o(.text)
    os_error                                 0x08005f39   Thumb Code    26  rtx_conf_cm.o(.text)
    NVIC_PriorityGroupConfig                 0x08005f55   Thumb Code    10  misc.o(.text)
    NVIC_Init                                0x08005f5f   Thumb Code   100  misc.o(.text)
    NVIC_SetVectorTable                      0x08005fc3   Thumb Code    14  misc.o(.text)
    NVIC_SystemLPConfig                      0x08005fd1   Thumb Code    34  misc.o(.text)
    SysTick_CLKSourceConfig                  0x08005ff3   Thumb Code    40  misc.o(.text)
    DAC_DeInit                               0x08006031   Thumb Code    22  stm32f10x_dac.o(.text)
    DAC_Init                                 0x08006047   Thumb Code    46  stm32f10x_dac.o(.text)
    DAC_StructInit                           0x08006075   Thumb Code    12  stm32f10x_dac.o(.text)
    DAC_Cmd                                  0x08006081   Thumb Code    34  stm32f10x_dac.o(.text)
    DAC_DMACmd                               0x080060a3   Thumb Code    38  stm32f10x_dac.o(.text)
    DAC_SoftwareTriggerCmd                   0x080060c9   Thumb Code    48  stm32f10x_dac.o(.text)
    DAC_DualSoftwareTriggerCmd               0x080060f9   Thumb Code    38  stm32f10x_dac.o(.text)
    DAC_WaveGenerationCmd                    0x0800611f   Thumb Code    36  stm32f10x_dac.o(.text)
    DAC_SetChannel1Data                      0x08006143   Thumb Code    26  stm32f10x_dac.o(.text)
    DAC_SetChannel2Data                      0x0800615d   Thumb Code    26  stm32f10x_dac.o(.text)
    DAC_SetDualChannelData                   0x08006177   Thumb Code    32  stm32f10x_dac.o(.text)
    DAC_GetDataOutputValue                   0x08006197   Thumb Code    32  stm32f10x_dac.o(.text)
    DMA_DeInit                               0x080061bd   Thumb Code   324  stm32f10x_dma.o(.text)
    DMA_Init                                 0x08006301   Thumb Code    60  stm32f10x_dma.o(.text)
    DMA_StructInit                           0x0800633d   Thumb Code    26  stm32f10x_dma.o(.text)
    DMA_Cmd                                  0x08006357   Thumb Code    24  stm32f10x_dma.o(.text)
    DMA_ITConfig                             0x0800636f   Thumb Code    18  stm32f10x_dma.o(.text)
    DMA_SetCurrDataCounter                   0x08006381   Thumb Code     4  stm32f10x_dma.o(.text)
    DMA_GetCurrDataCounter                   0x08006385   Thumb Code     8  stm32f10x_dma.o(.text)
    DMA_GetFlagStatus                        0x0800638d   Thumb Code    40  stm32f10x_dma.o(.text)
    DMA_ClearFlag                            0x080063b5   Thumb Code    22  stm32f10x_dma.o(.text)
    DMA_GetITStatus                          0x080063cb   Thumb Code    40  stm32f10x_dma.o(.text)
    DMA_ClearITPendingBit                    0x080063f3   Thumb Code    22  stm32f10x_dma.o(.text)
    EXTI_DeInit                              0x08006411   Thumb Code    28  stm32f10x_exti.o(.text)
    EXTI_Init                                0x0800642d   Thumb Code   142  stm32f10x_exti.o(.text)
    EXTI_StructInit                          0x080064bb   Thumb Code    16  stm32f10x_exti.o(.text)
    EXTI_GenerateSWInterrupt                 0x080064cb   Thumb Code    16  stm32f10x_exti.o(.text)
    EXTI_GetFlagStatus                       0x080064db   Thumb Code    22  stm32f10x_exti.o(.text)
    EXTI_ClearFlag                           0x080064f1   Thumb Code     8  stm32f10x_exti.o(.text)
    EXTI_GetITStatus                         0x080064f9   Thumb Code    34  stm32f10x_exti.o(.text)
    EXTI_ClearITPendingBit                   0x0800651b   Thumb Code     8  stm32f10x_exti.o(.text)
    GPIO_DeInit                              0x0800652d   Thumb Code   172  stm32f10x_gpio.o(.text)
    GPIO_AFIODeInit                          0x080065d9   Thumb Code    20  stm32f10x_gpio.o(.text)
    GPIO_Init                                0x080065ed   Thumb Code   278  stm32f10x_gpio.o(.text)
    GPIO_StructInit                          0x08006703   Thumb Code    16  stm32f10x_gpio.o(.text)
    GPIO_ReadInputDataBit                    0x08006713   Thumb Code    18  stm32f10x_gpio.o(.text)
    GPIO_ReadInputData                       0x08006725   Thumb Code     8  stm32f10x_gpio.o(.text)
    GPIO_ReadOutputDataBit                   0x0800672d   Thumb Code    18  stm32f10x_gpio.o(.text)
    GPIO_ReadOutputData                      0x0800673f   Thumb Code     8  stm32f10x_gpio.o(.text)
    GPIO_SetBits                             0x08006747   Thumb Code     4  stm32f10x_gpio.o(.text)
    GPIO_ResetBits                           0x0800674b   Thumb Code     4  stm32f10x_gpio.o(.text)
    GPIO_WriteBit                            0x0800674f   Thumb Code    10  stm32f10x_gpio.o(.text)
    GPIO_Write                               0x08006759   Thumb Code     4  stm32f10x_gpio.o(.text)
    GPIO_PinLockConfig                       0x0800675d   Thumb Code    18  stm32f10x_gpio.o(.text)
    GPIO_EventOutputConfig                   0x0800676f   Thumb Code    26  stm32f10x_gpio.o(.text)
    GPIO_EventOutputCmd                      0x08006789   Thumb Code     6  stm32f10x_gpio.o(.text)
    GPIO_PinRemapConfig                      0x0800678f   Thumb Code   138  stm32f10x_gpio.o(.text)
    GPIO_EXTILineConfig                      0x08006819   Thumb Code    66  stm32f10x_gpio.o(.text)
    GPIO_ETH_MediaInterfaceConfig            0x0800685b   Thumb Code     8  stm32f10x_gpio.o(.text)
    RCC_DeInit                               0x08006889   Thumb Code    64  stm32f10x_rcc.o(.text)
    RCC_HSEConfig                            0x080068c9   Thumb Code    70  stm32f10x_rcc.o(.text)
    RCC_GetFlagStatus                        0x0800690f   Thumb Code    56  stm32f10x_rcc.o(.text)
    RCC_WaitForHSEStartUp                    0x08006947   Thumb Code    56  stm32f10x_rcc.o(.text)
    RCC_AdjustHSICalibrationValue            0x0800697f   Thumb Code    20  stm32f10x_rcc.o(.text)
    RCC_HSICmd                               0x08006993   Thumb Code     6  stm32f10x_rcc.o(.text)
    RCC_PLLConfig                            0x08006999   Thumb Code    24  stm32f10x_rcc.o(.text)
    RCC_PLLCmd                               0x080069b1   Thumb Code     6  stm32f10x_rcc.o(.text)
    RCC_SYSCLKConfig                         0x080069b7   Thumb Code    18  stm32f10x_rcc.o(.text)
    RCC_GetSYSCLKSource                      0x080069c9   Thumb Code    10  stm32f10x_rcc.o(.text)
    RCC_HCLKConfig                           0x080069d3   Thumb Code    18  stm32f10x_rcc.o(.text)
    RCC_PCLK1Config                          0x080069e5   Thumb Code    18  stm32f10x_rcc.o(.text)
    RCC_PCLK2Config                          0x080069f7   Thumb Code    20  stm32f10x_rcc.o(.text)
    RCC_ITConfig                             0x08006a0b   Thumb Code    26  stm32f10x_rcc.o(.text)
    RCC_USBCLKConfig                         0x08006a25   Thumb Code     8  stm32f10x_rcc.o(.text)
    RCC_ADCCLKConfig                         0x08006a2d   Thumb Code    18  stm32f10x_rcc.o(.text)
    RCC_LSEConfig                            0x08006a3f   Thumb Code    50  stm32f10x_rcc.o(.text)
    RCC_LSICmd                               0x08006a71   Thumb Code     6  stm32f10x_rcc.o(.text)
    RCC_RTCCLKConfig                         0x08006a77   Thumb Code    12  stm32f10x_rcc.o(.text)
    RCC_RTCCLKCmd                            0x08006a83   Thumb Code     8  stm32f10x_rcc.o(.text)
    RCC_GetClocksFreq                        0x08006a8b   Thumb Code   192  stm32f10x_rcc.o(.text)
    RCC_AHBPeriphClockCmd                    0x08006b4b   Thumb Code    26  stm32f10x_rcc.o(.text)
    RCC_APB2PeriphClockCmd                   0x08006b65   Thumb Code    26  stm32f10x_rcc.o(.text)
    RCC_APB1PeriphClockCmd                   0x08006b7f   Thumb Code    26  stm32f10x_rcc.o(.text)
    RCC_APB2PeriphResetCmd                   0x08006b99   Thumb Code    26  stm32f10x_rcc.o(.text)
    RCC_APB1PeriphResetCmd                   0x08006bb3   Thumb Code    26  stm32f10x_rcc.o(.text)
    RCC_BackupResetCmd                       0x08006bcd   Thumb Code     8  stm32f10x_rcc.o(.text)
    RCC_ClockSecuritySystemCmd               0x08006bd5   Thumb Code     6  stm32f10x_rcc.o(.text)
    RCC_MCOConfig                            0x08006bdb   Thumb Code     6  stm32f10x_rcc.o(.text)
    RCC_ClearFlag                            0x08006be1   Thumb Code    14  stm32f10x_rcc.o(.text)
    RCC_GetITStatus                          0x08006bef   Thumb Code    20  stm32f10x_rcc.o(.text)
    RCC_ClearITPendingBit                    0x08006c03   Thumb Code     6  stm32f10x_rcc.o(.text)
    SDIO_DeInit                              0x08006c2d   Thumb Code    28  stm32f10x_sdio.o(.text)
    SDIO_Init                                0x08006c49   Thumb Code    42  stm32f10x_sdio.o(.text)
    SDIO_StructInit                          0x08006c73   Thumb Code    16  stm32f10x_sdio.o(.text)
    SDIO_ClockCmd                            0x08006c83   Thumb Code     6  stm32f10x_sdio.o(.text)
    SDIO_SetPowerState                       0x08006c89   Thumb Code    22  stm32f10x_sdio.o(.text)
    SDIO_GetPowerState                       0x08006c9f   Thumb Code    10  stm32f10x_sdio.o(.text)
    SDIO_ITConfig                            0x08006ca9   Thumb Code    26  stm32f10x_sdio.o(.text)
    SDIO_DMACmd                              0x08006cc3   Thumb Code     6  stm32f10x_sdio.o(.text)
    SDIO_SendCommand                         0x08006cc9   Thumb Code    38  stm32f10x_sdio.o(.text)
    SDIO_CmdStructInit                       0x08006cef   Thumb Code    14  stm32f10x_sdio.o(.text)
    SDIO_GetCommandResponse                  0x08006cfd   Thumb Code     8  stm32f10x_sdio.o(.text)
    SDIO_GetResponse                         0x08006d05   Thumb Code    22  stm32f10x_sdio.o(.text)
    SDIO_DataConfig                          0x08006d1b   Thumb Code    42  stm32f10x_sdio.o(.text)
    SDIO_DataStructInit                      0x08006d45   Thumb Code    20  stm32f10x_sdio.o(.text)
    SDIO_GetDataCounter                      0x08006d59   Thumb Code     6  stm32f10x_sdio.o(.text)
    SDIO_ReadData                            0x08006d5f   Thumb Code     8  stm32f10x_sdio.o(.text)
    SDIO_WriteData                           0x08006d67   Thumb Code     8  stm32f10x_sdio.o(.text)
    SDIO_GetFIFOCount                        0x08006d6f   Thumb Code     6  stm32f10x_sdio.o(.text)
    SDIO_StartSDIOReadWait                   0x08006d75   Thumb Code     8  stm32f10x_sdio.o(.text)
    SDIO_StopSDIOReadWait                    0x08006d7d   Thumb Code     8  stm32f10x_sdio.o(.text)
    SDIO_SetSDIOReadWaitMode                 0x08006d85   Thumb Code     8  stm32f10x_sdio.o(.text)
    SDIO_SetSDIOOperation                    0x08006d8d   Thumb Code     8  stm32f10x_sdio.o(.text)
    SDIO_SendSDIOSuspendCmd                  0x08006d95   Thumb Code     6  stm32f10x_sdio.o(.text)
    SDIO_CommandCompletionCmd                0x08006d9b   Thumb Code     8  stm32f10x_sdio.o(.text)
    SDIO_CEATAITCmd                          0x08006da3   Thumb Code    12  stm32f10x_sdio.o(.text)
    SDIO_SendCEATACmd                        0x08006daf   Thumb Code     8  stm32f10x_sdio.o(.text)
    SDIO_GetFlagStatus                       0x08006db7   Thumb Code    20  stm32f10x_sdio.o(.text)
    SDIO_ClearFlag                           0x08006dcb   Thumb Code     6  stm32f10x_sdio.o(.text)
    SDIO_GetITStatus                         0x08006dd1   Thumb Code    20  stm32f10x_sdio.o(.text)
    SDIO_ClearITPendingBit                   0x08006de5   Thumb Code     6  stm32f10x_sdio.o(.text)
    SPI_I2S_DeInit                           0x08006e01   Thumb Code    76  stm32f10x_spi.o(.text)
    SPI_Init                                 0x08006e4d   Thumb Code    60  stm32f10x_spi.o(.text)
    I2S_Init                                 0x08006e89   Thumb Code   226  stm32f10x_spi.o(.text)
    SPI_StructInit                           0x08006f6b   Thumb Code    24  stm32f10x_spi.o(.text)
    I2S_StructInit                           0x08006f83   Thumb Code    20  stm32f10x_spi.o(.text)
    SPI_Cmd                                  0x08006f97   Thumb Code    24  stm32f10x_spi.o(.text)
    I2S_Cmd                                  0x08006faf   Thumb Code    24  stm32f10x_spi.o(.text)
    SPI_I2S_ITConfig                         0x08006fc7   Thumb Code    32  stm32f10x_spi.o(.text)
    SPI_I2S_DMACmd                           0x08006fe7   Thumb Code    18  stm32f10x_spi.o(.text)
    SPI_I2S_SendData                         0x08006ff9   Thumb Code     4  stm32f10x_spi.o(.text)
    SPI_I2S_ReceiveData                      0x08006ffd   Thumb Code     6  stm32f10x_spi.o(.text)
    SPI_NSSInternalSoftwareConfig            0x08007003   Thumb Code    30  stm32f10x_spi.o(.text)
    SPI_SSOutputCmd                          0x08007021   Thumb Code    24  stm32f10x_spi.o(.text)
    SPI_DataSizeConfig                       0x08007039   Thumb Code    18  stm32f10x_spi.o(.text)
    SPI_TransmitCRC                          0x0800704b   Thumb Code    10  stm32f10x_spi.o(.text)
    SPI_CalculateCRC                         0x08007055   Thumb Code    24  stm32f10x_spi.o(.text)
    SPI_GetCRC                               0x0800706d   Thumb Code    16  stm32f10x_spi.o(.text)
    SPI_GetCRCPolynomial                     0x0800707d   Thumb Code     6  stm32f10x_spi.o(.text)
    SPI_BiDirectionalLineConfig              0x08007083   Thumb Code    28  stm32f10x_spi.o(.text)
    SPI_I2S_GetFlagStatus                    0x0800709f   Thumb Code    18  stm32f10x_spi.o(.text)
    SPI_I2S_ClearFlag                        0x080070b1   Thumb Code     6  stm32f10x_spi.o(.text)
    SPI_I2S_GetITStatus                      0x080070b7   Thumb Code    52  stm32f10x_spi.o(.text)
    SPI_I2S_ClearITPendingBit                0x080070eb   Thumb Code    20  stm32f10x_spi.o(.text)
    TIM_DeInit                               0x0800710d   Thumb Code   424  stm32f10x_tim.o(.text)
    TIM_TimeBaseInit                         0x080072b5   Thumb Code   122  stm32f10x_tim.o(.text)
    TIM_OC1Init                              0x0800732f   Thumb Code   132  stm32f10x_tim.o(.text)
    TIM_OC2Init                              0x080073b3   Thumb Code   154  stm32f10x_tim.o(.text)
    TIM_OC3Init                              0x0800744d   Thumb Code   150  stm32f10x_tim.o(.text)
    TIM_OC4Init                              0x080074e3   Thumb Code   182  stm32f10x_tim.o(.text)
    TIM_SetIC4Prescaler                      0x08007599   Thumb Code    26  stm32f10x_tim.o(.text)
    TIM_SetIC3Prescaler                      0x08007635   Thumb Code    18  stm32f10x_tim.o(.text)
    TIM_SetIC2Prescaler                      0x080076c1   Thumb Code    26  stm32f10x_tim.o(.text)
    TIM_SetIC1Prescaler                      0x0800775d   Thumb Code    18  stm32f10x_tim.o(.text)
    TIM_ICInit                               0x080077db   Thumb Code   150  stm32f10x_tim.o(.text)
    TIM_PWMIConfig                           0x08007871   Thumb Code   124  stm32f10x_tim.o(.text)
    TIM_BDTRConfig                           0x080078ed   Thumb Code    32  stm32f10x_tim.o(.text)
    TIM_TimeBaseStructInit                   0x0800790d   Thumb Code    18  stm32f10x_tim.o(.text)
    TIM_OCStructInit                         0x0800791f   Thumb Code    20  stm32f10x_tim.o(.text)
    TIM_ICStructInit                         0x08007933   Thumb Code    18  stm32f10x_tim.o(.text)
    TIM_BDTRStructInit                       0x08007945   Thumb Code    40  stm32f10x_tim.o(.text)
    TIM_Cmd                                  0x0800796d   Thumb Code    24  stm32f10x_tim.o(.text)
    TIM_CtrlPWMOutputs                       0x08007985   Thumb Code    30  stm32f10x_tim.o(.text)
    TIM_ITConfig                             0x080079a3   Thumb Code    18  stm32f10x_tim.o(.text)
    TIM_GenerateEvent                        0x080079b5   Thumb Code     4  stm32f10x_tim.o(.text)
    TIM_DMAConfig                            0x080079b9   Thumb Code    10  stm32f10x_tim.o(.text)
    TIM_DMACmd                               0x080079c3   Thumb Code    18  stm32f10x_tim.o(.text)
    TIM_InternalClockConfig                  0x080079d5   Thumb Code    12  stm32f10x_tim.o(.text)
    TIM_SelectInputTrigger                   0x080079e1   Thumb Code    18  stm32f10x_tim.o(.text)
    TIM_ITRxExternalClockConfig              0x080079f3   Thumb Code    24  stm32f10x_tim.o(.text)
    TIM_TIxExternalClockConfig               0x08007a0b   Thumb Code    62  stm32f10x_tim.o(.text)
    TIM_ETRConfig                            0x08007a49   Thumb Code    28  stm32f10x_tim.o(.text)
    TIM_ETRClockMode1Config                  0x08007a65   Thumb Code    54  stm32f10x_tim.o(.text)
    TIM_ETRClockMode2Config                  0x08007a9b   Thumb Code    32  stm32f10x_tim.o(.text)
    TIM_PrescalerConfig                      0x08007abb   Thumb Code     6  stm32f10x_tim.o(.text)
    TIM_CounterModeConfig                    0x08007ac1   Thumb Code    18  stm32f10x_tim.o(.text)
    TIM_EncoderInterfaceConfig               0x08007ad3   Thumb Code    66  stm32f10x_tim.o(.text)
    TIM_ForcedOC1Config                      0x08007b15   Thumb Code    18  stm32f10x_tim.o(.text)
    TIM_ForcedOC2Config                      0x08007b27   Thumb Code    26  stm32f10x_tim.o(.text)
    TIM_ForcedOC3Config                      0x08007b41   Thumb Code    18  stm32f10x_tim.o(.text)
    TIM_ForcedOC4Config                      0x08007b53   Thumb Code    26  stm32f10x_tim.o(.text)
    TIM_ARRPreloadConfig                     0x08007b6d   Thumb Code    24  stm32f10x_tim.o(.text)
    TIM_SelectCOM                            0x08007b85   Thumb Code    24  stm32f10x_tim.o(.text)
    TIM_SelectCCDMA                          0x08007b9d   Thumb Code    24  stm32f10x_tim.o(.text)
    TIM_CCPreloadControl                     0x08007bb5   Thumb Code    24  stm32f10x_tim.o(.text)
    TIM_OC1PreloadConfig                     0x08007bcd   Thumb Code    18  stm32f10x_tim.o(.text)
    TIM_OC2PreloadConfig                     0x08007bdf   Thumb Code    26  stm32f10x_tim.o(.text)
    TIM_OC3PreloadConfig                     0x08007bf9   Thumb Code    18  stm32f10x_tim.o(.text)
    TIM_OC4PreloadConfig                     0x08007c0b   Thumb Code    26  stm32f10x_tim.o(.text)
    TIM_OC1FastConfig                        0x08007c25   Thumb Code    18  stm32f10x_tim.o(.text)
    TIM_OC2FastConfig                        0x08007c37   Thumb Code    26  stm32f10x_tim.o(.text)
    TIM_OC3FastConfig                        0x08007c51   Thumb Code    18  stm32f10x_tim.o(.text)
    TIM_OC4FastConfig                        0x08007c63   Thumb Code    26  stm32f10x_tim.o(.text)
    TIM_ClearOC1Ref                          0x08007c7d   Thumb Code    18  stm32f10x_tim.o(.text)
    TIM_ClearOC2Ref                          0x08007c8f   Thumb Code    24  stm32f10x_tim.o(.text)
    TIM_ClearOC3Ref                          0x08007ca7   Thumb Code    18  stm32f10x_tim.o(.text)
    TIM_ClearOC4Ref                          0x08007cb9   Thumb Code    24  stm32f10x_tim.o(.text)
    TIM_OC1PolarityConfig                    0x08007cd1   Thumb Code    18  stm32f10x_tim.o(.text)
    TIM_OC1NPolarityConfig                   0x08007ce3   Thumb Code    18  stm32f10x_tim.o(.text)
    TIM_OC2PolarityConfig                    0x08007cf5   Thumb Code    26  stm32f10x_tim.o(.text)
    TIM_OC2NPolarityConfig                   0x08007d0f   Thumb Code    26  stm32f10x_tim.o(.text)
    TIM_OC3PolarityConfig                    0x08007d29   Thumb Code    26  stm32f10x_tim.o(.text)
    TIM_OC3NPolarityConfig                   0x08007d43   Thumb Code    26  stm32f10x_tim.o(.text)
    TIM_OC4PolarityConfig                    0x08007d5d   Thumb Code    26  stm32f10x_tim.o(.text)
    TIM_CCxCmd                               0x08007d77   Thumb Code    30  stm32f10x_tim.o(.text)
    TIM_CCxNCmd                              0x08007d95   Thumb Code    30  stm32f10x_tim.o(.text)
    TIM_SelectOCxM                           0x08007db3   Thumb Code    82  stm32f10x_tim.o(.text)
    TIM_UpdateDisableConfig                  0x08007e05   Thumb Code    24  stm32f10x_tim.o(.text)
    TIM_UpdateRequestConfig                  0x08007e1d   Thumb Code    24  stm32f10x_tim.o(.text)
    TIM_SelectHallSensor                     0x08007e35   Thumb Code    24  stm32f10x_tim.o(.text)
    TIM_SelectOnePulseMode                   0x08007e4d   Thumb Code    18  stm32f10x_tim.o(.text)
    TIM_SelectOutputTrigger                  0x08007e5f   Thumb Code    18  stm32f10x_tim.o(.text)
    TIM_SelectSlaveMode                      0x08007e71   Thumb Code    18  stm32f10x_tim.o(.text)
    TIM_SelectMasterSlaveMode                0x08007e83   Thumb Code    18  stm32f10x_tim.o(.text)
    TIM_SetCounter                           0x08007e95   Thumb Code     4  stm32f10x_tim.o(.text)
    TIM_SetAutoreload                        0x08007e99   Thumb Code     4  stm32f10x_tim.o(.text)
    TIM_SetCompare1                          0x08007e9d   Thumb Code     4  stm32f10x_tim.o(.text)
    TIM_SetCompare2                          0x08007ea1   Thumb Code     4  stm32f10x_tim.o(.text)
    TIM_SetCompare3                          0x08007ea5   Thumb Code     4  stm32f10x_tim.o(.text)
    TIM_SetCompare4                          0x08007ea9   Thumb Code     6  stm32f10x_tim.o(.text)
    TIM_SetClockDivision                     0x08007eaf   Thumb Code    18  stm32f10x_tim.o(.text)
    TIM_GetCapture1                          0x08007ec1   Thumb Code     6  stm32f10x_tim.o(.text)
    TIM_GetCapture2                          0x08007ec7   Thumb Code     6  stm32f10x_tim.o(.text)
    TIM_GetCapture3                          0x08007ecd   Thumb Code     6  stm32f10x_tim.o(.text)
    TIM_GetCapture4                          0x08007ed3   Thumb Code     8  stm32f10x_tim.o(.text)
    TIM_GetCounter                           0x08007edb   Thumb Code     6  stm32f10x_tim.o(.text)
    TIM_GetPrescaler                         0x08007ee1   Thumb Code     6  stm32f10x_tim.o(.text)
    TIM_GetFlagStatus                        0x08007ee7   Thumb Code    18  stm32f10x_tim.o(.text)
    TIM_ClearFlag                            0x08007ef9   Thumb Code     6  stm32f10x_tim.o(.text)
    TIM_GetITStatus                          0x08007eff   Thumb Code    34  stm32f10x_tim.o(.text)
    TIM_ClearITPendingBit                    0x08007f21   Thumb Code     6  stm32f10x_tim.o(.text)
    USART_DeInit                             0x08007f29   Thumb Code   134  stm32f10x_usart.o(.text)
    USART_Init                               0x08007faf   Thumb Code   210  stm32f10x_usart.o(.text)
    USART_StructInit                         0x08008081   Thumb Code    24  stm32f10x_usart.o(.text)
    USART_ClockInit                          0x08008099   Thumb Code    34  stm32f10x_usart.o(.text)
    USART_ClockStructInit                    0x080080bb   Thumb Code    12  stm32f10x_usart.o(.text)
    USART_Cmd                                0x080080c7   Thumb Code    24  stm32f10x_usart.o(.text)
    USART_ITConfig                           0x080080df   Thumb Code    74  stm32f10x_usart.o(.text)
    USART_DMACmd                             0x08008129   Thumb Code    18  stm32f10x_usart.o(.text)
    USART_SetAddress                         0x0800813b   Thumb Code    18  stm32f10x_usart.o(.text)
    USART_WakeUpConfig                       0x0800814d   Thumb Code    18  stm32f10x_usart.o(.text)
    USART_ReceiverWakeUpCmd                  0x0800815f   Thumb Code    24  stm32f10x_usart.o(.text)
    USART_LINBreakDetectLengthConfig         0x08008177   Thumb Code    18  stm32f10x_usart.o(.text)
    USART_LINCmd                             0x08008189   Thumb Code    24  stm32f10x_usart.o(.text)
    USART_SendData                           0x080081a1   Thumb Code     8  stm32f10x_usart.o(.text)
    USART_ReceiveData                        0x080081a9   Thumb Code    10  stm32f10x_usart.o(.text)
    USART_SendBreak                          0x080081b3   Thumb Code    10  stm32f10x_usart.o(.text)
    USART_SetGuardTime                       0x080081bd   Thumb Code    16  stm32f10x_usart.o(.text)
    USART_SetPrescaler                       0x080081cd   Thumb Code    16  stm32f10x_usart.o(.text)
    USART_SmartCardCmd                       0x080081dd   Thumb Code    24  stm32f10x_usart.o(.text)
    USART_SmartCardNACKCmd                   0x080081f5   Thumb Code    24  stm32f10x_usart.o(.text)
    USART_HalfDuplexCmd                      0x0800820d   Thumb Code    24  stm32f10x_usart.o(.text)
    USART_OverSampling8Cmd                   0x08008225   Thumb Code    22  stm32f10x_usart.o(.text)
    USART_OneBitMethodCmd                    0x0800823b   Thumb Code    24  stm32f10x_usart.o(.text)
    USART_IrDAConfig                         0x08008253   Thumb Code    18  stm32f10x_usart.o(.text)
    USART_IrDACmd                            0x08008265   Thumb Code    24  stm32f10x_usart.o(.text)
    USART_GetFlagStatus                      0x0800827d   Thumb Code    26  stm32f10x_usart.o(.text)
    USART_ClearFlag                          0x08008297   Thumb Code    18  stm32f10x_usart.o(.text)
    USART_GetITStatus                        0x080082a9   Thumb Code    84  stm32f10x_usart.o(.text)
    USART_ClearITPendingBit                  0x080082fd   Thumb Code    52  stm32f10x_usart.o(.text)
    Reset_Handler                            0x08008331   Thumb Code     8  startup_stm32f10x_hd.o(.text)
    NMI_Handler                              0x08008339   Thumb Code     2  startup_stm32f10x_hd.o(.text)
    HardFault_Handler                        0x0800833b   Thumb Code     2  startup_stm32f10x_hd.o(.text)
    MemManage_Handler                        0x0800833d   Thumb Code     2  startup_stm32f10x_hd.o(.text)
    BusFault_Handler                         0x0800833f   Thumb Code     2  startup_stm32f10x_hd.o(.text)
    UsageFault_Handler                       0x08008341   Thumb Code     2  startup_stm32f10x_hd.o(.text)
    DebugMon_Handler                         0x08008345   Thumb Code     2  startup_stm32f10x_hd.o(.text)
    ADC1_2_IRQHandler                        0x0800834b   Thumb Code     0  startup_stm32f10x_hd.o(.text)
    ADC3_IRQHandler                          0x0800834b   Thumb Code     0  startup_stm32f10x_hd.o(.text)
    CAN1_RX1_IRQHandler                      0x0800834b   Thumb Code     0  startup_stm32f10x_hd.o(.text)
    CAN1_SCE_IRQHandler                      0x0800834b   Thumb Code     0  startup_stm32f10x_hd.o(.text)
    DMA1_Channel1_IRQHandler                 0x0800834b   Thumb Code     0  startup_stm32f10x_hd.o(.text)
    DMA1_Channel2_IRQHandler                 0x0800834b   Thumb Code     0  startup_stm32f10x_hd.o(.text)
    DMA1_Channel3_IRQHandler                 0x0800834b   Thumb Code     0  startup_stm32f10x_hd.o(.text)
    DMA1_Channel4_IRQHandler                 0x0800834b   Thumb Code     0  startup_stm32f10x_hd.o(.text)
    DMA1_Channel5_IRQHandler                 0x0800834b   Thumb Code     0  startup_stm32f10x_hd.o(.text)
    DMA1_Channel6_IRQHandler                 0x0800834b   Thumb Code     0  startup_stm32f10x_hd.o(.text)
    DMA1_Channel7_IRQHandler                 0x0800834b   Thumb Code     0  startup_stm32f10x_hd.o(.text)
    DMA2_Channel1_IRQHandler                 0x0800834b   Thumb Code     0  startup_stm32f10x_hd.o(.text)
    DMA2_Channel2_IRQHandler                 0x0800834b   Thumb Code     0  startup_stm32f10x_hd.o(.text)
    DMA2_Channel3_IRQHandler                 0x0800834b   Thumb Code     0  startup_stm32f10x_hd.o(.text)
    DMA2_Channel4_5_IRQHandler               0x0800834b   Thumb Code     0  startup_stm32f10x_hd.o(.text)
    EXTI1_IRQHandler                         0x0800834b   Thumb Code     0  startup_stm32f10x_hd.o(.text)
    EXTI2_IRQHandler                         0x0800834b   Thumb Code     0  startup_stm32f10x_hd.o(.text)
    EXTI4_IRQHandler                         0x0800834b   Thumb Code     0  startup_stm32f10x_hd.o(.text)
    FLASH_IRQHandler                         0x0800834b   Thumb Code     0  startup_stm32f10x_hd.o(.text)
    FSMC_IRQHandler                          0x0800834b   Thumb Code     0  startup_stm32f10x_hd.o(.text)
    I2C1_ER_IRQHandler                       0x0800834b   Thumb Code     0  startup_stm32f10x_hd.o(.text)
    I2C1_EV_IRQHandler                       0x0800834b   Thumb Code     0  startup_stm32f10x_hd.o(.text)
    I2C2_ER_IRQHandler                       0x0800834b   Thumb Code     0  startup_stm32f10x_hd.o(.text)
    I2C2_EV_IRQHandler                       0x0800834b   Thumb Code     0  startup_stm32f10x_hd.o(.text)
    PVD_IRQHandler                           0x0800834b   Thumb Code     0  startup_stm32f10x_hd.o(.text)
    RCC_IRQHandler                           0x0800834b   Thumb Code     0  startup_stm32f10x_hd.o(.text)
    RTCAlarm_IRQHandler                      0x0800834b   Thumb Code     0  startup_stm32f10x_hd.o(.text)
    RTC_IRQHandler                           0x0800834b   Thumb Code     0  startup_stm32f10x_hd.o(.text)
    SPI1_IRQHandler                          0x0800834b   Thumb Code     0  startup_stm32f10x_hd.o(.text)
    SPI2_IRQHandler                          0x0800834b   Thumb Code     0  startup_stm32f10x_hd.o(.text)
    SPI3_IRQHandler                          0x0800834b   Thumb Code     0  startup_stm32f10x_hd.o(.text)
    TAMPER_IRQHandler                        0x0800834b   Thumb Code     0  startup_stm32f10x_hd.o(.text)
    TIM1_BRK_IRQHandler                      0x0800834b   Thumb Code     0  startup_stm32f10x_hd.o(.text)
    TIM1_CC_IRQHandler                       0x0800834b   Thumb Code     0  startup_stm32f10x_hd.o(.text)
    TIM1_TRG_COM_IRQHandler                  0x0800834b   Thumb Code     0  startup_stm32f10x_hd.o(.text)
    TIM1_UP_IRQHandler                       0x0800834b   Thumb Code     0  startup_stm32f10x_hd.o(.text)
    TIM2_IRQHandler                          0x0800834b   Thumb Code     0  startup_stm32f10x_hd.o(.text)
    TIM4_IRQHandler                          0x0800834b   Thumb Code     0  startup_stm32f10x_hd.o(.text)
    TIM5_IRQHandler                          0x0800834b   Thumb Code     0  startup_stm32f10x_hd.o(.text)
    TIM6_IRQHandler                          0x0800834b   Thumb Code     0  startup_stm32f10x_hd.o(.text)
    TIM7_IRQHandler                          0x0800834b   Thumb Code     0  startup_stm32f10x_hd.o(.text)
    TIM8_BRK_IRQHandler                      0x0800834b   Thumb Code     0  startup_stm32f10x_hd.o(.text)
    TIM8_CC_IRQHandler                       0x0800834b   Thumb Code     0  startup_stm32f10x_hd.o(.text)
    TIM8_TRG_COM_IRQHandler                  0x0800834b   Thumb Code     0  startup_stm32f10x_hd.o(.text)
    TIM8_UP_IRQHandler                       0x0800834b   Thumb Code     0  startup_stm32f10x_hd.o(.text)
    UART4_IRQHandler                         0x0800834b   Thumb Code     0  startup_stm32f10x_hd.o(.text)
    UART5_IRQHandler                         0x0800834b   Thumb Code     0  startup_stm32f10x_hd.o(.text)
    USART2_IRQHandler                        0x0800834b   Thumb Code     0  startup_stm32f10x_hd.o(.text)
    USART3_IRQHandler                        0x0800834b   Thumb Code     0  startup_stm32f10x_hd.o(.text)
    USBWakeUp_IRQHandler                     0x0800834b   Thumb Code     0  startup_stm32f10x_hd.o(.text)
    USB_HP_CAN1_TX_IRQHandler                0x0800834b   Thumb Code     0  startup_stm32f10x_hd.o(.text)
    USB_LP_CAN1_RX0_IRQHandler               0x0800834b   Thumb Code     0  startup_stm32f10x_hd.o(.text)
    WWDG_IRQHandler                          0x0800834b   Thumb Code     0  startup_stm32f10x_hd.o(.text)
    SystemInit                               0x08008433   Thumb Code    78  system_stm32f10x.o(.text)
    SystemCoreClockUpdate                    0x08008481   Thumb Code   142  system_stm32f10x.o(.text)
    __aeabi_uldivmod                         0x08008535   Thumb Code    98  uldiv.o(.text)
    __aeabi_memcpy                           0x08008597   Thumb Code    36  memcpya.o(.text)
    __aeabi_memcpy4                          0x08008597   Thumb Code     0  memcpya.o(.text)
    __aeabi_memcpy8                          0x08008597   Thumb Code     0  memcpya.o(.text)
    strcmp                                   0x080085bb   Thumb Code    28  strcmp.o(.text)
    __aeabi_llsl                             0x080085d7   Thumb Code    30  llshl.o(.text)
    _ll_shift_l                              0x080085d7   Thumb Code     0  llshl.o(.text)
    __aeabi_llsr                             0x080085f5   Thumb Code    32  llushr.o(.text)
    _ll_ushift_r                             0x080085f5   Thumb Code     0  llushr.o(.text)
    __scatterload                            0x08008615   Thumb Code    28  init.o(.text)
    __scatterload_rt2                        0x08008615   Thumb Code     0  init.o(.text)
    __decompress                             0x08008639   Thumb Code     0  __dczerorl2.o(.text)
    __decompress1                            0x08008639   Thumb Code    86  __dczerorl2.o(.text)
    SVC_Count                                0x08008690   Data           4  svc_table.o(SVC_TABLE)
    SVC_Table                                0x08008694   Data           0  svc_table.o(SVC_TABLE)
    __0sprintf$4                             0x08008695   Thumb Code    34  printf4.o(i.__0sprintf$4)
    __1sprintf$4                             0x08008695   Thumb Code     0  printf4.o(i.__0sprintf$4)
    __2sprintf                               0x08008695   Thumb Code     0  printf4.o(i.__0sprintf$4)
    __scatterload_copy                       0x080086bd   Thumb Code    14  handlers.o(i.__scatterload_copy)
    __scatterload_null                       0x080086cb   Thumb Code     2  handlers.o(i.__scatterload_null)
    __scatterload_zeroinit                   0x080086cd   Thumb Code    14  handlers.o(i.__scatterload_zeroinit)
    _init_box                                0x080086db   Thumb Code    70  rt_membox.o(i._init_box)
    dbg_init                                 0x08008955   Thumb Code    34  hal_cm.o(i.dbg_init)
    dbg_task_notify                          0x08008985   Thumb Code    32  hal_cm.o(i.dbg_task_notify)
    dbg_task_switch                          0x080089a5   Thumb Code    16  hal_cm.o(i.dbg_task_switch)
    isr_mbx_receive                          0x080089e1   Thumb Code    80  rt_mailbox.o(i.isr_mbx_receive)
    isr_mbx_send                             0x08008a31   Thumb Code    14  rt_mailbox.o(i.isr_mbx_send)
    osKernelInitialize                       0x08008a41   Thumb Code    30  rt_cmsis.o(i.osKernelInitialize)
    osKernelStart                            0x08008a65   Thumb Code    98  rt_cmsis.o(i.osKernelStart)
    osMessageGet                             0x08008ad1   Thumb Code    62  rt_cmsis.o(i.osMessageGet)
    osThreadCreate                           0x08008b15   Thumb Code    38  rt_cmsis.o(i.osThreadCreate)
    osThreadExit                             0x08008b45   Thumb Code    14  rt_cmsis.o(i.osThreadExit)
    osTimerCall                              0x08008b5d   Thumb Code     8  rt_cmsis.o(i.osTimerCall)
    osTimerThread                            0x08008b69   Thumb Code    38  rt_cmsis.o(i.osTimerThread)
    os_tick_init                             0x08008b95   Thumb Code    32  rt_system.o(i.os_tick_init)
    os_tick_irqack                           0x08008bbd   Thumb Code     2  rt_system.o(i.os_tick_irqack)
    rt_alloc_box                             0x08008bbf   Thumb Code    26  rt_membox.o(i.rt_alloc_box)
    rt_alloc_mem                             0x08008bd9   Thumb Code    60  rt_memory.o(i.rt_alloc_mem)
    rt_block                                 0x08008c15   Thumb Code    48  rt_task.o(i.rt_block)
    rt_chk_robin                             0x08008c4d   Thumb Code    60  rt_robin.o(i.rt_chk_robin)
    rt_dec_dly                               0x08008c95   Thumb Code   102  rt_list.o(i.rt_dec_dly)
    rt_dispatch                              0x08008d05   Thumb Code    60  rt_task.o(i.rt_dispatch)
    rt_evt_psh                               0x08008d49   Thumb Code    76  rt_event.o(i.rt_evt_psh)
    rt_free_box                              0x08008d99   Thumb Code    32  rt_membox.o(i.rt_free_box)
    rt_free_mem                              0x08008db9   Thumb Code    40  rt_memory.o(i.rt_free_mem)
    rt_get_first                             0x08008de1   Thumb Code    40  rt_list.o(i.rt_get_first)
    rt_init_mem                              0x08008e59   Thumb Code    26  rt_memory.o(i.rt_init_mem)
    rt_init_robin                            0x08008e75   Thumb Code    14  rt_robin.o(i.rt_init_robin)
    rt_init_stack                            0x08008e8d   Thumb Code    70  hal_cm.o(i.rt_init_stack)
    rt_mbx_check                             0x08008edd   Thumb Code     8  rt_mailbox.o(i.rt_mbx_check)
    rt_mbx_init                              0x08008ee5   Thumb Code    28  rt_mailbox.o(i.rt_mbx_init)
    rt_mbx_psh                               0x08008f01   Thumb Code   234  rt_mailbox.o(i.rt_mbx_psh)
    rt_mbx_wait                              0x08008ff1   Thumb Code   172  rt_mailbox.o(i.rt_mbx_wait)
    rt_pop_req                               0x080090dd   Thumb Code   110  rt_system.o(i.rt_pop_req)
    rt_psh_req                               0x08009159   Thumb Code    22  rt_system.o(i.rt_psh_req)
    rt_psq_enq                               0x08009179   Thumb Code    82  rt_list.o(i.rt_psq_enq)
    rt_put_dly                               0x080091d1   Thumb Code    68  rt_list.o(i.rt_put_dly)
    rt_put_prio                              0x08009219   Thumb Code    54  rt_list.o(i.rt_put_prio)
    rt_put_rdy_first                         0x08009251   Thumb Code    14  rt_list.o(i.rt_put_rdy_first)
    rt_resort_prio                           0x08009265   Thumb Code    46  rt_list.o(i.rt_resort_prio)
    rt_ret_val                               0x08009299   Thumb Code     6  hal_cm.o(i.rt_ret_val)
    rt_ret_val2                              0x0800929f   Thumb Code     8  hal_cm.o(i.rt_ret_val2)
    rt_rmv_dly                               0x080092a7   Thumb Code    40  rt_list.o(i.rt_rmv_dly)
    rt_rmv_list                              0x080092d1   Thumb Code    44  rt_list.o(i.rt_rmv_list)
    rt_sem_psh                               0x08009301   Thumb Code    48  rt_semaphore.o(i.rt_sem_psh)
    rt_stk_check                             0x08009335   Thumb Code    28  rt_system.o(i.rt_stk_check)
    rt_switch_req                            0x08009359   Thumb Code    30  rt_task.o(i.rt_switch_req)
    rt_sys_init                              0x08009381   Thumb Code   200  rt_task.o(i.rt_sys_init)
    rt_sys_start                             0x0800948d   Thumb Code    44  rt_task.o(i.rt_sys_start)
    rt_systick                               0x080094c1   Thumb Code    50  rt_system.o(i.rt_systick)
    rt_tsk_create                            0x0800954d   Thumb Code   116  rt_task.o(i.rt_tsk_create)
    rt_tsk_delete                            0x080095d1   Thumb Code   342  rt_task.o(i.rt_tsk_delete)
    rt_tsk_prio                              0x08009745   Thumb Code   108  rt_task.o(i.rt_tsk_prio)
    rt_tsk_self                              0x080097c1   Thumb Code    12  rt_task.o(i.rt_tsk_self)
    svcKernelInitialize                      0x080097d1   Thumb Code    80  rt_cmsis.o(i.svcKernelInitialize)
    svcKernelStart                           0x08009841   Thumb Code    62  rt_cmsis.o(i.svcKernelStart)
    svcMessageCreate                         0x08009889   Thumb Code    36  rt_cmsis.o(i.svcMessageCreate)
    svcMessageGet                            0x080098ad   Thumb Code    58  rt_cmsis.o(i.svcMessageGet)
    svcThreadCreate                          0x080098e9   Thumb Code   100  rt_cmsis.o(i.svcThreadCreate)
    svcThreadGetId                           0x08009959   Thumb Code    22  rt_cmsis.o(i.svcThreadGetId)
    svcThreadTerminate                       0x08009975   Thumb Code    50  rt_cmsis.o(i.svcThreadTerminate)
    svcTimerCall                             0x080099ad   Thumb Code    24  rt_cmsis.o(i.svcTimerCall)
    sysTimerTick                             0x080099c5   Thumb Code    76  rt_cmsis.o(i.sysTimerTick)
    GPIO_PIN                                 0x08009a18   Data           8  stm3210e_eval.o(.constdata)
    GPIO_CLK                                 0x08009a20   Data          16  stm3210e_eval.o(.constdata)
    BUTTON_PIN                               0x08009a30   Data          16  stm3210e_eval.o(.constdata)
    BUTTON_CLK                               0x08009a40   Data          32  stm3210e_eval.o(.constdata)
    BUTTON_EXTI_LINE                         0x08009a60   Data          16  stm3210e_eval.o(.constdata)
    BUTTON_PORT_SOURCE                       0x08009a70   Data          16  stm3210e_eval.o(.constdata)
    BUTTON_PIN_SOURCE                        0x08009a80   Data          16  stm3210e_eval.o(.constdata)
    BUTTON_IRQn                              0x08009a90   Data          16  stm3210e_eval.o(.constdata)
    COM_USART_CLK                            0x08009aa0   Data           8  stm3210e_eval.o(.constdata)
    COM_TX_PORT_CLK                          0x08009aa8   Data           8  stm3210e_eval.o(.constdata)
    COM_RX_PORT_CLK                          0x08009ab0   Data           8  stm3210e_eval.o(.constdata)
    COM_TX_PIN                               0x08009ab8   Data           4  stm3210e_eval.o(.constdata)
    COM_RX_PIN                               0x08009abc   Data           4  stm3210e_eval.o(.constdata)
    os_maxtaskrun                            0x08034798   Data           2  rtx_conf_cm.o(.constdata)
    os_stackinfo                             0x0803479c   Data           4  rtx_conf_cm.o(.constdata)
    os_rrobin                                0x080347a0   Data           4  rtx_conf_cm.o(.constdata)
    os_tickfreq                              0x080347a4   Data           4  rtx_conf_cm.o(.constdata)
    os_tickus_i                              0x080347a8   Data           2  rtx_conf_cm.o(.constdata)
    os_tickus_f                              0x080347aa   Data           2  rtx_conf_cm.o(.constdata)
    os_trv                                   0x080347ac   Data           4  rtx_conf_cm.o(.constdata)
    os_flags                                 0x080347b0   Data           1  rtx_conf_cm.o(.constdata)
    CMSIS_RTOS_API_Version                   0x080347b4   Data           4  rtx_conf_cm.o(.constdata)
    CMSIS_RTOS_RTX_Version                   0x080347b8   Data           4  rtx_conf_cm.o(.constdata)
    os_clockrate                             0x080347bc   Data           4  rtx_conf_cm.o(.constdata)
    os_timernum                              0x080347c0   Data           4  rtx_conf_cm.o(.constdata)
    mp_tcb_size                              0x080347c4   Data           2  rtx_conf_cm.o(.constdata)
    mp_stk_size                              0x080347c8   Data           4  rtx_conf_cm.o(.constdata)
    os_stack_sz                              0x080347cc   Data           4  rtx_conf_cm.o(.constdata)
    os_fifo_size                             0x080347d0   Data           1  rtx_conf_cm.o(.constdata)
    os_thread_def_osTimerThread              0x080347d4   Data          16  rtx_conf_cm.o(.constdata)
    os_messageQ_def_osTimerMessageQ          0x080347e4   Data           8  rtx_conf_cm.o(.constdata)
    mp_tmr_size                              0x080347ec   Data           2  rtx_conf_cm.o(.constdata)
    Region$$Table$$Base                      0x080347f0   Number         0  anon$$obj.o(Region$$Table)
    Region$$Table$$Limit                     0x08034810   Number         0  anon$$obj.o(Region$$Table)
    PlayIRQBuffer                            0x20000000   Data           4  main.o(.data)
    volume                                   0x20000004   Data           4  main.o(.data)
    Chose                                    0x20000008   Data           4  main.o(.data)
    Number                                   0x2000000c   Data           4  main.o(.data)
    Apath                                    0x20000010   Data           4  main.o(.data)
    Name                                     0x20000014   Data           4  main.o(.data)
    EraseStatus                              0x20000018   Data           1  sd.o(.data)
    TransferStatus1                          0x20000019   Data           1  sd.o(.data)
    TransferStatus2                          0x2000001a   Data           1  sd.o(.data)
    Status                                   0x2000001b   Data           1  sd.o(.data)
    SDCardOperation                          0x2000001c   Data           4  sd.o(.data)
    res                                      0x20000020   Data           4  wavsd.o(.data)
    br                                       0x20000024   Data           4  wavsd.o(.data)
    Buff                                     0x20000028   Data           4  wavsd.o(.data)
    DataAddress                              0x2000002c   Data           4  wavsd.o(.data)
    address                                  0x20000030   Data           4  wavsd.o(.data)
    DACdone                                  0x20000034   Data           4  wavsd.o(.data)
    PlayOrWait                               0x20000038   Data           4  wavsd.o(.data)
    path                                     0x2000003c   Data          32  fatfs.o(.data)
    VolumeSub                                0x2000005c   Data           4  irqserver.o(.data)
    VolumeAdd                                0x20000060   Data           4  irqserver.o(.data)
    NextMusic                                0x20000064   Data           4  irqserver.o(.data)
    LastMusic                                0x20000068   Data           4  irqserver.o(.data)
    PlayWait                                 0x2000006c   Data           4  irqserver.o(.data)
    StopKey                                  0x20000070   Data           4  irqserver.o(.data)
    GPIO_PORT                                0x20000074   Data          16  stm3210e_eval.o(.data)
    BUTTON_PORT                              0x20000084   Data          32  stm3210e_eval.o(.data)
    COM_USART                                0x200000a4   Data           8  stm3210e_eval.o(.data)
    COM_TX_PORT                              0x200000ac   Data           8  stm3210e_eval.o(.data)
    COM_RX_PORT                              0x200000b4   Data           8  stm3210e_eval.o(.data)
    StopCondition                            0x200000c4   Data           4  stm3210e_eval_sdio_sd.o(.data)
    TransferError                            0x200000c8   Data           1  stm3210e_eval_sdio_sd.o(.data)
    TransferEnd                              0x200000cc   Data           4  stm3210e_eval_sdio_sd.o(.data)
    DMAEndOfTransfer                         0x200000d0   Data           4  stm3210e_eval_sdio_sd.o(.data)
    osThreadId_osTimerThread                 0x200000dc   Data           4  rtx_conf_cm.o(.data)
    osMessageQId_osTimerMessageQ             0x200000e0   Data           4  rtx_conf_cm.o(.data)
    os_tmr                                   0x200000e4   Data           4  rtx_conf_cm.o(.data)
    m_tmr                                    0x200000e8   Data           4  rtx_conf_cm.o(.data)
    os_thread_def_main                       0x200000ec   Data          16  rtx_conf_cm.o(.data)
    SystemCoreClock                          0x20000110   Data           4  system_stm32f10x.o(.data)
    AHBPrescTable                            0x20000114   Data          16  system_stm32f10x.o(.data)
    os_initialized                           0x20000124   Data           1  rt_cmsis.o(.data)
    os_running                               0x20000125   Data           1  rt_cmsis.o(.data)
    os_timer_head                            0x20000128   Data           4  rt_cmsis.o(.data)
    os_tsk                                   0x2000012c   Data           8  rt_task.o(.data)
    os_tick_irqn                             0x20000138   Data           4  rt_system.o(.data)
    os_time                                  0x2000013c   Data           4  rt_time.o(.data)
    dbg_msg                                  0x20000140   Data           1  hal_cm.o(.data)
    os_robin                                 0x20000144   Data           8  rt_robin.o(.data)
    fs                                       0x2000014c   Data         560  main.o(.bss)
    Buffer_Block_Tx                          0x2000037c   Data         512  sd.o(.bss)
    Buffer_Block_Rx                          0x2000057c   Data         512  sd.o(.bss)
    Buffer_MultiBlock_Tx                     0x2000077c   Data       16384  sd.o(.bss)
    Buffer_MultiBlock_Rx                     0x2000477c   Data       16384  sd.o(.bss)
    fdst                                     0x2000877c   Data         548  wavsd.o(.bss)
    header                                   0x200089a0   Data          44  wavsd.o(.bss)
    Buff_1                                   0x200089cc   Data        7176  wavsd.o(.bss)
    Buff_2                                   0x2000a5d4   Data        7176  wavsd.o(.bss)
    Nowwavheader                             0x2000c1dc   Data          72  wavsd.o(.bss)
    finfo                                    0x2000c224   Data          32  fatfs.o(.bss)
    dirs                                     0x2000c244   Data          36  fatfs.o(.bss)
    SDCardInfo                               0x2000c298   Data          88  stm3210e_eval_sdio_sd.o(.bss)
    SDIO_InitStructure                       0x2000c2f0   Data          24  stm3210e_eval_sdio_sd.o(.bss)
    SDIO_CmdInitStructure                    0x2000c308   Data          20  stm3210e_eval_sdio_sd.o(.bss)
    SDIO_DataInitStructure                   0x2000c31c   Data          24  stm3210e_eval_sdio_sd.o(.bss)
    mp_tcb                                   0x2000c438   Data         376  rtx_conf_cm.o(.bss)
    mp_stk                                   0x2000c5b0   Data        1216  rtx_conf_cm.o(.bss)
    os_stack_mem                             0x2000ca70   Data         432  rtx_conf_cm.o(.bss)
    os_fifo                                  0x2000cc20   Data         132  rtx_conf_cm.o(.bss)
    os_active_TCB                            0x2000cca4   Data          28  rtx_conf_cm.o(.bss)
    os_messageQ_q_osTimerMessageQ            0x2000ccc0   Data          32  rtx_conf_cm.o(.bss)
    os_idle_TCB                              0x2000cce0   Data          52  rt_task.o(.bss)
    os_rdy                                   0x2000cd14   Data          24  rt_list.o(.bss)
    os_dly                                   0x2000cd2c   Data          24  rt_list.o(.bss)
    __initial_sp                             0x2000d148   Data           0  startup_stm32f10x_hd.o(STACK)



==============================================================================

Memory Map of the image

  Image Entry point : 0x08000131

  Load Region LR_IROM1 (Base: 0x08000000, Size: 0x0003495c, Max: 0x00080000, ABSOLUTE, COMPRESSED[0x00034860])

    Execution Region ER_IROM1 (Base: 0x08000000, Size: 0x00034810, Max: 0x00080000, ABSOLUTE)

    Base Addr    Size         Type   Attr      Idx    E Section Name        Object

    0x08000000   0x00000130   Data   RO          727    RESET               startup_stm32f10x_hd.o
    0x08000130   0x00000000   Code   RO         1941  * .ARM.Collect$$$$00000000  mc_w.l(entry.o)
    0x08000130   0x00000004   Code   RO         2213    .ARM.Collect$$$$00000001  mc_w.l(entry2.o)
    0x08000134   0x00000004   Code   RO         2216    .ARM.Collect$$$$00000004  mc_w.l(entry5.o)
    0x08000138   0x00000000   Code   RO         2218    .ARM.Collect$$$$00000008  mc_w.l(entry7b.o)
    0x08000138   0x00000000   Code   RO         2220    .ARM.Collect$$$$0000000A  mc_w.l(entry8b.o)
    0x08000138   0x00000000   Code   RO         2221    .ARM.Collect$$$$0000000D  mc_w.l(entry10a.o)
    0x08000138   0x00000000   Code   RO         2223    .ARM.Collect$$$$0000000F  mc_w.l(entry11a.o)
    0x08000138   0x00000018   Code   RO          451    .ARM.Collect$$$$000000FF  rtx_conf_cm.o
    0x08000150   0x00000004   Code   RO         2214    .ARM.Collect$$$$00002712  mc_w.l(entry2.o)
    0x08000154   0x00000130   Code   RO         1928    .emb_text           RTX_CM3.lib(hal_cm3.o)
    0x08000284   0x00000204   Code   RO            3    .text               main.o
    0x08000488   0x000000ec   Code   RO          120    .text               usart1.o
    0x08000574   0x000000a8   Code   RO          140    .text               dac.o
    0x0800061c   0x000003e0   Code   RO          184    .text               sd.o
    0x080009fc   0x00000b00   Code   RO          217    .text               wavsd.o
    0x080014fc   0x00000190   Code   RO          245    .text               fatfs.o
    0x0800168c   0x00000250   Code   RO          269    .text               key.o
    0x080018dc   0x00000278   Code   RO          289    .text               irqserver.o
    0x08001b54   0x00000498   Code   RO          313    .text               stm3210e_eval.o
    0x08001fec   0x000018f4   Code   RO          343    .text               stm3210e_eval_sdio_sd.o
    0x080038e0   0x00002408   Code   RO          371    .text               ff.o
    0x08005ce8   0x00000198   Code   RO          401    .text               diskio.o
    0x08005e80   0x000000b4   Code   RO          437    .text               cc936.o
    0x08005f34   0x0000001e   Code   RO          452    .text               rtx_conf_cm.o
    0x08005f52   0x00000002   PAD
    0x08005f54   0x000000dc   Code   RO          485    .text               misc.o
    0x08006030   0x0000018c   Code   RO          525    .text               stm32f10x_dac.o
    0x080061bc   0x00000254   Code   RO          545    .text               stm32f10x_dma.o
    0x08006410   0x0000011c   Code   RO          565    .text               stm32f10x_exti.o
    0x0800652c   0x0000035c   Code   RO          605    .text               stm32f10x_gpio.o
    0x08006888   0x000003a4   Code   RO          625    .text               stm32f10x_rcc.o
    0x08006c2c   0x000001d4   Code   RO          647    .text               stm32f10x_sdio.o
    0x08006e00   0x0000030c   Code   RO          667    .text               stm32f10x_spi.o
    0x0800710c   0x00000e1a   Code   RO          687    .text               stm32f10x_tim.o
    0x08007f26   0x00000002   PAD
    0x08007f28   0x00000408   Code   RO          707    .text               stm32f10x_usart.o
    0x08008330   0x00000024   Code   RO          728    .text               startup_stm32f10x_hd.o
    0x08008354   0x000001e0   Code   RO          734    .text               system_stm32f10x.o
    0x08008534   0x00000062   Code   RO         1944    .text               mc_w.l(uldiv.o)
    0x08008596   0x00000024   Code   RO         1946    .text               mc_w.l(memcpya.o)
    0x080085ba   0x0000001c   Code   RO         1948    .text               mc_w.l(strcmp.o)
    0x080085d6   0x0000001e   Code   RO         2230    .text               mc_w.l(llshl.o)
    0x080085f4   0x00000020   Code   RO         2232    .text               mc_w.l(llushr.o)
    0x08008614   0x00000024   Code   RO         2245    .text               mc_w.l(init.o)
    0x08008638   0x00000056   Code   RO         2261    .text               mc_w.l(__dczerorl2.o)
    0x0800868e   0x00000002   PAD
    0x08008690   0x00000004   Code   RO         1938    SVC_TABLE           RTX_CM3.lib(svc_table.o)
    0x08008694   0x00000028   Code   RO         2065    i.__0sprintf$4      mc_w.l(printf4.o)
    0x080086bc   0x0000000e   Code   RO         2255    i.__scatterload_copy  mc_w.l(handlers.o)
    0x080086ca   0x00000002   Code   RO         2256    i.__scatterload_null  mc_w.l(handlers.o)
    0x080086cc   0x0000000e   Code   RO         2257    i.__scatterload_zeroinit  mc_w.l(handlers.o)
    0x080086da   0x00000046   Code   RO         1806    i._init_box         RTX_CM3.lib(rt_membox.o)
    0x08008720   0x00000228   Code   RO         2070    i._printf_core      mc_w.l(printf4.o)
    0x08008948   0x0000000a   Code   RO         2072    i._sputc            mc_w.l(printf4.o)
    0x08008952   0x00000002   PAD
    0x08008954   0x00000030   Code   RO         1859    i.dbg_init          RTX_CM3.lib(hal_cm.o)
    0x08008984   0x00000020   Code   RO         1860    i.dbg_task_notify   RTX_CM3.lib(hal_cm.o)
    0x080089a4   0x00000010   Code   RO         1861    i.dbg_task_switch   RTX_CM3.lib(hal_cm.o)
    0x080089b4   0x0000002c   Code   RO          760    i.isrMessagePut     RTX_CM3.lib(rt_cmsis.o)
    0x080089e0   0x00000050   Code   RO         1652    i.isr_mbx_receive   RTX_CM3.lib(rt_mailbox.o)
    0x08008a30   0x0000000e   Code   RO         1653    i.isr_mbx_send      RTX_CM3.lib(rt_mailbox.o)
    0x08008a3e   0x00000002   PAD
    0x08008a40   0x00000024   Code   RO          762    i.osKernelInitialize  RTX_CM3.lib(rt_cmsis.o)
    0x08008a64   0x0000006c   Code   RO          764    i.osKernelStart     RTX_CM3.lib(rt_cmsis.o)
    0x08008ad0   0x00000044   Code   RO          773    i.osMessageGet      RTX_CM3.lib(rt_cmsis.o)
    0x08008b14   0x00000030   Code   RO          790    i.osThreadCreate    RTX_CM3.lib(rt_cmsis.o)
    0x08008b44   0x00000018   Code   RO          791    i.osThreadExit      RTX_CM3.lib(rt_cmsis.o)
    0x08008b5c   0x0000000c   Code   RO          797    i.osTimerCall       RTX_CM3.lib(rt_cmsis.o)
    0x08008b68   0x0000002c   Code   RO          802    i.osTimerThread     RTX_CM3.lib(rt_cmsis.o)
    0x08008b94   0x00000028   Code   RO         1444    i.os_tick_init      RTX_CM3.lib(rt_system.o)
    0x08008bbc   0x00000002   Code   RO         1445    i.os_tick_irqack    RTX_CM3.lib(rt_system.o)
    0x08008bbe   0x0000001a   Code   RO         1807    i.rt_alloc_box      RTX_CM3.lib(rt_membox.o)
    0x08008bd8   0x0000003c   Code   RO         1835    i.rt_alloc_mem      RTX_CM3.lib(rt_memory.o)
    0x08008c14   0x00000038   Code   RO         1359    i.rt_block          RTX_CM3.lib(rt_task.o)
    0x08008c4c   0x00000048   Code   RO         1907    i.rt_chk_robin      RTX_CM3.lib(rt_robin.o)
    0x08008c94   0x00000070   Code   RO         1576    i.rt_dec_dly        RTX_CM3.lib(rt_list.o)
    0x08008d04   0x00000044   Code   RO         1360    i.rt_dispatch       RTX_CM3.lib(rt_task.o)
    0x08008d48   0x00000050   Code   RO         1537    i.rt_evt_psh        RTX_CM3.lib(rt_event.o)
    0x08008d98   0x00000020   Code   RO         1808    i.rt_free_box       RTX_CM3.lib(rt_membox.o)
    0x08008db8   0x00000028   Code   RO         1836    i.rt_free_mem       RTX_CM3.lib(rt_memory.o)
    0x08008de0   0x00000028   Code   RO         1577    i.rt_get_first      RTX_CM3.lib(rt_list.o)
    0x08008e08   0x00000008   Code   RO          807    i.rt_id2obj         RTX_CM3.lib(rt_cmsis.o)
    0x08008e10   0x00000048   Code   RO         1361    i.rt_init_context   RTX_CM3.lib(rt_task.o)
    0x08008e58   0x0000001a   Code   RO         1837    i.rt_init_mem       RTX_CM3.lib(rt_memory.o)
    0x08008e72   0x00000002   PAD
    0x08008e74   0x00000018   Code   RO         1908    i.rt_init_robin     RTX_CM3.lib(rt_robin.o)
    0x08008e8c   0x00000050   Code   RO         1862    i.rt_init_stack     RTX_CM3.lib(hal_cm.o)
    0x08008edc   0x00000008   Code   RO         1654    i.rt_mbx_check      RTX_CM3.lib(rt_mailbox.o)
    0x08008ee4   0x0000001c   Code   RO         1655    i.rt_mbx_init       RTX_CM3.lib(rt_mailbox.o)
    0x08008f00   0x000000f0   Code   RO         1656    i.rt_mbx_psh        RTX_CM3.lib(rt_mailbox.o)
    0x08008ff0   0x000000b0   Code   RO         1658    i.rt_mbx_wait       RTX_CM3.lib(rt_mailbox.o)
    0x080090a0   0x0000003c   Code   RO          808    i.rt_ms2tick        RTX_CM3.lib(rt_cmsis.o)
    0x080090dc   0x0000007c   Code   RO         1448    i.rt_pop_req        RTX_CM3.lib(rt_system.o)
    0x08009158   0x00000020   Code   RO         1449    i.rt_psh_req        RTX_CM3.lib(rt_system.o)
    0x08009178   0x00000058   Code   RO         1579    i.rt_psq_enq        RTX_CM3.lib(rt_list.o)
    0x080091d0   0x00000048   Code   RO         1580    i.rt_put_dly        RTX_CM3.lib(rt_list.o)
    0x08009218   0x00000036   Code   RO         1581    i.rt_put_prio       RTX_CM3.lib(rt_list.o)
    0x0800924e   0x00000002   PAD
    0x08009250   0x00000014   Code   RO         1582    i.rt_put_rdy_first  RTX_CM3.lib(rt_list.o)
    0x08009264   0x00000034   Code   RO         1583    i.rt_resort_prio    RTX_CM3.lib(rt_list.o)
    0x08009298   0x00000006   Code   RO         1863    i.rt_ret_val        RTX_CM3.lib(hal_cm.o)
    0x0800929e   0x00000008   Code   RO         1864    i.rt_ret_val2       RTX_CM3.lib(hal_cm.o)
    0x080092a6   0x00000028   Code   RO         1584    i.rt_rmv_dly        RTX_CM3.lib(rt_list.o)
    0x080092ce   0x00000002   PAD
    0x080092d0   0x00000030   Code   RO         1585    i.rt_rmv_list       RTX_CM3.lib(rt_list.o)
    0x08009300   0x00000034   Code   RO         1703    i.rt_sem_psh        RTX_CM3.lib(rt_semaphore.o)
    0x08009334   0x00000024   Code   RO         1451    i.rt_stk_check      RTX_CM3.lib(rt_system.o)
    0x08009358   0x00000028   Code   RO         1362    i.rt_switch_req     RTX_CM3.lib(rt_task.o)
    0x08009380   0x0000010c   Code   RO         1363    i.rt_sys_init       RTX_CM3.lib(rt_task.o)
    0x0800948c   0x00000034   Code   RO         1364    i.rt_sys_start      RTX_CM3.lib(rt_task.o)
    0x080094c0   0x00000040   Code   RO         1453    i.rt_systick        RTX_CM3.lib(rt_system.o)
    0x08009500   0x00000012   Code   RO          809    i.rt_tid2ptcb       RTX_CM3.lib(rt_cmsis.o)
    0x08009512   0x00000002   PAD
    0x08009514   0x00000038   Code   RO          810    i.rt_timer_insert   RTX_CM3.lib(rt_cmsis.o)
    0x0800954c   0x00000084   Code   RO         1365    i.rt_tsk_create     RTX_CM3.lib(rt_task.o)
    0x080095d0   0x00000174   Code   RO         1366    i.rt_tsk_delete     RTX_CM3.lib(rt_task.o)
    0x08009744   0x0000007c   Code   RO         1368    i.rt_tsk_prio       RTX_CM3.lib(rt_task.o)
    0x080097c0   0x00000010   Code   RO         1369    i.rt_tsk_self       RTX_CM3.lib(rt_task.o)
    0x080097d0   0x00000070   Code   RO          813    i.svcKernelInitialize  RTX_CM3.lib(rt_cmsis.o)
    0x08009840   0x00000048   Code   RO          815    i.svcKernelStart    RTX_CM3.lib(rt_cmsis.o)
    0x08009888   0x00000024   Code   RO          818    i.svcMessageCreate  RTX_CM3.lib(rt_cmsis.o)
    0x080098ac   0x0000003a   Code   RO          819    i.svcMessageGet     RTX_CM3.lib(rt_cmsis.o)
    0x080098e6   0x00000002   PAD
    0x080098e8   0x00000070   Code   RO          833    i.svcThreadCreate   RTX_CM3.lib(rt_cmsis.o)
    0x08009958   0x0000001c   Code   RO          834    i.svcThreadGetId    RTX_CM3.lib(rt_cmsis.o)
    0x08009974   0x00000038   Code   RO          837    i.svcThreadTerminate  RTX_CM3.lib(rt_cmsis.o)
    0x080099ac   0x00000018   Code   RO          839    i.svcTimerCall      RTX_CM3.lib(rt_cmsis.o)
    0x080099c4   0x00000054   Code   RO          848    i.sysTimerTick      RTX_CM3.lib(rt_cmsis.o)
    0x08009a18   0x000000a8   Data   RO          314    .constdata          stm3210e_eval.o
    0x08009ac0   0x0000000d   Data   RO          373    .constdata          ff.o
    0x08009acd   0x00000001   PAD
    0x08009ace   0x0002acc8   Data   RO          438    .constdata          cc936.o
    0x08034796   0x00000002   PAD
    0x08034798   0x00000056   Data   RO          454    .constdata          rtx_conf_cm.o
    0x080347ee   0x00000002   PAD
    0x080347f0   0x00000020   Data   RO         2253    Region$$Table       anon$$obj.o


    Execution Region RW_IRAM1 (Base: 0x20000000, Size: 0x0000d148, Max: 0x00010000, ABSOLUTE, COMPRESSED[0x00000050])

    Base Addr    Size         Type   Attr      Idx    E Section Name        Object

    0x20000000   0x00000018   Data   RW            5    .data               main.o
    0x20000018   0x00000008   Data   RW          186    .data               sd.o
    0x20000020   0x0000001c   Data   RW          219    .data               wavsd.o
    0x2000003c   0x00000020   Data   RW          247    .data               fatfs.o
    0x2000005c   0x00000018   Data   RW          290    .data               irqserver.o
    0x20000074   0x00000048   Data   RW          315    .data               stm3210e_eval.o
    0x200000bc   0x00000018   Data   RW          345    .data               stm3210e_eval_sdio_sd.o
    0x200000d4   0x00000006   Data   RW          374    .data               ff.o
    0x200000da   0x00000002   PAD
    0x200000dc   0x00000020   Data   RW          455    .data               rtx_conf_cm.o
    0x200000fc   0x00000014   Data   RW          626    .data               stm32f10x_rcc.o
    0x20000110   0x00000014   Data   RW          735    .data               system_stm32f10x.o
    0x20000124   0x00000008   Data   RW          851    .data               RTX_CM3.lib(rt_cmsis.o)
    0x2000012c   0x00000008   Data   RW         1371    .data               RTX_CM3.lib(rt_task.o)
    0x20000134   0x00000008   Data   RW         1456    .data               RTX_CM3.lib(rt_system.o)
    0x2000013c   0x00000004   Data   RW         1746    .data               RTX_CM3.lib(rt_time.o)
    0x20000140   0x00000001   Data   RW         1865    .data               RTX_CM3.lib(hal_cm.o)
    0x20000141   0x00000003   PAD
    0x20000144   0x00000008   Data   RW         1909    .data               RTX_CM3.lib(rt_robin.o)
    0x2000014c   0x00000230   Zero   RW            4    .bss                main.o
    0x2000037c   0x00008400   Zero   RW          185    .bss                sd.o
    0x2000877c   0x00003aa8   Zero   RW          218    .bss                wavsd.o
    0x2000c224   0x00000044   Zero   RW          246    .bss                fatfs.o
    0x2000c268   0x000000cc   Zero   RW          344    .bss                stm3210e_eval_sdio_sd.o
    0x2000c334   0x00000102   Zero   RW          372    .bss                ff.o
    0x2000c436   0x00000002   PAD
    0x2000c438   0x000008a8   Zero   RW          453    .bss                rtx_conf_cm.o
    0x2000cce0   0x00000034   Zero   RW         1370    .bss                RTX_CM3.lib(rt_task.o)
    0x2000cd14   0x00000030   Zero   RW         1586    .bss                RTX_CM3.lib(rt_list.o)
    0x2000cd44   0x00000004   PAD
    0x2000cd48   0x00000400   Zero   RW          725    STACK               startup_stm32f10x_hd.o


==============================================================================

Image component sizes


      Code (inc. data)   RO Data    RW Data    ZI Data      Debug   Object Name

       180         18     175304          0          0       1761   cc936.o
       168         10          0          0          0        757   dac.o
       408         60          0          0          0       3850   diskio.o
       400         94          0         32         68       1710   fatfs.o
      9224         64         13          6        258      28356   ff.o
       632        194          0         24          0       1828   irqserver.o
       592         14          0          0          0       1755   key.o
       516        128          0         24        560     293927   main.o
       220         22          0          0          0       2053   misc.o
        54          6         86         32       2216       7494   rtx_conf_cm.o
       992        290          0          8      33792       9193   sd.o
        36          8        304          0       1024        832   startup_stm32f10x_hd.o
      1176        120        168         72          0      11361   stm3210e_eval.o
      6388        348          0         24        204      23350   stm3210e_eval_sdio_sd.o
       396          6          0          0          0       3906   stm32f10x_dac.o
       596          8          0          0          0       4582   stm32f10x_dma.o
       284         10          0          0          0       2483   stm32f10x_exti.o
       860         38          0          0          0       5893   stm32f10x_gpio.o
       932         36          0         20          0       9076   stm32f10x_rcc.o
       468         22          0          0          0       7336   stm32f10x_sdio.o
       780         14          0          0          0       6778   stm32f10x_spi.o
      3610         88          0          0          0      22380   stm32f10x_tim.o
      1032         22          0          0          0       8624   stm32f10x_usart.o
       480         38          0         20          0       2067   system_stm32f10x.o
       236          8          0          0          0       1341   usart1.o
      2816        620          0         28      15016       5903   wavsd.o

    ----------------------------------------------------------------------
     33480       2286     175912        292      53140     468596   Object Totals
         0          0         32          0          0          0   (incl. Generated)
         4          0          5          2          2          0   (incl. Padding)

    ----------------------------------------------------------------------

      Code (inc. data)   RO Data    RW Data    ZI Data      Debug   Library Member Name

       190         24          0          1          0       2480   hal_cm.o
       304         36          0          0          0        692   hal_cm3.o
      1108        142          0          8          0      26374   rt_cmsis.o
        80          4          0          0          0        505   rt_event.o
       526         36          0          0         48       6637   rt_list.o
       546         10          0          0          0       2997   rt_mailbox.o
       128          0          0          0          0       1477   rt_membox.o
       126          0          0          0          0       1791   rt_memory.o
        96         22          0          8          0        954   rt_robin.o
        52          4          0          0          0        449   rt_semaphore.o
       298         54          0          8          0       5379   rt_system.o
      1200        174          0          8         52       7929   rt_task.o
         0          0          0          4          0        150   rt_time.o
         4          4          0          0          0        132   svc_table.o
        86          0          0          0          0          0   __dczerorl2.o
         0          0          0          0          0          0   entry.o
         0          0          0          0          0          0   entry10a.o
         0          0          0          0          0          0   entry11a.o
         8          4          0          0          0          0   entry2.o
         4          0          0          0          0          0   entry5.o
         0          0          0          0          0          0   entry7b.o
         0          0          0          0          0          0   entry8b.o
        30          0          0          0          0          0   handlers.o
        36          8          0          0          0         68   init.o
        30          0          0          0          0         68   llshl.o
        32          0          0          0          0         68   llushr.o
        36          0          0          0          0         68   memcpya.o
       602         10          0          0          0        252   printf4.o
        28          0          0          0          0         76   strcmp.o
        98          0          0          0          0         92   uldiv.o

    ----------------------------------------------------------------------
      5664        532          0         40        104      58638   Library Totals
        16          0          0          3          4          0   (incl. Padding)

    ----------------------------------------------------------------------

      Code (inc. data)   RO Data    RW Data    ZI Data      Debug   Library Name

      4658        510          0         37        100      57946   RTX_CM3.lib
       990         22          0          0          0        692   mc_w.l

    ----------------------------------------------------------------------
      5664        532          0         40        104      58638   Library Totals

    ----------------------------------------------------------------------

==============================================================================


      Code (inc. data)   RO Data    RW Data    ZI Data      Debug   

     39144       2818     175912        332      53244     521174   Grand Totals
     39144       2818     175912         80      53244     521174   ELF Image Totals (compressed)
     39144       2818     175912         80          0          0   ROM Totals

==============================================================================

    Total RO  Size (Code + RO Data)               215056 ( 210.02kB)
    Total RW  Size (RW Data + ZI Data)             53576 (  52.32kB)
    Total ROM Size (Code + RO Data + RW Data)     215136 ( 210.09kB)

==============================================================================

